
> endurorevamp@0.1.0 test
> jest

npm : PASS __tests__/database/schema-extractor.test.ts
At line:1 char:1
+ npm test > test-results.txt 2>&1
+ ~~~~~~~~~~~~~~~~~~~~~~~~~~~~~~~~
    + CategoryInfo          : NotSpecified: (PASS __tests__/...tractor.test.ts:String) [], RemoteException
    + FullyQualifiedErrorId : NativeCommandError
 
  ΓùÅ Console

    console.log
      ΓÜá∩╕Å  No real database credentials - skipping schema extraction

      at Object.log (__tests__/database/schema-extractor.test.ts:10:15)

    console.log
      Skipping - no database connection

      at Object.log (__tests__/database/schema-extractor.test.ts:22:15)

FAIL __tests__/lib/strava/sync-activities-upsert.test.ts
  ΓùÅ Console

    console.log
      ≡ƒöì Raw activity data from Strava: {
        id: 12345,
        name: 'Test Run',
        sport_type: 'Run',
        distance: 5000,
        moving_time: 1800,
        elapsed_time: 1900,
        start_date: '2023-01-01T10:00:00Z',
        start_date_local: '2023-01-01T10:00:00Z',
        timezone: 'UTC',
        total_elevation_gain: 100,
        average_speed: 2.78,
        max_speed: 4.17,
        trainer: false,
        commute: false,
        manual: false,
        achievement_count: 0,
        kudos_count: 0,
        comment_count: 0,
        has_heartrate: false
      }

      at log (lib/strava/sync-activities.ts:114:13)

    console.log
      ≡ƒº╣ Cleaned activity (removed pace fields): {
        id: 12345,
        name: 'Test Run',
        sport_type: 'Run',
        distance: 5000,
        moving_time: 1800,
        elapsed_time: 1900,
        start_date: '2023-01-01T10:00:00Z',
        start_date_local: '2023-01-01T10:00:00Z',
        timezone: 'UTC',
        total_elevation_gain: 100,
        average_speed: 2.78,
        max_speed: 4.17,
        trainer: false,
        commute: false,
        manual: false,
        achievement_count: 0,
        kudos_count: 0,
        comment_count: 0,
        has_heartrate: false
      }

      at log (lib/strava/sync-activities.ts:136:13)

    console.log
      ≡ƒöì Processed activity data for database: {
        user_id: 'test-user-id',
        strava_activity_id: 12345,
        name: 'Test Run',
        sport_type: 'Run',
        start_date: '2023-01-01T10:00:00Z',
        start_date_local: '2023-01-01T10:00:00Z',
        timezone: 'UTC',
        distance: 5000,
        moving_time: 1800,
        elapsed_time: 1900,
        total_elevation_gain: 100,
        average_speed: 2.78,
        max_speed: 4.17,
        average_heartrate: null,
        max_heartrate: null,
        has_heartrate: false,
        average_watts: null,
        max_watts: null,
        weighted_average_watts: null,
        kilojoules: null,
        has_power: false,
        trainer: false,
        commute: false,
        manual: false,
        achievement_count: 0,
        kudos_count: 0,
        comment_count: 0,
        week_number: 1,
        month_number: 1,
        year_number: 2023,
        day_of_week: 0,
        average_pace: 360,
        elevation_per_km: 20,
        efficiency_score: 2.78
      }

      at log (lib/strava/sync-activities.ts:176:13)

    console.log
      ≡ƒöÆ Final safe activity data for database: {
        user_id: 'test-user-id',
        strava_activity_id: 12345,
        name: 'Test Run',
        sport_type: 'Run',
        start_date: '2023-01-01T10:00:00Z',
        start_date_local: '2023-01-01T10:00:00Z',
        timezone: 'UTC',
        distance: 5000,
        moving_time: 1800,
        elapsed_time: 1900,
        total_elevation_gain: 100,
        average_speed: 2.78,
        max_speed: 4.17,
        average_heartrate: null,
        max_heartrate: null,
        has_heartrate: false,
        average_watts: null,
        max_watts: null,
        weighted_average_watts: null,
        kilojoules: null,
        has_power: false,
        trainer: false,
        commute: false,
        manual: false,
        achievement_count: 0,
        kudos_count: 0,
        comment_count: 0,
        week_number: 1,
        month_number: 1,
        year_number: 2023,
        day_of_week: 0,
        average_pace: 360,
        elevation_per_km: 20,
        efficiency_score: 2.78
      }

      at log (lib/strava/sync-activities.ts:207:13)

    console.log
      ≡ƒöì Raw activity data from Strava: {
        id: 12345,
        name: 'Test Run',
        sport_type: 'Run',
        distance: 5000,
        moving_time: 1800,
        elapsed_time: 1900,
        start_date: '2023-01-01T10:00:00Z',
        start_date_local: '2023-01-01T10:00:00Z',
        timezone: 'UTC',
        total_elevation_gain: 100,
        average_speed: 2.78,
        max_speed: 4.17,
        trainer: false,
        commute: false,
        manual: false,
        achievement_count: 0,
        kudos_count: 0,
        comment_count: 0,
        has_heartrate: false
      }

      at log (lib/strava/sync-activities.ts:114:13)

    console.log
      ≡ƒº╣ Cleaned activity (removed pace fields): {
        id: 12345,
        name: 'Test Run',
        sport_type: 'Run',
        distance: 5000,
        moving_time: 1800,
        elapsed_time: 1900,
        start_date: '2023-01-01T10:00:00Z',
        start_date_local: '2023-01-01T10:00:00Z',
        timezone: 'UTC',
        total_elevation_gain: 100,
        average_speed: 2.78,
        max_speed: 4.17,
        trainer: false,
        commute: false,
        manual: false,
        achievement_count: 0,
        kudos_count: 0,
        comment_count: 0,
        has_heartrate: false
      }

      at log (lib/strava/sync-activities.ts:136:13)

    console.log
      ≡ƒöì Processed activity data for database: {
        user_id: 'test-user-id',
        strava_activity_id: 12345,
        name: 'Test Run',
        sport_type: 'Run',
        start_date: '2023-01-01T10:00:00Z',
        start_date_local: '2023-01-01T10:00:00Z',
        timezone: 'UTC',
        distance: 5000,
        moving_time: 1800,
        elapsed_time: 1900,
        total_elevation_gain: 100,
        average_speed: 2.78,
        max_speed: 4.17,
        average_heartrate: null,
        max_heartrate: null,
        has_heartrate: false,
        average_watts: null,
        max_watts: null,
        weighted_average_watts: null,
        kilojoules: null,
        has_power: false,
        trainer: false,
        commute: false,
        manual: false,
        achievement_count: 0,
        kudos_count: 0,
        comment_count: 0,
        week_number: 1,
        month_number: 1,
        year_number: 2023,
        day_of_week: 0,
        average_pace: 360,
        elevation_per_km: 20,
        efficiency_score: 2.78
      }

      at log (lib/strava/sync-activities.ts:176:13)

    console.log
      ≡ƒöÆ Final safe activity data for database: {
        user_id: 'test-user-id',
        strava_activity_id: 12345,
        name: 'Test Run',
        sport_type: 'Run',
        start_date: '2023-01-01T10:00:00Z',
        start_date_local: '2023-01-01T10:00:00Z',
        timezone: 'UTC',
        distance: 5000,
        moving_time: 1800,
        elapsed_time: 1900,
        total_elevation_gain: 100,
        average_speed: 2.78,
        max_speed: 4.17,
        average_heartrate: null,
        max_heartrate: null,
        has_heartrate: false,
        average_watts: null,
        max_watts: null,
        weighted_average_watts: null,
        kilojoules: null,
        has_power: false,
        trainer: false,
        commute: false,
        manual: false,
        achievement_count: 0,
        kudos_count: 0,
        comment_count: 0,
        week_number: 1,
        month_number: 1,
        year_number: 2023,
        day_of_week: 0,
        average_pace: 360,
        elevation_per_km: 20,
        efficiency_score: 2.78
      }

      at log (lib/strava/sync-activities.ts:207:13)

    console.log
      ≡ƒöì Raw activity data from Strava: {
        id: 12345,
        name: 'Test Run',
        sport_type: 'Run',
        distance: null,
        moving_time: undefined,
        elapsed_time: '',
        start_date: '2023-01-01T10:00:00Z',
        start_date_local: '2023-01-01T10:00:00Z',
        timezone: 'UTC',
        total_elevation_gain: 'invalid',
        average_speed: 2.78,
        max_speed: 4.17,
        trainer: false,
        commute: false,
        manual: false,
        achievement_count: 0,
        kudos_count: 0,
        comment_count: 0,
        has_heartrate: false
      }

      at log (lib/strava/sync-activities.ts:114:13)

    console.log
      ≡ƒº╣ Cleaned activity (removed pace fields): {
        id: 12345,
        name: 'Test Run',
        sport_type: 'Run',
        distance: null,
        moving_time: undefined,
        elapsed_time: '',
        start_date: '2023-01-01T10:00:00Z',
        start_date_local: '2023-01-01T10:00:00Z',
        timezone: 'UTC',
        total_elevation_gain: 'invalid',
        average_speed: 2.78,
        max_speed: 4.17,
        trainer: false,
        commute: false,
        manual: false,
        achievement_count: 0,
        kudos_count: 0,
        comment_count: 0,
        has_heartrate: false
      }

      at log (lib/strava/sync-activities.ts:136:13)

    console.warn
      ΓÜá∩╕Å Cannot convert to number: "" for field: unknown

    [0m [90m 24 |[39m     [36mconst[39m parsed [33m=[39m parseFloat(value)
     [90m 25 |[39m     [36mif[39m (isNaN(parsed)) {
    [31m[1m>[22m[39m[90m 26 |[39m       console[33m.[39mwarn([32m`ΓÜá∩╕Å Cannot convert to 
number: "${value}" for field: ${fieldName || 'unknown'}`[39m)
     [90m    |[39m               [31m[1m^[22m[39m
     [90m 27 |[39m       [36mreturn[39m [36mnull[39m
     [90m 28 |[39m     }
     [90m 29 |[39m     [36mreturn[39m parsed[0m

      at warn (lib/strava/sync-activities.ts:26:15)
      at safeNumber (lib/strava/sync-activities.ts:37:18)
      at safeNumberRequired (lib/strava/sync-activities.ts:152:21)
      at Object.storeActivity (__tests__/lib/strava/sync-activities-upsert.test.ts:213:15)

    console.warn
      ΓÜá∩╕Å Cannot convert to number: "invalid" for field: unknown

    [0m [90m 24 |[39m     [36mconst[39m parsed [33m=[39m parseFloat(value)
     [90m 25 |[39m     [36mif[39m (isNaN(parsed)) {
    [31m[1m>[22m[39m[90m 26 |[39m       console[33m.[39mwarn([32m`ΓÜá∩╕Å Cannot convert to 
number: "${value}" for field: ${fieldName || 'unknown'}`[39m)
     [90m    |[39m               [31m[1m^[22m[39m
     [90m 27 |[39m       [36mreturn[39m [36mnull[39m
     [90m 28 |[39m     }
     [90m 29 |[39m     [36mreturn[39m parsed[0m

      at warn (lib/strava/sync-activities.ts:26:15)
      at safeNumber (lib/strava/sync-activities.ts:154:29)
      at Object.storeActivity (__tests__/lib/strava/sync-activities-upsert.test.ts:213:15)

    console.log
      ≡ƒöì Processed activity data for database: {
        user_id: 'test-user-id',
        strava_activity_id: 12345,
        name: 'Test Run',
        sport_type: 'Run',
        start_date: '2023-01-01T10:00:00Z',
        start_date_local: '2023-01-01T10:00:00Z',
        timezone: 'UTC',
        distance: 0,
        moving_time: 0,
        elapsed_time: 0,
        total_elevation_gain: null,
        average_speed: 2.78,
        max_speed: 4.17,
        average_heartrate: null,
        max_heartrate: null,
        has_heartrate: false,
        average_watts: null,
        max_watts: null,
        weighted_average_watts: null,
        kilojoules: null,
        has_power: false,
        trainer: false,
        commute: false,
        manual: false,
        achievement_count: 0,
        kudos_count: 0,
        comment_count: 0,
        week_number: 1,
        month_number: 1,
        year_number: 2023,
        day_of_week: 0,
        average_pace: 0,
        elevation_per_km: 0,
        efficiency_score: 2.78
      }

      at log (lib/strava/sync-activities.ts:176:13)

    console.log
      ≡ƒöÆ Final safe activity data for database: {
        user_id: 'test-user-id',
        strava_activity_id: 12345,
        name: 'Test Run',
        sport_type: 'Run',
        start_date: '2023-01-01T10:00:00Z',
        start_date_local: '2023-01-01T10:00:00Z',
        timezone: 'UTC',
        distance: 0,
        moving_time: 0,
        elapsed_time: 0,
        total_elevation_gain: null,
        average_speed: 2.78,
        max_speed: 4.17,
        average_heartrate: null,
        max_heartrate: null,
        has_heartrate: false,
        average_watts: null,
        max_watts: null,
        weighted_average_watts: null,
        kilojoules: null,
        has_power: false,
        trainer: false,
        commute: false,
        manual: false,
        achievement_count: 0,
        kudos_count: 0,
        comment_count: 0,
        week_number: 1,
        month_number: 1,
        year_number: 2023,
        day_of_week: 0,
        average_pace: 0,
        elevation_per_km: 0,
        efficiency_score: 2.78
      }

      at log (lib/strava/sync-activities.ts:207:13)

  ΓùÅ StravaActivitySync - Upsert Functionality ΓÇ║ Activity Storage ΓÇ║ should use correct onConflict 
specification for upsert

    expect(jest.fn()).toHaveBeenCalledWith(...expected)

    Expected: ObjectContaining {"strava_activity_id": 12345, "user_id": "test-user-id"}, ObjectContaining 
{"ignoreDuplicates": false, "onConflict": "user_id,strava_activity_id"}

    Number of calls: 0

    [0m [90m 118 |[39m
     [90m 119 |[39m       [90m// Verify that upsert was called with the correct onConflict 
specification[39m
    [31m[1m>[22m[39m[90m 120 |[39m       expect(mockUpsert)[33m.[39mtoHaveBeenCalledWith(
     [90m     |[39m                          [31m[1m^[22m[39m
     [90m 121 |[39m         expect[33m.[39mobjectContaining({
     [90m 122 |[39m           user_id[33m:[39m mockUserId[33m,[39m
     [90m 123 |[39m           strava_activity_id[33m:[39m [35m12345[39m[0m

      at Object.toHaveBeenCalledWith (__tests__/lib/strava/sync-activities-upsert.test.ts:120:26)

  ΓùÅ StravaActivitySync - Upsert Functionality ΓÇ║ Data Type Safety ΓÇ║ should handle null and undefined 
values safely

    TypeError: Cannot read properties of undefined (reading '0')

    [0m [90m 237 |[39m
     [90m 238 |[39m       [90m// Access the upsert call arguments directly from the global mock[39m
    [31m[1m>[22m[39m[90m 239 |[39m       [36mconst[39m upsertCall [33m=[39m 
mockUpsert[33m.[39mmock[33m.[39mcalls[[35m0[39m][[35m0[39m]
     [90m     |[39m                                                  [31m[1m^[22m[39m
     [90m 240 |[39m       
     [90m 241 |[39m       [90m// Verify null/undefined handling[39m
     [90m 242 |[39m       expect(upsertCall[33m.[39mdistance)[33m.[39mtoBe([35m0[39m) [90m// 
safeNumberRequired fallback[39m[0m

      at Object.<anonymous> (__tests__/lib/strava/sync-activities-upsert.test.ts:239:50)

  ΓùÅ Activity Upsert Conflict Resolution ΓÇ║ should demonstrate the fix for onConflict specification

    expect(jest.fn()).toHaveBeenCalledWith(...expected)

    Expected: {"name": "Test Activity", "sport_type": "Run", "strava_activity_id": 12345, "user_id": 
"test-user-id"}, {"ignoreDuplicates": false, "onConflict": "user_id,strava_activity_id"}

    Number of calls: 0

    [0m [90m 300 |[39m     
     [90m 301 |[39m     [36mconst[39m upsertCall [33m=[39m 
mockSupabase[33m.[39m[36mfrom[39m()[33m.[39mupsert
    [31m[1m>[22m[39m[90m 302 |[39m     expect(upsertCall)[33m.[39mtoHaveBeenCalledWith(
     [90m     |[39m                        [31m[1m^[22m[39m
     [90m 303 |[39m       testData[33m,[39m
     [90m 304 |[39m       {
     [90m 305 |[39m         onConflict[33m:[39m [32m'user_id,strava_activity_id'[39m[33m,[39m[0m

      at Object.toHaveBeenCalledWith (__tests__/lib/strava/sync-activities-upsert.test.ts:302:24)

  ΓùÅ Activity Upsert Conflict Resolution ΓÇ║ should handle the old broken specification for comparison

    expect(jest.fn()).toHaveBeenCalledWith(...expected)

    Expected: {"name": "Test Activity", "sport_type": "Run", "strava_activity_id": 12345, "user_id": 
"test-user-id"}, {"ignoreDuplicates": false, "onConflict": "strava_activity_id"}

    Number of calls: 0

    [0m [90m 333 |[39m     [90m// The mock will pass, but this demonstrates the difference[39m
     [90m 334 |[39m     [36mconst[39m upsertCall [33m=[39m 
mockSupabase[33m.[39m[36mfrom[39m()[33m.[39mupsert
    [31m[1m>[22m[39m[90m 335 |[39m     expect(upsertCall)[33m.[39mtoHaveBeenCalledWith(
     [90m     |[39m                        [31m[1m^[22m[39m
     [90m 336 |[39m       testData[33m,[39m
     [90m 337 |[39m       {
     [90m 338 |[39m         onConflict[33m:[39m [32m'strava_activity_id'[39m[33m,[39m [90m// This 
would cause DB error: 42P10[39m[0m

      at Object.toHaveBeenCalledWith (__tests__/lib/strava/sync-activities-upsert.test.ts:335:24)

PASS __tests__/database/schema-validation.test.ts
  ΓùÅ Console

    console.log
      ΓÜá∩╕Å  Skipping schema validation - no real database credentials

      at Object.log (__tests__/database/schema-validation.test.ts:12:15)

    console.log
      Skipping test - no database connection

      at Object.log (__tests__/database/schema-validation.test.ts:36:19)

    console.log
      Skipping test - no database connection

      at Object.log (__tests__/database/schema-validation.test.ts:36:19)

    console.log
      Skipping test - no database connection

      at Object.log (__tests__/database/schema-validation.test.ts:36:19)

    console.log
      Skipping test - no database connection

      at Object.log (__tests__/database/schema-validation.test.ts:36:19)

    console.log
      Skipping test - no database connection

      at Object.log (__tests__/database/schema-validation.test.ts:36:19)

    console.log
      Skipping test - no database connection

      at Object.log (__tests__/database/schema-validation.test.ts:36:19)

    console.log
      Skipping test - no database connection

      at Object.log (__tests__/database/schema-validation.test.ts:36:19)

    console.log
      Skipping test - no database connection

      at Object.log (__tests__/database/schema-validation.test.ts:53:17)

    console.log
      Skipping test - no database connection

      at Object.log (__tests__/database/schema-validation.test.ts:90:17)

    console.log
      Skipping test - no database connection

      at Object.log (__tests__/database/schema-validation.test.ts:124:17)

    console.log
      Skipping test - no database connection

      at Object.log (__tests__/database/schema-validation.test.ts:147:17)

    console.log
      Skipping test - no database connection

      at Object.log (__tests__/database/schema-validation.test.ts:171:17)

    console.log
      Skipping test - no database connection

      at Object.log (__tests__/database/schema-validation.test.ts:192:17)

    console.log
      Skipping test - no database connection

      at Object.log (__tests__/database/schema-validation.test.ts:216:17)

    console.log
      Skipping test - no database connection

      at Object.log (__tests__/database/schema-validation.test.ts:249:17)

    console.log
      Skipping test - no database connection

      at Object.log (__tests__/database/schema-validation.test.ts:273:17)

    console.log
      Skipping test - no database connection

      at Object.log (__tests__/database/schema-validation.test.ts:327:17)

    console.log
      Skipping test - no database connection

      at Object.log (__tests__/database/schema-validation.test.ts:353:17)

PASS __tests__/error-handling.test.ts
FAIL __tests__/components/ErrorBoundary.test.tsx
  ΓùÅ ErrorBoundary ΓÇ║ shows error details in development mode

    TestingLibraryElementError: Unable to find an element with the text: Error Details (Dev Mode). This 
could be because the text is broken up by multiple elements. In this case, you can provide a function for 
your text matcher to make your matcher more flexible.

    Ignored nodes: comments, script, style
    [36m<body>[39m
      [36m<div>[39m
        [36m<div[39m
          [33mclass[39m=[32m"min-h-[400px] flex items-center justify-center"[39m
        [36m>[39m
          [36m<div[39m
            [33mclass[39m=[32m"text-center p-8 max-w-md"[39m
          [36m>[39m
            [36m<h2[39m
              [33mclass[39m=[32m"text-2xl font-bold text-red-600 mb-4"[39m
            [36m>[39m
              [0mSomething went wrong[0m
            [36m</h2>[39m
            [36m<p[39m
              [33mclass[39m=[32m"text-gray-600 mb-6"[39m
            [36m>[39m
              [0mWe encountered an unexpected error. Please try again or contact support if the problem 
persists.[0m
            [36m</p>[39m
            [36m<button[39m
              [33mclass[39m=[32m"inline-flex items-center justify-center gap-2 whitespace-nowrap 
rounded-md text-sm font-medium transition-all disabled:pointer-events-none disabled:opacity-50 
[&_svg]:pointer-events-none [&_svg:not([class*='size-'])]:size-4 shrink-0 [&_svg]:shrink-0 outline-none 
focus-visible:border-ring focus-visible:ring-ring/50 focus-visible:ring-[3px] 
aria-invalid:ring-destructive/20 dark:aria-invalid:ring-destructive/40 aria-invalid:border-destructive 
border bg-background shadow-xs hover:bg-accent hover:text-accent-foreground dark:bg-input/30 
dark:border-input dark:hover:bg-input/50 h-9 px-4 py-2 has-[>svg]:px-3"[39m
              [33mdata-slot[39m=[32m"button"[39m
            [36m>[39m
              [0mTry Again[0m
            [36m</button>[39m
          [36m</div>[39m
        [36m</div>[39m
      [36m</div>[39m
    [36m</body>[39m

    [0m [90m 62 |[39m     )
     [90m 63 |[39m
    [31m[1m>[22m[39m[90m 64 |[39m     expect(screen[33m.[39mgetByText([32m'Error Details (Dev 
Mode)'[39m))[33m.[39mtoBeInTheDocument()
     [90m    |[39m                   [31m[1m^[22m[39m
     [90m 65 |[39m
     [90m 66 |[39m     [33mObject[39m[33m.[39mdefineProperty(process[33m.[39menv[33m,[39m 
[32m'NODE_ENV'[39m[33m,[39m {
     [90m 67 |[39m       value[33m:[39m originalNodeEnv[33m,[39m[0m

      at Object.getElementError (node_modules/@testing-library/dom/dist/config.js:37:19)
      at node_modules/@testing-library/dom/dist/query-helpers.js:76:38
      at node_modules/@testing-library/dom/dist/query-helpers.js:52:17
      at node_modules/@testing-library/dom/dist/query-helpers.js:95:19
      at Object.getByText (__tests__/components/ErrorBoundary.test.tsx:64:19)

  ΓùÅ ErrorBoundary ΓÇ║ allows retry functionality

    TestingLibraryElementError: Unable to find an element with the text: No error. This could be because 
the text is broken up by multiple elements. In this case, you can provide a function for your text matcher 
to make your matcher more flexible.

    Ignored nodes: comments, script, style
    [36m<body>[39m
      [36m<div>[39m
        [36m<div[39m
          [33mclass[39m=[32m"min-h-[400px] flex items-center justify-center"[39m
        [36m>[39m
          [36m<div[39m
            [33mclass[39m=[32m"text-center p-8 max-w-md"[39m
          [36m>[39m
            [36m<h2[39m
              [33mclass[39m=[32m"text-2xl font-bold text-red-600 mb-4"[39m
            [36m>[39m
              [0mSomething went wrong[0m
            [36m</h2>[39m
            [36m<p[39m
              [33mclass[39m=[32m"text-gray-600 mb-6"[39m
            [36m>[39m
              [0mWe encountered an unexpected error. Please try again or contact support if the problem 
persists.[0m
            [36m</p>[39m
            [36m<button[39m
              [33mclass[39m=[32m"inline-flex items-center justify-center gap-2 whitespace-nowrap 
rounded-md text-sm font-medium transition-all disabled:pointer-events-none disabled:opacity-50 
[&_svg]:pointer-events-none [&_svg:not([class*='size-'])]:size-4 shrink-0 [&_svg]:shrink-0 outline-none 
focus-visible:border-ring focus-visible:ring-ring/50 focus-visible:ring-[3px] 
aria-invalid:ring-destructive/20 dark:aria-invalid:ring-destructive/40 aria-invalid:border-destructive 
border bg-background shadow-xs hover:bg-accent hover:text-accent-foreground dark:bg-input/30 
dark:border-input dark:hover:bg-input/50 h-9 px-4 py-2 has-[>svg]:px-3"[39m
              [33mdata-slot[39m=[32m"button"[39m
            [36m>[39m
              [0mTry Again[0m
            [36m</button>[39m
          [36m</div>[39m
        [36m</div>[39m
      [36m</div>[39m
    [36m</body>[39m

    [0m [90m 110 |[39m     )
     [90m 111 |[39m
    [31m[1m>[22m[39m[90m 112 |[39m     expect(screen[33m.[39mgetByText([32m'No 
error'[39m))[33m.[39mtoBeInTheDocument()
     [90m     |[39m                   [31m[1m^[22m[39m
     [90m 113 |[39m   })
     [90m 114 |[39m
     [90m 115 |[39m   it([32m'uses custom fallback component when provided'[39m[33m,[39m () 
[33m=>[39m {[0m

      at Object.getElementError (node_modules/@testing-library/dom/dist/config.js:37:19)
      at node_modules/@testing-library/dom/dist/query-helpers.js:76:38
      at node_modules/@testing-library/dom/dist/query-helpers.js:52:17
      at node_modules/@testing-library/dom/dist/query-helpers.js:95:19
      at Object.getByText (__tests__/components/ErrorBoundary.test.tsx:112:19)

FAIL __tests__/hooks/strava/useStravaToken.test.tsx
  ΓùÅ useStravaToken ΓÇ║ can refresh token manually

    expect(jest.fn()).toHaveBeenCalledTimes(expected)

    Expected number of calls: 2
    Received number of calls: 3

    [0m [90m 160 |[39m     })
     [90m 161 |[39m
    [31m[1m>[22m[39m[90m 162 |[39m     
expect(mockGetValidAccessToken)[33m.[39mtoHaveBeenCalledTimes([35m2[39m)
     [90m     |[39m                                     [31m[1m^[22m[39m
     [90m 163 |[39m   })
     [90m 164 |[39m
     [90m 165 |[39m   it([32m'clears token when user changes to null'[39m[33m,[39m [36masync[39m 
() [33m=>[39m {[0m

      at Object.toHaveBeenCalledTimes (__tests__/hooks/strava/useStravaToken.test.tsx:162:37)

PASS __tests__/components/dashboard/SyncDashboard.test.tsx
PASS __tests__/lib/training/training-load.test.ts
FAIL __tests__/dashboard/KeyMetrics.test.tsx
  ΓùÅ KeyMetrics Component ΓÇ║ shows error state when data fails to load

    TestingLibraryElementError: Unable to find an element with the text: Unable to load metrics. This 
could be because the text is broken up by multiple elements. In this case, you can provide a function for 
your text matcher to make your matcher more flexible.

    Ignored nodes: comments, script, style
    [36m<body>[39m
      [36m<div>[39m
        [36m<div[39m
          [33mclass[39m=[32m"grid grid-cols-1 md:grid-cols-3 gap-4 mb-8"[39m
        [36m>[39m
          [36m<div[39m
            [33mclass[39m=[32m"bg-white rounded-lg shadow p-6"[39m
          [36m>[39m
            [36m<div[39m
              [33mclass[39m=[32m"animate-pulse"[39m
            [36m>[39m
              [36m<div[39m
                [33mclass[39m=[32m"flex items-center justify-between"[39m
              [36m>[39m
                [36m<div>[39m
                  [36m<div[39m
                    [33mclass[39m=[32m"h-4 bg-gray-200 rounded w-20 mb-2"[39m
                  [36m/>[39m
                  [36m<div[39m
                    [33mclass[39m=[32m"h-8 bg-gray-200 rounded w-16"[39m
                  [36m/>[39m
                [36m</div>[39m
                [36m<div[39m
                  [33mclass[39m=[32m"w-12 h-12 bg-gray-200 rounded-full"[39m
                [36m/>[39m
              [36m</div>[39m
              [36m<div[39m
                [33mclass[39m=[32m"mt-4"[39m
              [36m>[39m
                [36m<div[39m
                  [33mclass[39m=[32m"h-4 bg-gray-200 rounded w-24"[39m
                [36m/>[39m
              [36m</div>[39m
            [36m</div>[39m
          [36m</div>[39m
          [36m<div[39m
            [33mclass[39m=[32m"bg-white rounded-lg shadow p-6"[39m
          [36m>[39m
            [36m<div[39m
              [33mclass[39m=[32m"animate-pulse"[39m
            [36m>[39m
              [36m<div[39m
                [33mclass[39m=[32m"flex items-center justify-between"[39m
              [36m>[39m
                [36m<div>[39m
                  [36m<div[39m
                    [33mclass[39m=[32m"h-4 bg-gray-200 rounded w-20 mb-2"[39m
                  [36m/>[39m
                  [36m<div[39m
                    [33mclass[39m=[32m"h-8 bg-gray-200 rounded w-16"[39m
                  [36m/>[39m
                [36m</div>[39m
                [36m<div[39m
                  [33mclass[39m=[32m"w-12 h-12 bg-gray-200 rounded-full"[39m
                [36m/>[39m
              [36m</div>[39m
              [36m<div[39m
                [33mclass[39m=[32m"mt-4"[39m
              [36m>[39m
                [36m<div[39m
                  [33mclass[39m=[32m"h-4 bg-gray-200 rounded w-24"[39m
                [36m/>[39m
              [36m</div>[39m
            [36m</div>[39m
          [36m</div>[39m
          [36m<div[39m
            [33mclass[39m=[32m"bg-white rounded-lg shadow p-6"[39m
          [36m>[39m
            [36m<div[39m
              [33mclass[39m=[32m"animate-pulse"[39m
            [36m>[39m
              [36m<div[39m
                [33mclass[39m=[32m"flex items-center justify-between"[39m
              [36m>[39m
                [36m<div>[39m
                  [36m<div[39m
                    [33mclass[39m=[32m"h-4 bg-gray-200 rounded w-20 mb-2"[39m
                  [36m/>[39m
                  [36m<div[39m
                    [33mclass[39m=[32m"h-8 bg-gray-200 rounded w-16"[39m
                  [36m/>[39m
                [36m</div>[39m
                [36m<div[39m
                  [33mclass[39m=[32m"w-12 h-12 bg-gray-200 rounded-full"[39m
                [36m/>[39m
              [36m</div>[39m
              [36m<div[39m
                [33mclass[39m=[32m"mt-4"[39m
              [36m>[39m
                [36m<div[39m
                  [33mclass[39m=[32m"h-4 bg-gray-200 rounded w-24"[39m
                [36m/>[39m
              [36m</div>[39m
            [36m</div>[39m
          [36m</div>[39m
        [36m</div>[39m
      [36m</div>[39m
    [36m</body>[39m

    [0m [90m 79 |[39m     render([33m<[39m[33mKeyMetrics[39m userId[33m=[39m[32m"user-1"[39m 
[33m/[39m[33m>[39m[33m,[39m { wrapper })
     [90m 80 |[39m
    [31m[1m>[22m[39m[90m 81 |[39m     expect(screen[33m.[39mgetByText([32m'Unable to load 
metrics'[39m))[33m.[39mtoBeInTheDocument()
     [90m    |[39m                   [31m[1m^[22m[39m
     [90m 82 |[39m   })
     [90m 83 |[39m
     [90m 84 |[39m   it([32m'displays key metrics when data is loaded'[39m[33m,[39m () [33m=>[39m 
{[0m

      at Object.getElementError (node_modules/@testing-library/dom/dist/config.js:37:19)
      at node_modules/@testing-library/dom/dist/query-helpers.js:76:38
      at node_modules/@testing-library/dom/dist/query-helpers.js:52:17
      at node_modules/@testing-library/dom/dist/query-helpers.js:95:19
      at Object.getByText (__tests__/dashboard/KeyMetrics.test.tsx:81:19)

  ΓùÅ KeyMetrics Component ΓÇ║ displays key metrics when data is loaded

    TestingLibraryElementError: Unable to find an element with the text: This Week. This could be because 
the text is broken up by multiple elements. In this case, you can provide a function for your text matcher 
to make your matcher more flexible.

    Ignored nodes: comments, script, style
    [36m<body>[39m
      [36m<div>[39m
        [36m<div[39m
          [33mclass[39m=[32m"grid grid-cols-1 md:grid-cols-3 gap-4 mb-8"[39m
        [36m>[39m
          [36m<div[39m
            [33mclass[39m=[32m"bg-white rounded-lg shadow p-6"[39m
          [36m>[39m
            [36m<div[39m
              [33mclass[39m=[32m"animate-pulse"[39m
            [36m>[39m
              [36m<div[39m
                [33mclass[39m=[32m"flex items-center justify-between"[39m
              [36m>[39m
                [36m<div>[39m
                  [36m<div[39m
                    [33mclass[39m=[32m"h-4 bg-gray-200 rounded w-20 mb-2"[39m
                  [36m/>[39m
                  [36m<div[39m
                    [33mclass[39m=[32m"h-8 bg-gray-200 rounded w-16"[39m
                  [36m/>[39m
                [36m</div>[39m
                [36m<div[39m
                  [33mclass[39m=[32m"w-12 h-12 bg-gray-200 rounded-full"[39m
                [36m/>[39m
              [36m</div>[39m
              [36m<div[39m
                [33mclass[39m=[32m"mt-4"[39m
              [36m>[39m
                [36m<div[39m
                  [33mclass[39m=[32m"h-4 bg-gray-200 rounded w-24"[39m
                [36m/>[39m
              [36m</div>[39m
            [36m</div>[39m
          [36m</div>[39m
          [36m<div[39m
            [33mclass[39m=[32m"bg-white rounded-lg shadow p-6"[39m
          [36m>[39m
            [36m<div[39m
              [33mclass[39m=[32m"animate-pulse"[39m
            [36m>[39m
              [36m<div[39m
                [33mclass[39m=[32m"flex items-center justify-between"[39m
              [36m>[39m
                [36m<div>[39m
                  [36m<div[39m
                    [33mclass[39m=[32m"h-4 bg-gray-200 rounded w-20 mb-2"[39m
                  [36m/>[39m
                  [36m<div[39m
                    [33mclass[39m=[32m"h-8 bg-gray-200 rounded w-16"[39m
                  [36m/>[39m
                [36m</div>[39m
                [36m<div[39m
                  [33mclass[39m=[32m"w-12 h-12 bg-gray-200 rounded-full"[39m
                [36m/>[39m
              [36m</div>[39m
              [36m<div[39m
                [33mclass[39m=[32m"mt-4"[39m
              [36m>[39m
                [36m<div[39m
                  [33mclass[39m=[32m"h-4 bg-gray-200 rounded w-24"[39m
                [36m/>[39m
              [36m</div>[39m
            [36m</div>[39m
          [36m</div>[39m
          [36m<div[39m
            [33mclass[39m=[32m"bg-white rounded-lg shadow p-6"[39m
          [36m>[39m
            [36m<div[39m
              [33mclass[39m=[32m"animate-pulse"[39m
            [36m>[39m
              [36m<div[39m
                [33mclass[39m=[32m"flex items-center justify-between"[39m
              [36m>[39m
                [36m<div>[39m
                  [36m<div[39m
                    [33mclass[39m=[32m"h-4 bg-gray-200 rounded w-20 mb-2"[39m
                  [36m/>[39m
                  [36m<div[39m
                    [33mclass[39m=[32m"h-8 bg-gray-200 rounded w-16"[39m
                  [36m/>[39m
                [36m</div>[39m
                [36m<div[39m
                  [33mclass[39m=[32m"w-12 h-12 bg-gray-200 rounded-full"[39m
                [36m/>[39m
              [36m</div>[39m
              [36m<div[39m
                [33mclass[39m=[32m"mt-4"[39m
              [36m>[39m
                [36m<div[39m
                  [33mclass[39m=[32m"h-4 bg-gray-200 rounded w-24"[39m
                [36m/>[39m
              [36m</div>[39m
            [36m</div>[39m
          [36m</div>[39m
        [36m</div>[39m
      [36m</div>[39m
    [36m</body>[39m

    [0m [90m 100 |[39m
     [90m 101 |[39m     [90m// Should show the three main metric cards[39m
    [31m[1m>[22m[39m[90m 102 |[39m     expect(screen[33m.[39mgetByText([32m'This 
Week'[39m))[33m.[39mtoBeInTheDocument()
     [90m     |[39m                   [31m[1m^[22m[39m
     [90m 103 |[39m     expect(screen[33m.[39mgetByText([32m'Current 
Streak'[39m))[33m.[39mtoBeInTheDocument()
     [90m 104 |[39m     expect(screen[33m.[39mgetByText([32m'Monthly 
Goal'[39m))[33m.[39mtoBeInTheDocument()
     [90m 105 |[39m   })[0m

      at Object.getElementError (node_modules/@testing-library/dom/dist/config.js:37:19)
      at node_modules/@testing-library/dom/dist/query-helpers.js:76:38
      at node_modules/@testing-library/dom/dist/query-helpers.js:52:17
      at node_modules/@testing-library/dom/dist/query-helpers.js:95:19
      at Object.getByText (__tests__/dashboard/KeyMetrics.test.tsx:102:19)

FAIL __tests__/components/goals/SmartTargetRecommendations.test.tsx
  ΓùÅ SmartTargetRecommendations Component ΓÇ║ allows selecting different difficulty levels

    expect(element).toHaveClass("border-blue-500")

    Expected the element to have class:
      border-blue-500
    Received:
      flex items-center gap-2

    [0m [90m 171 |[39m
     [90m 172 |[39m     [90m// Check that it's selected (border should change to blue)[39m
    [31m[1m>[22m[39m[90m 173 |[39m     
expect(ambitiousTarget)[33m.[39mtoHaveClass([32m'border-blue-500'[39m)[33m;[39m
     [90m     |[39m                             [31m[1m^[22m[39m
     [90m 174 |[39m   })[33m;[39m
     [90m 175 |[39m
     [90m 176 |[39m   it([32m'shows custom target input and allows setting custom 
values'[39m[33m,[39m () [33m=>[39m {[0m

      at Object.toHaveClass (__tests__/components/goals/SmartTargetRecommendations.test.tsx:173:29)

PASS __tests__/components/dashboard/LastActivityDeepDive.test.tsx
FAIL __tests__/components/dashboard/KeyMetrics.test.tsx
  ΓùÅ KeyMetrics ΓÇ║ renders loading skeleton when data is loading

    expect(received).toHaveLength(expected)

    Expected length: 3
    Received length: 29
    Received array:  [<div><div class="grid grid-cols-1 md:grid-cols-3 gap-4 mb-8"><div class="bg-white 
rounded-lg shadow p-6"><div class="animate-pulse"><div class="flex items-center justify-between"><div><div 
class="h-4 bg-gray-200 rounded w-20 mb-2" /><div class="h-8 bg-gray-200 rounded w-16" /></div><div 
class="w-12 h-12 bg-gray-200 rounded-full" /></div><div class="mt-4"><div class="h-4 bg-gray-200 rounded 
w-24" /></div></div></div><div class="bg-white rounded-lg shadow p-6"><div class="animate-pulse"><div 
class="flex items-center justify-between"><div><div class="h-4 bg-gray-200 rounded w-20 mb-2" /><div 
class="h-8 bg-gray-200 rounded w-16" /></div><div class="w-12 h-12 bg-gray-200 rounded-full" /></div><div 
class="mt-4"><div class="h-4 bg-gray-200 rounded w-24" /></div></div></div><div class="bg-white rounded-lg 
shadow p-6"><div class="animate-pulse"><div class="flex items-center justify-between"><div><div class="h-4 
bg-gray-200 rounded w-20 mb-2" /><div class="h-8 bg-gray-200 rounded w-16" /></div><div class="w-12 h-12 
bg-gray-200 rounded-full" /></div><div class="mt-4"><div class="h-4 bg-gray-200 rounded w-24" 
/></div></div></div></div></div>, <div class="grid grid-cols-1 md:grid-cols-3 gap-4 mb-8"><div 
class="bg-white rounded-lg shadow p-6"><div class="animate-pulse"><div class="flex items-center 
justify-between"><div><div class="h-4 bg-gray-200 rounded w-20 mb-2" /><div class="h-8 bg-gray-200 rounded 
w-16" /></div><div class="w-12 h-12 bg-gray-200 rounded-full" /></div><div class="mt-4"><div class="h-4 
bg-gray-200 rounded w-24" /></div></div></div><div class="bg-white rounded-lg shadow p-6"><div 
class="animate-pulse"><div class="flex items-center justify-between"><div><div class="h-4 bg-gray-200 
rounded w-20 mb-2" /><div class="h-8 bg-gray-200 rounded w-16" /></div><div class="w-12 h-12 bg-gray-200 
rounded-full" /></div><div class="mt-4"><div class="h-4 bg-gray-200 rounded w-24" /></div></div></div><div 
class="bg-white rounded-lg shadow p-6"><div class="animate-pulse"><div class="flex items-center 
justify-between"><div><div class="h-4 bg-gray-200 rounded w-20 mb-2" /><div class="h-8 bg-gray-200 rounded 
w-16" /></div><div class="w-12 h-12 bg-gray-200 rounded-full" /></div><div class="mt-4"><div class="h-4 
bg-gray-200 rounded w-24" /></div></div></div></div>, <div class="bg-white rounded-lg shadow p-6"><div 
class="animate-pulse"><div class="flex items-center justify-between"><div><div class="h-4 bg-gray-200 
rounded w-20 mb-2" /><div class="h-8 bg-gray-200 rounded w-16" /></div><div class="w-12 h-12 bg-gray-200 
rounded-full" /></div><div class="mt-4"><div class="h-4 bg-gray-200 rounded w-24" /></div></div></div>, 
<div class="animate-pulse"><div class="flex items-center justify-between"><div><div class="h-4 bg-gray-200 
rounded w-20 mb-2" /><div class="h-8 bg-gray-200 rounded w-16" /></div><div class="w-12 h-12 bg-gray-200 
rounded-full" /></div><div class="mt-4"><div class="h-4 bg-gray-200 rounded w-24" /></div></div>, <div 
class="flex items-center justify-between"><div><div class="h-4 bg-gray-200 rounded w-20 mb-2" /><div 
class="h-8 bg-gray-200 rounded w-16" /></div><div class="w-12 h-12 bg-gray-200 rounded-full" /></div>, 
<div><div class="h-4 bg-gray-200 rounded w-20 mb-2" /><div class="h-8 bg-gray-200 rounded w-16" /></div>, 
<div class="h-4 bg-gray-200 rounded w-20 mb-2" />, <div class="h-8 bg-gray-200 rounded w-16" />, <div 
class="w-12 h-12 bg-gray-200 rounded-full" />, <div class="mt-4"><div class="h-4 bg-gray-200 rounded w-24" 
/></div>, ΓÇª]

    [0m [90m 86 |[39m     
     [90m 87 |[39m     [90m// Should show skeleton loading cards[39m
    [31m[1m>[22m[39m[90m 88 |[39m     
expect(screen[33m.[39mgetAllByRole([32m'generic'[39m))[33m.[39mtoHaveLength([35m3[39m)[33m;[39m 
[90m// 3 skeleton cards[39m
     [90m    |[39m                                            [31m[1m^[22m[39m
     [90m 89 |[39m   })[33m;[39m
     [90m 90 |[39m
     [90m 91 |[39m   it([32m'renders setup message when no dashboard goals are 
configured'[39m[33m,[39m () [33m=>[39m {[0m

      at Object.toHaveLength (__tests__/components/dashboard/KeyMetrics.test.tsx:88:44)

  ΓùÅ KeyMetrics ΓÇ║ renders setup message when no dashboard goals are configured

    TypeError: (0 , _useGoals.useUpdateGoal) is not a function

    [0m [90m 25 |[39m [36mexport[39m [36mfunction[39m [33mDashboardGoalSelector[39m({ 
open[33m,[39m onOpenChange }[33m:[39m [33mDashboardGoalSelectorProps[39m) {
     [90m 26 |[39m   [36mconst[39m { data[33m:[39m goalsData[33m,[39m isLoading } [33m=[39m 
useUserGoals()[33m;[39m
    [31m[1m>[22m[39m[90m 27 |[39m   [36mconst[39m updateGoalMutation [33m=[39m 
useUpdateGoal()[33m;[39m
     [90m    |[39m                                           [31m[1m^[22m[39m
     [90m 28 |[39m   [36mconst[39m [showAddModal[33m,[39m setShowAddModal] [33m=[39m 
useState([36mfalse[39m)[33m;[39m
     [90m 29 |[39m   [36mconst[39m [selectedGoals[33m,[39m setSelectedGoals] [33m=[39m 
useState[33m<[39m[33mstring[39m[][33m>[39m([])[33m;[39m
     [90m 30 |[39m   [36mconst[39m [error[33m,[39m setError] [33m=[39m 
useState[33m<[39m[33mstring[39m[33m>[39m([32m''[39m)[33m;[39m[0m

      at DashboardGoalSelector (components/dashboard/DashboardGoalSelector.tsx:27:43)
      at Object.react-stack-bottom-frame 
(node_modules/react-dom/cjs/react-dom-client.development.js:23863:20)
      at renderWithHooks (node_modules/react-dom/cjs/react-dom-client.development.js:5529:22)
      at updateFunctionComponent (node_modules/react-dom/cjs/react-dom-client.development.js:8897:19)
      at beginWork (node_modules/react-dom/cjs/react-dom-client.development.js:10522:18)
      at runWithFiberInDEV (node_modules/react-dom/cjs/react-dom-client.development.js:1522:13)
      at performUnitOfWork (node_modules/react-dom/cjs/react-dom-client.development.js:15140:22)
      at workLoopSync (node_modules/react-dom/cjs/react-dom-client.development.js:14956:41)
      at renderRootSync (node_modules/react-dom/cjs/react-dom-client.development.js:14936:11)
      at performWorkOnRoot (node_modules/react-dom/cjs/react-dom-client.development.js:14462:44)
      at performWorkOnRootViaSchedulerTask 
(node_modules/react-dom/cjs/react-dom-client.development.js:16216:7)
      at flushActQueue (node_modules/react/cjs/react.development.js:566:34)
      at Object.<anonymous>.process.env.NODE_ENV.exports.act 
(node_modules/react/cjs/react.development.js:859:10)
      at node_modules/@testing-library/react/dist/act-compat.js:47:25
      at renderRoot (node_modules/@testing-library/react/dist/pure.js:190:26)
      at render (node_modules/@testing-library/react/dist/pure.js:292:10)
      at Object.<anonymous> (__tests__/components/dashboard/KeyMetrics.test.tsx:106:11)

  ΓùÅ KeyMetrics ΓÇ║ renders goal metrics for dashboard goals

    TypeError: (0 , _useGoals.useUpdateGoal) is not a function

    [0m [90m 25 |[39m [36mexport[39m [36mfunction[39m [33mDashboardGoalSelector[39m({ 
open[33m,[39m onOpenChange }[33m:[39m [33mDashboardGoalSelectorProps[39m) {
     [90m 26 |[39m   [36mconst[39m { data[33m:[39m goalsData[33m,[39m isLoading } [33m=[39m 
useUserGoals()[33m;[39m
    [31m[1m>[22m[39m[90m 27 |[39m   [36mconst[39m updateGoalMutation [33m=[39m 
useUpdateGoal()[33m;[39m
     [90m    |[39m                                           [31m[1m^[22m[39m
     [90m 28 |[39m   [36mconst[39m [showAddModal[33m,[39m setShowAddModal] [33m=[39m 
useState([36mfalse[39m)[33m;[39m
     [90m 29 |[39m   [36mconst[39m [selectedGoals[33m,[39m setSelectedGoals] [33m=[39m 
useState[33m<[39m[33mstring[39m[][33m>[39m([])[33m;[39m
     [90m 30 |[39m   [36mconst[39m [error[33m,[39m setError] [33m=[39m 
useState[33m<[39m[33mstring[39m[33m>[39m([32m''[39m)[33m;[39m[0m

      at DashboardGoalSelector (components/dashboard/DashboardGoalSelector.tsx:27:43)
      at Object.react-stack-bottom-frame 
(node_modules/react-dom/cjs/react-dom-client.development.js:23863:20)
      at renderWithHooks (node_modules/react-dom/cjs/react-dom-client.development.js:5529:22)
      at updateFunctionComponent (node_modules/react-dom/cjs/react-dom-client.development.js:8897:19)
      at beginWork (node_modules/react-dom/cjs/react-dom-client.development.js:10522:18)
      at runWithFiberInDEV (node_modules/react-dom/cjs/react-dom-client.development.js:1522:13)
      at performUnitOfWork (node_modules/react-dom/cjs/react-dom-client.development.js:15140:22)
      at workLoopSync (node_modules/react-dom/cjs/react-dom-client.development.js:14956:41)
      at renderRootSync (node_modules/react-dom/cjs/react-dom-client.development.js:14936:11)
      at performWorkOnRoot (node_modules/react-dom/cjs/react-dom-client.development.js:14462:44)
      at performWorkOnRootViaSchedulerTask 
(node_modules/react-dom/cjs/react-dom-client.development.js:16216:7)
      at flushActQueue (node_modules/react/cjs/react.development.js:566:34)
      at Object.<anonymous>.process.env.NODE_ENV.exports.act 
(node_modules/react/cjs/react.development.js:859:10)
      at node_modules/@testing-library/react/dist/act-compat.js:47:25
      at renderRoot (node_modules/@testing-library/react/dist/pure.js:190:26)
      at render (node_modules/@testing-library/react/dist/pure.js:292:10)
      at Object.<anonymous> (__tests__/components/dashboard/KeyMetrics.test.tsx:174:11)

  ΓùÅ KeyMetrics ΓÇ║ sorts dashboard goals by priority

    TypeError: (0 , _useGoals.useUpdateGoal) is not a function

    [0m [90m 25 |[39m [36mexport[39m [36mfunction[39m [33mDashboardGoalSelector[39m({ 
open[33m,[39m onOpenChange }[33m:[39m [33mDashboardGoalSelectorProps[39m) {
     [90m 26 |[39m   [36mconst[39m { data[33m:[39m goalsData[33m,[39m isLoading } [33m=[39m 
useUserGoals()[33m;[39m
    [31m[1m>[22m[39m[90m 27 |[39m   [36mconst[39m updateGoalMutation [33m=[39m 
useUpdateGoal()[33m;[39m
     [90m    |[39m                                           [31m[1m^[22m[39m
     [90m 28 |[39m   [36mconst[39m [showAddModal[33m,[39m setShowAddModal] [33m=[39m 
useState([36mfalse[39m)[33m;[39m
     [90m 29 |[39m   [36mconst[39m [selectedGoals[33m,[39m setSelectedGoals] [33m=[39m 
useState[33m<[39m[33mstring[39m[][33m>[39m([])[33m;[39m
     [90m 30 |[39m   [36mconst[39m [error[33m,[39m setError] [33m=[39m 
useState[33m<[39m[33mstring[39m[33m>[39m([32m''[39m)[33m;[39m[0m

      at DashboardGoalSelector (components/dashboard/DashboardGoalSelector.tsx:27:43)
      at Object.react-stack-bottom-frame 
(node_modules/react-dom/cjs/react-dom-client.development.js:23863:20)
      at renderWithHooks (node_modules/react-dom/cjs/react-dom-client.development.js:5529:22)
      at updateFunctionComponent (node_modules/react-dom/cjs/react-dom-client.development.js:8897:19)
      at beginWork (node_modules/react-dom/cjs/react-dom-client.development.js:10522:18)
      at runWithFiberInDEV (node_modules/react-dom/cjs/react-dom-client.development.js:1522:13)
      at performUnitOfWork (node_modules/react-dom/cjs/react-dom-client.development.js:15140:22)
      at workLoopSync (node_modules/react-dom/cjs/react-dom-client.development.js:14956:41)
      at renderRootSync (node_modules/react-dom/cjs/react-dom-client.development.js:14936:11)
      at performWorkOnRoot (node_modules/react-dom/cjs/react-dom-client.development.js:14462:44)
      at performWorkOnRootViaSchedulerTask 
(node_modules/react-dom/cjs/react-dom-client.development.js:16216:7)
      at flushActQueue (node_modules/react/cjs/react.development.js:566:34)
      at Object.<anonymous>.process.env.NODE_ENV.exports.act 
(node_modules/react/cjs/react.development.js:859:10)
      at node_modules/@testing-library/react/dist/act-compat.js:47:25
      at renderRoot (node_modules/@testing-library/react/dist/pure.js:190:26)
      at render (node_modules/@testing-library/react/dist/pure.js:292:10)
      at Object.<anonymous> (__tests__/components/dashboard/KeyMetrics.test.tsx:239:11)

PASS __tests__/lib/auth/server.test.ts
PASS __tests__/hooks/auth/useRequireAuth.test.tsx
PASS __tests__/components/LogoutButton.test.tsx
PASS __tests__/architecture/data-consistency.test.ts
PASS __tests__/components/strava/ActivitiesDashboard.test.tsx
PASS __tests__/hooks/use-strava-sync.test.tsx
  ΓùÅ Console

    console.log
      Γ£à Sync completed: {
        success: true,
        message: 'Sync completed successfully',
        data: {
          activitiesProcessed: 15,
          newActivities: 10,
          updatedActivities: 5,
          syncDuration: 2500
        }
      }

      at Object.log [as onSuccess] (hooks/use-strava-sync.ts:84:15)

    console.log
      Γ£à Sync completed: { success: true, message: 'Weekly sync completed' }

      at Object.log [as onSuccess] (hooks/use-strava-sync.ts:84:15)

    console.log
      Γ£à Sync completed: { success: true, message: 'Full sync completed' }

      at Object.log [as onSuccess] (hooks/use-strava-sync.ts:84:15)

    console.error
      Γ¥î Sync failed: Error: Sync failed
          at Object.triggerSync [as mutationFn] 
(C:\Users\tiama\Desktop\Coding\endurorevamp\hooks\use-strava-sync.ts:39:11)

    [0m [90m  97 |[39m     }[33m,[39m
     [90m  98 |[39m     onError[33m:[39m (error) [33m=>[39m {
    [31m[1m>[22m[39m[90m  99 |[39m       console[33m.[39merror([32m'Γ¥î Sync 
failed:'[39m[33m,[39m error)
     [90m     |[39m               [31m[1m^[22m[39m
     [90m 100 |[39m     }
     [90m 101 |[39m   })
     [90m 102 |[39m[0m

      at Object.error [as onError] (hooks/use-strava-sync.ts:99:15)
      at Mutation.execute (node_modules/@tanstack/query-core/src/mutation.ts:248:28)

    console.log
      Γ£à Sync completed: { success: true, message: 'Custom sync completed' }

      at Object.log [as onSuccess] (hooks/use-strava-sync.ts:84:15)

PASS __tests__/lib/utils.test.ts
PASS __tests__/components/dashboard/MonthlyActivityChart.test.tsx
  ΓùÅ Console

    console.warn
      The width(0) and height(0) of chart should be greater than 0,
             please check the style of container, or the props width(100%) and height(100%),
             or add a minWidth(0) or minHeight(undefined) or use aspect(undefined) to control the
             height and width.

    [0m [90m 106 |[39m     } [36mas[39m any)
     [90m 107 |[39m
    [31m[1m>[22m[39m[90m 108 |[39m     render(
     [90m     |[39m           [31m[1m^[22m[39m
     [90m 109 |[39m       [33m<[39m[33mTestWrapper[39m[33m>[39m
     [90m 110 |[39m         [33m<[39m[33mMonthlyActivityChart[39m 
userId[33m=[39m[32m"user-1"[39m [33m/[39m[33m>[39m
     [90m 111 |[39m       [33m<[39m[33m/[39m[33mTestWrapper[39m[33m>[39m[0m

      at warn (node_modules/recharts/lib/util/LogUtils.js:22:17)
      at node_modules/recharts/lib/component/ResponsiveContainer.js:136:24
      at updateMemo (node_modules/react-dom/cjs/react-dom-client.development.js:6621:19)
      at Object.useMemo (node_modules/react-dom/cjs/react-dom-client.development.js:23182:18)
      at Object.<anonymous>.process.env.NODE_ENV.exports.useMemo 
(node_modules/react/cjs/react.development.js:1209:34)
      at node_modules/recharts/lib/component/ResponsiveContainer.js:111:41
      at Object.react-stack-bottom-frame 
(node_modules/react-dom/cjs/react-dom-client.development.js:23863:20)
      at renderWithHooks (node_modules/react-dom/cjs/react-dom-client.development.js:5529:22)
      at updateForwardRef (node_modules/react-dom/cjs/react-dom-client.development.js:8645:19)
      at beginWork (node_modules/react-dom/cjs/react-dom-client.development.js:10861:18)
      at runWithFiberInDEV (node_modules/react-dom/cjs/react-dom-client.development.js:1522:13)
      at performUnitOfWork (node_modules/react-dom/cjs/react-dom-client.development.js:15140:22)
      at workLoopSync (node_modules/react-dom/cjs/react-dom-client.development.js:14956:41)
      at renderRootSync (node_modules/react-dom/cjs/react-dom-client.development.js:14936:11)
      at performWorkOnRoot (node_modules/react-dom/cjs/react-dom-client.development.js:14419:13)
      at performWorkOnRootViaSchedulerTask 
(node_modules/react-dom/cjs/react-dom-client.development.js:16216:7)
      at flushActQueue (node_modules/react/cjs/react.development.js:566:34)
      at Object.<anonymous>.process.env.NODE_ENV.exports.act 
(node_modules/react/cjs/react.development.js:859:10)
      at node_modules/@testing-library/react/dist/act-compat.js:47:25
      at renderRoot (node_modules/@testing-library/react/dist/pure.js:190:26)
      at render (node_modules/@testing-library/react/dist/pure.js:292:10)
      at Object.<anonymous> (__tests__/components/dashboard/MonthlyActivityChart.test.tsx:108:11)

    console.warn
      The width(0) and height(0) of chart should be greater than 0,
             please check the style of container, or the props width(100%) and height(100%),
             or add a minWidth(0) or minHeight(undefined) or use aspect(undefined) to control the
             height and width.

    [0m [90m 137 |[39m     } [36mas[39m any)
     [90m 138 |[39m
    [31m[1m>[22m[39m[90m 139 |[39m     render(
     [90m     |[39m           [31m[1m^[22m[39m
     [90m 140 |[39m       [33m<[39m[33mTestWrapper[39m[33m>[39m
     [90m 141 |[39m         [33m<[39m[33mMonthlyActivityChart[39m 
userId[33m=[39m[32m"user-1"[39m [33m/[39m[33m>[39m
     [90m 142 |[39m       [33m<[39m[33m/[39m[33mTestWrapper[39m[33m>[39m[0m

      at warn (node_modules/recharts/lib/util/LogUtils.js:22:17)
      at node_modules/recharts/lib/component/ResponsiveContainer.js:136:24
      at updateMemo (node_modules/react-dom/cjs/react-dom-client.development.js:6621:19)
      at Object.useMemo (node_modules/react-dom/cjs/react-dom-client.development.js:23182:18)
      at Object.<anonymous>.process.env.NODE_ENV.exports.useMemo 
(node_modules/react/cjs/react.development.js:1209:34)
      at node_modules/recharts/lib/component/ResponsiveContainer.js:111:41
      at Object.react-stack-bottom-frame 
(node_modules/react-dom/cjs/react-dom-client.development.js:23863:20)
      at renderWithHooks (node_modules/react-dom/cjs/react-dom-client.development.js:5529:22)
      at updateForwardRef (node_modules/react-dom/cjs/react-dom-client.development.js:8645:19)
      at beginWork (node_modules/react-dom/cjs/react-dom-client.development.js:10861:18)
      at runWithFiberInDEV (node_modules/react-dom/cjs/react-dom-client.development.js:1522:13)
      at performUnitOfWork (node_modules/react-dom/cjs/react-dom-client.development.js:15140:22)
      at workLoopSync (node_modules/react-dom/cjs/react-dom-client.development.js:14956:41)
      at renderRootSync (node_modules/react-dom/cjs/react-dom-client.development.js:14936:11)
      at performWorkOnRoot (node_modules/react-dom/cjs/react-dom-client.development.js:14419:13)
      at performWorkOnRootViaSchedulerTask 
(node_modules/react-dom/cjs/react-dom-client.development.js:16216:7)
      at flushActQueue (node_modules/react/cjs/react.development.js:566:34)
      at Object.<anonymous>.process.env.NODE_ENV.exports.act 
(node_modules/react/cjs/react.development.js:859:10)
      at node_modules/@testing-library/react/dist/act-compat.js:47:25
      at renderRoot (node_modules/@testing-library/react/dist/pure.js:190:26)
      at render (node_modules/@testing-library/react/dist/pure.js:292:10)
      at Object.<anonymous> (__tests__/components/dashboard/MonthlyActivityChart.test.tsx:139:11)

PASS __tests__/components/LoginButton.test.tsx
PASS __tests__/database/simple-schema-check.test.ts
  ΓùÅ Console

    console.log
      ΓÜá∩╕Å  No real database credentials - skipping all tests

      at Object.log (__tests__/database/simple-schema-check.test.ts:11:15)

    console.log
      Skipping - no database connection

      at Object.log (__tests__/database/simple-schema-check.test.ts:34:15)

    console.log
      Skipping - no database connection

      at Object.log (__tests__/database/simple-schema-check.test.ts:56:15)

    console.log
      Skipping - no database connection

      at Object.log (__tests__/database/simple-schema-check.test.ts:87:15)

PASS __tests__/components/strava/SyncButton.test.tsx
  ΓùÅ Console

    console.log
      ≡ƒöì SyncButton state: {
        isSyncing: false,
        hasError: false,
        syncError: undefined,
        syncResult: null,
        hasLastResult: false
      }

      at log (components/strava/SyncButton.tsx:47:11)

    console.log
      ≡ƒöì SyncButton state: {
        isSyncing: true,
        hasError: false,
        syncError: undefined,
        syncResult: null,
        hasLastResult: false
      }

      at log (components/strava/SyncButton.tsx:47:11)

    console.log
      ≡ƒöì SyncButton state: {
        isSyncing: false,
        hasError: true,
        syncError: 'Test error',
        syncResult: null,
        hasLastResult: false
      }

      at log (components/strava/SyncButton.tsx:47:11)

    console.log
      ≡ƒöì SyncButton state: {
        isSyncing: false,
        hasError: false,
        syncError: undefined,
        syncResult: {
          success: true,
          data: {
            activitiesProcessed: 5,
            newActivities: 3,
            updatedActivities: 2,
            syncDuration: 2000
          }
        },
        hasLastResult: true
      }

      at log (components/strava/SyncButton.tsx:47:11)

    console.log
      ≡ƒöì SyncButton state: {
        isSyncing: false,
        hasError: false,
        syncError: undefined,
        syncResult: null,
        hasLastResult: false
      }

      at log (components/strava/SyncButton.tsx:47:11)

    console.log
      ≡ƒöä SyncButton: Starting sync process

      at log (components/strava/SyncButton.tsx:18:13)

FAIL __tests__/components/settings/UnitPreferences.test.tsx
  ΓùÅ Console

    console.error
      TypeError: toggleUnits is not a function
          at toggleUnits 
(C:\Users\tiama\Desktop\Coding\endurorevamp\components\settings\UnitPreferences.tsx:38:28)
          at executeDispatch (C:\Users\tiama\Desktop\Coding\endurorevamp\node_modules\react-dom\cjs\react-d
om-client.development.js:16368:9)
          at runWithFiberInDEV (C:\Users\tiama\Desktop\Coding\endurorevamp\node_modules\react-dom\cjs\react
-dom-client.development.js:1522:13)
          at processDispatchQueue (C:\Users\tiama\Desktop\Coding\endurorevamp\node_modules\react-dom\cjs\re
act-dom-client.development.js:16418:19)
          at C:\Users\tiama\Desktop\Coding\endurorevamp\node_modules\react-dom\cjs\react-dom-client.develop
ment.js:17016:9
          at batchedUpdates$1 (C:\Users\tiama\Desktop\Coding\endurorevamp\node_modules\react-dom\cjs\react-
dom-client.development.js:3262:40)
          at dispatchEventForPluginEventSystem (C:\Users\tiama\Desktop\Coding\endurorevamp\node_modules\rea
ct-dom\cjs\react-dom-client.development.js:16572:7)
          at dispatchEvent (C:\Users\tiama\Desktop\Coding\endurorevamp\node_modules\react-dom\cjs\react-dom
-client.development.js:20658:11)
          at dispatchDiscreteEvent (C:\Users\tiama\Desktop\Coding\endurorevamp\node_modules\react-dom\cjs\r
eact-dom-client.development.js:20626:11)
          at HTMLDivElement.callTheUserObjectsOperation (C:\Users\tiama\Desktop\Coding\endurorevamp\node_mo
dules\jsdom\lib\jsdom\living\generated\EventListener.js:26:30)
          at innerInvokeEventListeners (C:\Users\tiama\Desktop\Coding\endurorevamp\node_modules\jsdom\lib\j
sdom\living\events\EventTarget-impl.js:350:25)
          at invokeEventListeners (C:\Users\tiama\Desktop\Coding\endurorevamp\node_modules\jsdom\lib\jsdom\
living\events\EventTarget-impl.js:286:3)
          at HTMLButtonElementImpl._dispatch (C:\Users\tiama\Desktop\Coding\endurorevamp\node_modules\jsdom
\lib\jsdom\living\events\EventTarget-impl.js:233:9)
          at HTMLButtonElementImpl.dispatchEvent (C:\Users\tiama\Desktop\Coding\endurorevamp\node_modules\j
sdom\lib\jsdom\living\events\EventTarget-impl.js:104:17)
          at HTMLButtonElement.dispatchEvent (C:\Users\tiama\Desktop\Coding\endurorevamp\node_modules\jsdom
\lib\jsdom\living\generated\EventTarget.js:241:34)
          at 
C:\Users\tiama\Desktop\Coding\endurorevamp\node_modules\@testing-library\dom\dist\events.js:19:20
          at 
C:\Users\tiama\Desktop\Coding\endurorevamp\node_modules\@testing-library\react\dist\pure.js:108:16
          at 
C:\Users\tiama\Desktop\Coding\endurorevamp\node_modules\@testing-library\react\dist\act-compat.js:48:24
          at Object.<anonymous>.process.env.NODE_ENV.exports.act 
(C:\Users\tiama\Desktop\Coding\endurorevamp\node_modules\react\cjs\react.development.js:789:22)
          at 
C:\Users\tiama\Desktop\Coding\endurorevamp\node_modules\@testing-library\react\dist\act-compat.js:47:25
          at Object.eventWrapper 
(C:\Users\tiama\Desktop\Coding\endurorevamp\node_modules\@testing-library\react\dist\pure.js:107:28)
          at fireEvent 
(C:\Users\tiama\Desktop\Coding\endurorevamp\node_modules\@testing-library\dom\dist\events.js:12:35)
          at Function.fireEvent.<computed> [as click] 
(C:\Users\tiama\Desktop\Coding\endurorevamp\node_modules\@testing-library\dom\dist\events.js:110:36)
          at Function.fireEvent.<computed> [as click] 
(C:\Users\tiama\Desktop\Coding\endurorevamp\node_modules\@testing-library\react\dist\fire-event.js:15:52)
          at Object.click 
(C:\Users\tiama\Desktop\Coding\endurorevamp\__tests__\components\settings\UnitPreferences.test.tsx:159:15)
          at Promise.then.completed 
(C:\Users\tiama\Desktop\Coding\endurorevamp\node_modules\jest-circus\build\utils.js:298:28)
          at new Promise (<anonymous>)
          at callAsyncCircusFn 
(C:\Users\tiama\Desktop\Coding\endurorevamp\node_modules\jest-circus\build\utils.js:231:10)
          at _callCircusTest 
(C:\Users\tiama\Desktop\Coding\endurorevamp\node_modules\jest-circus\build\run.js:316:40)
          at processTicksAndRejections (node:internal/process/task_queues:95:5)
          at _runTest 
(C:\Users\tiama\Desktop\Coding\endurorevamp\node_modules\jest-circus\build\run.js:252:3)
          at _runTestsForDescribeBlock 
(C:\Users\tiama\Desktop\Coding\endurorevamp\node_modules\jest-circus\build\run.js:126:9)
          at _runTestsForDescribeBlock 
(C:\Users\tiama\Desktop\Coding\endurorevamp\node_modules\jest-circus\build\run.js:121:9)
          at run (C:\Users\tiama\Desktop\Coding\endurorevamp\node_modules\jest-circus\build\run.js:71:3)
          at runAndTransformResultsToJestFormat (C:\Users\tiama\Desktop\Coding\endurorevamp\node_modules\je
st-circus\build\legacy-code-todo-rewrite\jestAdapterInit.js:122:21)
          at jestAdapter (C:\Users\tiama\Desktop\Coding\endurorevamp\node_modules\jest-circus\build\legacy-
code-todo-rewrite\jestAdapter.js:79:19)
          at runTestInternal 
(C:\Users\tiama\Desktop\Coding\endurorevamp\node_modules\jest-runner\build\runTest.js:367:16)
          at runTest 
(C:\Users\tiama\Desktop\Coding\endurorevamp\node_modules\jest-runner\build\runTest.js:444:34)
          at Object.worker 
(C:\Users\tiama\Desktop\Coding\endurorevamp\node_modules\jest-runner\build\testWorker.js:106:12)

    [0m [90m 157 |[39m
     [90m 158 |[39m     [36mconst[39m kmButton [33m=[39m 
screen[33m.[39mgetByRole([32m'button'[39m[33m,[39m { name[33m:[39m [35m/Kilometers \(km\)/[39m })
    [31m[1m>[22m[39m[90m 159 |[39m     fireEvent[33m.[39mclick(kmButton)
     [90m     |[39m               [31m[1m^[22m[39m
     [90m 160 |[39m
     [90m 161 |[39m     [36mawait[39m waitFor(() [33m=>[39m {
     [90m 162 |[39m       expect(mockSetDistanceUnit)[33m.[39mtoHaveBeenCalledWith([32m'km'[39m)[0m

      at Object.<anonymous>.process.env.NODE_ENV.reportGlobalError 
(node_modules/react-dom/cjs/react-dom-client.development.js:24130:23)
      at executeDispatch (node_modules/react-dom/cjs/react-dom-client.development.js:16370:9)
      at runWithFiberInDEV (node_modules/react-dom/cjs/react-dom-client.development.js:1522:13)
      at processDispatchQueue (node_modules/react-dom/cjs/react-dom-client.development.js:16418:19)
      at node_modules/react-dom/cjs/react-dom-client.development.js:17016:9
      at batchedUpdates$1 (node_modules/react-dom/cjs/react-dom-client.development.js:3262:40)
      at dispatchEventForPluginEventSystem 
(node_modules/react-dom/cjs/react-dom-client.development.js:16572:7)
      at dispatchEvent (node_modules/react-dom/cjs/react-dom-client.development.js:20658:11)
      at dispatchDiscreteEvent (node_modules/react-dom/cjs/react-dom-client.development.js:20626:11)
      at HTMLDivElement.callTheUserObjectsOperation 
(node_modules/jsdom/lib/jsdom/living/generated/EventListener.js:26:30)
      at innerInvokeEventListeners (node_modules/jsdom/lib/jsdom/living/events/EventTarget-impl.js:350:25)
      at invokeEventListeners (node_modules/jsdom/lib/jsdom/living/events/EventTarget-impl.js:286:3)
      at HTMLButtonElementImpl._dispatch 
(node_modules/jsdom/lib/jsdom/living/events/EventTarget-impl.js:233:9)
      at HTMLButtonElementImpl.dispatchEvent 
(node_modules/jsdom/lib/jsdom/living/events/EventTarget-impl.js:104:17)
      at HTMLButtonElement.dispatchEvent 
(node_modules/jsdom/lib/jsdom/living/generated/EventTarget.js:241:34)
      at node_modules/@testing-library/dom/dist/events.js:19:20
      at node_modules/@testing-library/react/dist/pure.js:108:16
      at node_modules/@testing-library/react/dist/act-compat.js:48:24
      at Object.<anonymous>.process.env.NODE_ENV.exports.act 
(node_modules/react/cjs/react.development.js:789:22)
      at node_modules/@testing-library/react/dist/act-compat.js:47:25
      at Object.eventWrapper (node_modules/@testing-library/react/dist/pure.js:107:28)
      at fireEvent (node_modules/@testing-library/dom/dist/events.js:12:35)
      at Function.fireEvent.<computed> [as click] (node_modules/@testing-library/dom/dist/events.js:110:36)
      at Function.fireEvent.<computed> [as click] 
(node_modules/@testing-library/react/dist/fire-event.js:15:52)
      at Object.click (__tests__/components/settings/UnitPreferences.test.tsx:159:15)

  ΓùÅ UnitPreferences Component ΓÇ║ shows loading state when preferences are loading

    TestingLibraryElementError: Unable to find an element with the text: Units & Display. This could be 
because the text is broken up by multiple elements. In this case, you can provide a function for your text 
matcher to make your matcher more flexible.

    Ignored nodes: comments, script, style
    [36m<body>[39m
      [36m<div>[39m
        [36m<div[39m
          [33mclass[39m=[32m"rounded-lg border bg-card text-card-foreground shadow-sm"[39m
        [36m>[39m
          [36m<div[39m
            [33mclass[39m=[32m"flex flex-col space-y-1.5 p-6"[39m
          [36m>[39m
            [36m<h3[39m
              [33mclass[39m=[32m"text-2xl font-semibold leading-none tracking-tight"[39m
            [36m>[39m
              [0mUnit Preferences[0m
            [36m</h3>[39m
            [36m<p[39m
              [33mclass[39m=[32m"text-sm text-muted-foreground"[39m
            [36m>[39m
              [0mChoose your preferred units for distance and pace[0m
            [36m</p>[39m
          [36m</div>[39m
          [36m<div[39m
            [33mclass[39m=[32m"p-6 pt-0 space-y-4"[39m
          [36m>[39m
            [36m<div[39m
              [33mclass[39m=[32m"animate-pulse"[39m
            [36m>[39m
              [36m<div[39m
                [33mclass[39m=[32m"h-10 bg-gray-200 rounded mb-4"[39m
              [36m/>[39m
              [36m<div[39m
                [33mclass[39m=[32m"h-16 bg-gray-100 rounded"[39m
              [36m/>[39m
            [36m</div>[39m
          [36m</div>[39m
        [36m</div>[39m
      [36m</div>[39m
    [36m</body>[39m

    [0m [90m 44 |[39m     render([33m<[39m[33mUnitPreferences[39m [33m/[39m[33m>[39m[33m,[39m 
{ wrapper })
     [90m 45 |[39m
    [31m[1m>[22m[39m[90m 46 |[39m     expect(screen[33m.[39mgetByText([32m'Units & 
Display'[39m))[33m.[39mtoBeInTheDocument()
     [90m    |[39m                   [31m[1m^[22m[39m
     [90m 47 |[39m     expect(screen[33m.[39mgetByText([32m'Choose your preferred units for distances 
and pace'[39m))[33m.[39mtoBeInTheDocument()
     [90m 48 |[39m     
     [90m 49 |[39m     [90m// Should show loading spinner[39m[0m

      at Object.getElementError (node_modules/@testing-library/dom/dist/config.js:37:19)
      at node_modules/@testing-library/dom/dist/query-helpers.js:76:38
      at node_modules/@testing-library/dom/dist/query-helpers.js:52:17
      at node_modules/@testing-library/dom/dist/query-helpers.js:95:19
      at Object.getByText (__tests__/components/settings/UnitPreferences.test.tsx:46:19)

  ΓùÅ UnitPreferences Component ΓÇ║ displays current preferences and allows switching units

    TestingLibraryElementError: Unable to find an element with the text: Miles (mi). This could be because 
the text is broken up by multiple elements. In this case, you can provide a function for your text matcher 
to make your matcher more flexible.

    Ignored nodes: comments, script, style
    [36m<body>[39m
      [36m<div>[39m
        [36m<div[39m
          [33mclass[39m=[32m"rounded-lg border bg-card text-card-foreground shadow-sm"[39m
        [36m>[39m
          [36m<div[39m
            [33mclass[39m=[32m"flex flex-col space-y-1.5 p-6"[39m
          [36m>[39m
            [36m<h3[39m
              [33mclass[39m=[32m"text-2xl font-semibold leading-none tracking-tight"[39m
            [36m>[39m
              [0mUnit Preferences[0m
            [36m</h3>[39m
            [36m<p[39m
              [33mclass[39m=[32m"text-sm text-muted-foreground"[39m
            [36m>[39m
              [0mChoose your preferred units for distance and pace[0m
            [36m</p>[39m
          [36m</div>[39m
          [36m<div[39m
            [33mclass[39m=[32m"p-6 pt-0 space-y-4"[39m
          [36m>[39m
            [36m<div[39m
              [33mclass[39m=[32m"flex gap-2"[39m
            [36m>[39m
              [36m<button[39m
                [33mclass[39m=[32m"inline-flex items-center justify-center gap-2 whitespace-nowrap 
rounded-md text-sm font-medium transition-all disabled:pointer-events-none disabled:opacity-50 
[&_svg]:pointer-events-none [&_svg:not([class*='size-'])]:size-4 shrink-0 [&_svg]:shrink-0 outline-none 
focus-visible:border-ring focus-visible:ring-ring/50 focus-visible:ring-[3px] 
aria-invalid:ring-destructive/20 dark:aria-invalid:ring-destructive/40 aria-invalid:border-destructive 
bg-primary text-primary-foreground shadow-xs hover:bg-primary/90 h-9 px-4 py-2 has-[>svg]:px-3"[39m
                [33mdata-slot[39m=[32m"button"[39m
                [33mdisabled[39m=[32m""[39m
              [36m>[39m
                [0mKilometers (km)[0m
              [36m</button>[39m
              [36m<button[39m
                [33mclass[39m=[32m"inline-flex items-center justify-center gap-2 whitespace-nowrap 
rounded-md text-sm font-medium transition-all disabled:pointer-events-none disabled:opacity-50 
[&_svg]:pointer-events-none [&_svg:not([class*='size-'])]:size-4 shrink-0 [&_svg]:shrink-0 outline-none 
focus-visible:border-ring focus-visible:ring-ring/50 focus-visible:ring-[3px] 
aria-invalid:ring-destructive/20 dark:aria-invalid:ring-destructive/40 aria-invalid:border-destructive 
border bg-background shadow-xs hover:bg-accent hover:text-accent-foreground dark:bg-input/30 
dark:border-input dark:hover:bg-input/50 h-9 px-4 py-2 has-[>svg]:px-3"[39m
                [33mdata-slot[39m=[32m"button"[39m
              [36m>[39m
                [0mMiles[0m
              [36m</button>[39m
            [36m</div>[39m
            [36m<div[39m
              [33mclass[39m=[32m"p-3 bg-gray-50 rounded-lg text-sm text-gray-600"[39m
            [36m>[39m
              [36m<div[39m
                [33mclass[39m=[32m"font-medium mb-2"[39m
              [36m>[39m
                [0mExamples with current setting:[0m
              [36m</div>[39m
              [36m<div[39m
                [33mclass[39m=[32m"space-y-1"[39m
              [36m>[39m
                [36m<div>[39m
                  [0mΓÇó Distance: [0m
                  [0m5.0 km[0m
                [36m</div>[39m
                [36m<div>[39m
                  [0mΓÇó Pace: [0m
                  [0m5:00/km[0m
                  [0m (5:00 per km converted)[0m
                [36m</div>[39m
                [36m<div>[39m
                  [0mΓÇó Long run: [0m
                  [0m21.1 km[0m
                [36m</div>[39m
              [36m</div>[39m
            [36m</div>[39m
          [36m</div>[39m
        [36m</div>[39m
      [36m</div>[39m
    [36m</body>[39m

    [0m [90m 64 |[39m     [90m// Should show the unit selection buttons[39m
     [90m 65 |[39m     expect(screen[33m.[39mgetByText([32m'Kilometers 
(km)'[39m))[33m.[39mtoBeInTheDocument()
    [31m[1m>[22m[39m[90m 66 |[39m     expect(screen[33m.[39mgetByText([32m'Miles 
(mi)'[39m))[33m.[39mtoBeInTheDocument()
     [90m    |[39m                   [31m[1m^[22m[39m
     [90m 67 |[39m     
     [90m 68 |[39m     [90m// Should show current settings[39m
     [90m 69 |[39m     expect(screen[33m.[39mgetByText([32m'Current 
Settings'[39m))[33m.[39mtoBeInTheDocument()[0m

      at Object.getElementError (node_modules/@testing-library/dom/dist/config.js:37:19)
      at node_modules/@testing-library/dom/dist/query-helpers.js:76:38
      at node_modules/@testing-library/dom/dist/query-helpers.js:52:17
      at node_modules/@testing-library/dom/dist/query-helpers.js:95:19
      at Object.getByText (__tests__/components/settings/UnitPreferences.test.tsx:66:19)

  ΓùÅ UnitPreferences Component ΓÇ║ shows miles preferences when set to miles

    TestingLibraryElementError: Unable to find an element with the text: Miles (mi). This could be because 
the text is broken up by multiple elements. In this case, you can provide a function for your text matcher 
to make your matcher more flexible.

    Ignored nodes: comments, script, style
    [36m<body>[39m
      [36m<div>[39m
        [36m<div[39m
          [33mclass[39m=[32m"rounded-lg border bg-card text-card-foreground shadow-sm"[39m
        [36m>[39m
          [36m<div[39m
            [33mclass[39m=[32m"flex flex-col space-y-1.5 p-6"[39m
          [36m>[39m
            [36m<h3[39m
              [33mclass[39m=[32m"text-2xl font-semibold leading-none tracking-tight"[39m
            [36m>[39m
              [0mUnit Preferences[0m
            [36m</h3>[39m
            [36m<p[39m
              [33mclass[39m=[32m"text-sm text-muted-foreground"[39m
            [36m>[39m
              [0mChoose your preferred units for distance and pace[0m
            [36m</p>[39m
          [36m</div>[39m
          [36m<div[39m
            [33mclass[39m=[32m"p-6 pt-0 space-y-4"[39m
          [36m>[39m
            [36m<div[39m
              [33mclass[39m=[32m"flex gap-2"[39m
            [36m>[39m
              [36m<button[39m
                [33mclass[39m=[32m"inline-flex items-center justify-center gap-2 whitespace-nowrap 
rounded-md text-sm font-medium transition-all disabled:pointer-events-none disabled:opacity-50 
[&_svg]:pointer-events-none [&_svg:not([class*='size-'])]:size-4 shrink-0 [&_svg]:shrink-0 outline-none 
focus-visible:border-ring focus-visible:ring-ring/50 focus-visible:ring-[3px] 
aria-invalid:ring-destructive/20 dark:aria-invalid:ring-destructive/40 aria-invalid:border-destructive 
border bg-background shadow-xs hover:bg-accent hover:text-accent-foreground dark:bg-input/30 
dark:border-input dark:hover:bg-input/50 h-9 px-4 py-2 has-[>svg]:px-3"[39m
                [33mdata-slot[39m=[32m"button"[39m
              [36m>[39m
                [0mKilometers (km)[0m
              [36m</button>[39m
              [36m<button[39m
                [33mclass[39m=[32m"inline-flex items-center justify-center gap-2 whitespace-nowrap 
rounded-md text-sm font-medium transition-all disabled:pointer-events-none disabled:opacity-50 
[&_svg]:pointer-events-none [&_svg:not([class*='size-'])]:size-4 shrink-0 [&_svg]:shrink-0 outline-none 
focus-visible:border-ring focus-visible:ring-ring/50 focus-visible:ring-[3px] 
aria-invalid:ring-destructive/20 dark:aria-invalid:ring-destructive/40 aria-invalid:border-destructive 
bg-primary text-primary-foreground shadow-xs hover:bg-primary/90 h-9 px-4 py-2 has-[>svg]:px-3"[39m
                [33mdata-slot[39m=[32m"button"[39m
                [33mdisabled[39m=[32m""[39m
              [36m>[39m
                [0mMiles[0m
              [36m</button>[39m
            [36m</div>[39m
            [36m<div[39m
              [33mclass[39m=[32m"p-3 bg-gray-50 rounded-lg text-sm text-gray-600"[39m
            [36m>[39m
              [36m<div[39m
                [33mclass[39m=[32m"font-medium mb-2"[39m
              [36m>[39m
                [0mExamples with current setting:[0m
              [36m</div>[39m
              [36m<div[39m
                [33mclass[39m=[32m"space-y-1"[39m
              [36m>[39m
                [36m<div>[39m
                  [0mΓÇó Distance: [0m
                  [0m3.1 mi[0m
                [36m</div>[39m
                [36m<div>[39m
                  [0mΓÇó Pace: [0m
                  [0m8:02/mi[0m
                  [0m (5:00 per km converted)[0m
                [36m</div>[39m
                [36m<div>[39m
                  [0mΓÇó Long run: [0m
                  [0m13.1 mi[0m
                [36m</div>[39m
              [36m</div>[39m
            [36m</div>[39m
          [36m</div>[39m
        [36m</div>[39m
      [36m</div>[39m
    [36m</body>[39m

    [0m [90m  95 |[39m
     [90m  96 |[39m     [90m// Should show miles in current settings[39m
    [31m[1m>[22m[39m[90m  97 |[39m     expect(screen[33m.[39mgetByText([32m'Miles 
(mi)'[39m))[33m.[39mtoBeInTheDocument()
     [90m     |[39m                   [31m[1m^[22m[39m
     [90m  98 |[39m     
expect(screen[33m.[39mgetByText([32m'min/mile'[39m))[33m.[39mtoBeInTheDocument()
     [90m  99 |[39m     
     [90m 100 |[39m     [90m// Should show examples in miles[39m[0m

      at Object.getElementError (node_modules/@testing-library/dom/dist/config.js:37:19)
      at node_modules/@testing-library/dom/dist/query-helpers.js:76:38
      at node_modules/@testing-library/dom/dist/query-helpers.js:52:17
      at node_modules/@testing-library/dom/dist/query-helpers.js:95:19
      at Object.getByText (__tests__/components/settings/UnitPreferences.test.tsx:97:19)

  ΓùÅ UnitPreferences Component ΓÇ║ shows correct active state for buttons

    expect(received).toBeInTheDocument()

    received value must be an HTMLElement or an SVGElement.
    Received has value: null

    [0m [90m 118 |[39m     
     [90m 119 |[39m     [90m// Should show check mark for active option[39m
    [31m[1m>[22m[39m[90m 120 |[39m     
expect(document[33m.[39mquerySelector([32m'.lucide-check'[39m))[33m.[39mtoBeInTheDocument()
     [90m     |[39m                                                     [31m[1m^[22m[39m
     [90m 121 |[39m   })
     [90m 122 |[39m
     [90m 123 |[39m   it([32m'shows saving state when updating preferences'[39m[33m,[39m 
[36masync[39m () [33m=>[39m {[0m

      at __EXTERNAL_MATCHER_TRAP__ (node_modules/expect/build/index.js:325:30)
      at Object.throwingMatcher [as toBeInTheDocument] (node_modules/expect/build/index.js:326:15)
      at Object.toBeInTheDocument (__tests__/components/settings/UnitPreferences.test.tsx:120:53)

  ΓùÅ UnitPreferences Component ΓÇ║ shows saving state when updating preferences

    TestingLibraryElementError: Unable to find an accessible element with the role "button" and name 
`/Miles \(mi\)/`

    Here are the accessible roles:

      heading:

      Name "Unit Preferences":
      [36m<h3[39m
        [33mclass[39m=[32m"text-2xl font-semibold leading-none tracking-tight"[39m
      [36m/>[39m

      --------------------------------------------------
      paragraph:

      Name "":
      [36m<p[39m
        [33mclass[39m=[32m"text-sm text-muted-foreground"[39m
      [36m/>[39m

      --------------------------------------------------
      button:

      Name "Kilometers (km)":
      [36m<button[39m
        [33mclass[39m=[32m"inline-flex items-center justify-center gap-2 whitespace-nowrap rounded-md 
text-sm font-medium transition-all disabled:pointer-events-none disabled:opacity-50 
[&_svg]:pointer-events-none [&_svg:not([class*='size-'])]:size-4 shrink-0 [&_svg]:shrink-0 outline-none 
focus-visible:border-ring focus-visible:ring-ring/50 focus-visible:ring-[3px] 
aria-invalid:ring-destructive/20 dark:aria-invalid:ring-destructive/40 aria-invalid:border-destructive 
bg-primary text-primary-foreground shadow-xs hover:bg-primary/90 h-9 px-4 py-2 has-[>svg]:px-3"[39m
        [33mdata-slot[39m=[32m"button"[39m
        [33mdisabled[39m=[32m""[39m
      [36m/>[39m

      Name "Miles":
      [36m<button[39m
        [33mclass[39m=[32m"inline-flex items-center justify-center gap-2 whitespace-nowrap rounded-md 
text-sm font-medium transition-all disabled:pointer-events-none disabled:opacity-50 
[&_svg]:pointer-events-none [&_svg:not([class*='size-'])]:size-4 shrink-0 [&_svg]:shrink-0 outline-none 
focus-visible:border-ring focus-visible:ring-ring/50 focus-visible:ring-[3px] 
aria-invalid:ring-destructive/20 dark:aria-invalid:ring-destructive/40 aria-invalid:border-destructive 
border bg-background shadow-xs hover:bg-accent hover:text-accent-foreground dark:bg-input/30 
dark:border-input dark:hover:bg-input/50 h-9 px-4 py-2 has-[>svg]:px-3"[39m
        [33mdata-slot[39m=[32m"button"[39m
      [36m/>[39m

      --------------------------------------------------

    Ignored nodes: comments, script, style
    [36m<body>[39m
      [36m<div>[39m
        [36m<div[39m
          [33mclass[39m=[32m"rounded-lg border bg-card text-card-foreground shadow-sm"[39m
        [36m>[39m
          [36m<div[39m
            [33mclass[39m=[32m"flex flex-col space-y-1.5 p-6"[39m
          [36m>[39m
            [36m<h3[39m
              [33mclass[39m=[32m"text-2xl font-semibold leading-none tracking-tight"[39m
            [36m>[39m
              [0mUnit Preferences[0m
            [36m</h3>[39m
            [36m<p[39m
              [33mclass[39m=[32m"text-sm text-muted-foreground"[39m
            [36m>[39m
              [0mChoose your preferred units for distance and pace[0m
            [36m</p>[39m
          [36m</div>[39m
          [36m<div[39m
            [33mclass[39m=[32m"p-6 pt-0 space-y-4"[39m
          [36m>[39m
            [36m<div[39m
              [33mclass[39m=[32m"flex gap-2"[39m
            [36m>[39m
              [36m<button[39m
                [33mclass[39m=[32m"inline-flex items-center justify-center gap-2 whitespace-nowrap 
rounded-md text-sm font-medium transition-all disabled:pointer-events-none disabled:opacity-50 
[&_svg]:pointer-events-none [&_svg:not([class*='size-'])]:size-4 shrink-0 [&_svg]:shrink-0 outline-none 
focus-visible:border-ring focus-visible:ring-ring/50 focus-visible:ring-[3px] 
aria-invalid:ring-destructive/20 dark:aria-invalid:ring-destructive/40 aria-invalid:border-destructive 
bg-primary text-primary-foreground shadow-xs hover:bg-primary/90 h-9 px-4 py-2 has-[>svg]:px-3"[39m
                [33mdata-slot[39m=[32m"button"[39m
                [33mdisabled[39m=[32m""[39m
              [36m>[39m
                [0mKilometers (km)[0m
              [36m</button>[39m
              [36m<button[39m
                [33mclass[39m=[32m"inline-flex items-center justify-center gap-2 whitespace-nowrap 
rounded-md text-sm font-medium transition-all disabled:pointer-events-none disabled:opacity-50 
[&_svg]:pointer-events-none [&_svg:not([class*='size-'])]:size-4 shrink-0 [&_svg]:shrink-0 outline-none 
focus-visible:border-ring focus-visible:ring-ring/50 focus-visible:ring-[3px] 
aria-invalid:ring-destructive/20 dark:aria-invalid:ring-destructive/40 aria-invalid:border-destructive 
border bg-background shadow-xs hover:bg-accent hover:text-accent-foreground dark:bg-input/30 
dark:border-input dark:hover:bg-input/50 h-9 px-4 py-2 has-[>svg]:px-3"[39m
                [33mdata-slot[39m=[32m"button"[39m
              [36m>[39m
                [0mMiles[0m
              [36m</button>[39m
            [36m</div>[39m
            [36m<div[39m
              [33mclass[39m=[32m"p-3 bg-gray-50 rounded-lg text-sm text-gray-600"[39m
            [36m>[39m
              [36m<div[39m
                [33mclass[39m=[32m"font-medium mb-2"[39m
              [36m>[39m
                [0mExamples with current setting:[0m
              [36m</div>[39m
              [36m<div[39m
                [33mclass[39m=[32m"space-y-1"[39m
              [36m>[39m
                [36m<div>[39m
                  [0mΓÇó Distance: [0m
                  [0m5.0 km[0m
                [36m</div>[39m
                [36m<div>[39m
                  [0mΓÇó Pace: [0m
                  [0m5:00/km[0m
                  [0m (5:00 per km converted)[0m
                [36m</div>[39m
                [36m<div>[39m
                  [0mΓÇó Long run: [0m
                  [0m21.1 km[0m
                [36m</div>[39m
              [36m</div>[39m
            [36m</div>[39m
          [36m</div>[39m
        [36m</div>[39m
      [36m</div>[39m
    [36m</body>[39m

    [0m [90m 134 |[39m     render([33m<[39m[33mUnitPreferences[39m 
[33m/[39m[33m>[39m[33m,[39m { wrapper })
     [90m 135 |[39m
    [31m[1m>[22m[39m[90m 136 |[39m     [36mconst[39m milesButton [33m=[39m 
screen[33m.[39mgetByRole([32m'button'[39m[33m,[39m { name[33m:[39m [35m/Miles \(mi\)/[39m })
     [90m     |[39m                                [31m[1m^[22m[39m
     [90m 137 |[39m     fireEvent[33m.[39mclick(milesButton)
     [90m 138 |[39m
     [90m 139 |[39m     [90m// Should show saving state[39m[0m

      at Object.getElementError (node_modules/@testing-library/dom/dist/config.js:37:19)
      at node_modules/@testing-library/dom/dist/query-helpers.js:76:38
      at node_modules/@testing-library/dom/dist/query-helpers.js:52:17
      at node_modules/@testing-library/dom/dist/query-helpers.js:95:19
      at Object.getByRole (__tests__/components/settings/UnitPreferences.test.tsx:136:32)

  ΓùÅ UnitPreferences Component ΓÇ║ handles switching from miles to kilometers

    TypeError: toggleUnits is not a function

    [0m [90m 36 |[39m           [33m<[39m[33mButton[39m
     [90m 37 |[39m             variant[33m=[39m{preferences[33m.[39mdistance [33m===[39m 
[32m'km'[39m [33m?[39m [32m'default'[39m [33m:[39m [32m'outline'[39m}
    [31m[1m>[22m[39m[90m 38 |[39m             onClick[33m=[39m{() [33m=>[39m toggleUnits()}
     [90m    |[39m                            [31m[1m^[22m[39m
     [90m 39 |[39m             disabled[33m=[39m{preferences[33m.[39mdistance [33m===[39m 
[32m'km'[39m}
     [90m 40 |[39m           [33m>[39m
     [90m 41 |[39m             [33mKilometers[39m (km)[0m

      at toggleUnits (components/settings/UnitPreferences.tsx:38:28)
      at executeDispatch (node_modules/react-dom/cjs/react-dom-client.development.js:16368:9)
      at runWithFiberInDEV (node_modules/react-dom/cjs/react-dom-client.development.js:1522:13)
      at processDispatchQueue (node_modules/react-dom/cjs/react-dom-client.development.js:16418:19)
      at node_modules/react-dom/cjs/react-dom-client.development.js:17016:9
      at batchedUpdates$1 (node_modules/react-dom/cjs/react-dom-client.development.js:3262:40)
      at dispatchEventForPluginEventSystem 
(node_modules/react-dom/cjs/react-dom-client.development.js:16572:7)
      at dispatchEvent (node_modules/react-dom/cjs/react-dom-client.development.js:20658:11)
      at dispatchDiscreteEvent (node_modules/react-dom/cjs/react-dom-client.development.js:20626:11)
      at HTMLDivElement.callTheUserObjectsOperation 
(node_modules/jsdom/lib/jsdom/living/generated/EventListener.js:26:30)
      at innerInvokeEventListeners (node_modules/jsdom/lib/jsdom/living/events/EventTarget-impl.js:350:25)
      at invokeEventListeners (node_modules/jsdom/lib/jsdom/living/events/EventTarget-impl.js:286:3)
      at HTMLButtonElementImpl._dispatch 
(node_modules/jsdom/lib/jsdom/living/events/EventTarget-impl.js:233:9)
      at HTMLButtonElementImpl.dispatchEvent 
(node_modules/jsdom/lib/jsdom/living/events/EventTarget-impl.js:104:17)
      at HTMLButtonElement.dispatchEvent 
(node_modules/jsdom/lib/jsdom/living/generated/EventTarget.js:241:34)
      at node_modules/@testing-library/dom/dist/events.js:19:20
      at node_modules/@testing-library/react/dist/pure.js:108:16
      at node_modules/@testing-library/react/dist/act-compat.js:48:24
      at Object.<anonymous>.process.env.NODE_ENV.exports.act 
(node_modules/react/cjs/react.development.js:789:22)
      at node_modules/@testing-library/react/dist/act-compat.js:47:25
      at Object.eventWrapper (node_modules/@testing-library/react/dist/pure.js:107:28)
      at fireEvent (node_modules/@testing-library/dom/dist/events.js:12:35)
      at Function.fireEvent.<computed> [as click] (node_modules/@testing-library/dom/dist/events.js:110:36)
      at Function.fireEvent.<computed> [as click] 
(node_modules/@testing-library/react/dist/fire-event.js:15:52)
      at Object.click (__tests__/components/settings/UnitPreferences.test.tsx:159:15)

  ΓùÅ UnitPreferences Component ΓÇ║ handles switching from miles to kilometers

    expect(jest.fn()).toHaveBeenCalledWith(...expected)

    Expected: "km"

    Number of calls: 0

    Ignored nodes: comments, script, style
    [36m<html>[39m
      [36m<head />[39m
      [36m<body>[39m
        [36m<div>[39m
          [36m<div[39m
            [33mclass[39m=[32m"rounded-lg border bg-card text-card-foreground shadow-sm"[39m
          [36m>[39m
            [36m<div[39m
              [33mclass[39m=[32m"flex flex-col space-y-1.5 p-6"[39m
            [36m>[39m
              [36m<h3[39m
                [33mclass[39m=[32m"text-2xl font-semibold leading-none tracking-tight"[39m
              [36m>[39m
                [0mUnit Preferences[0m
              [36m</h3>[39m
              [36m<p[39m
                [33mclass[39m=[32m"text-sm text-muted-foreground"[39m
              [36m>[39m
                [0mChoose your preferred units for distance and pace[0m
              [36m</p>[39m
            [36m</div>[39m
            [36m<div[39m
              [33mclass[39m=[32m"p-6 pt-0 space-y-4"[39m
            [36m>[39m
              [36m<div[39m
                [33mclass[39m=[32m"flex gap-2"[39m
              [36m>[39m
                [36m<button[39m
                  [33mclass[39m=[32m"inline-flex items-center justify-center gap-2 whitespace-nowrap 
rounded-md text-sm font-medium transition-all disabled:pointer-events-none disabled:opacity-50 
[&_svg]:pointer-events-none [&_svg:not([class*='size-'])]:size-4 shrink-0 [&_svg]:shrink-0 outline-none 
focus-visible:border-ring focus-visible:ring-ring/50 focus-visible:ring-[3px] 
aria-invalid:ring-destructive/20 dark:aria-invalid:ring-destructive/40 aria-invalid:border-destructive 
border bg-background shadow-xs hover:bg-accent hover:text-accent-foreground dark:bg-input/30 
dark:border-input dark:hover:bg-input/50 h-9 px-4 py-2 has-[>svg]:px-3"[39m
                  [33mdata-slot[39m=[32m"button"[39m
                [36m>[39m
                  [0mKilometers (km)[0m
                [36m</button>[39m
                [36m<button[39m
                  [33mclass[39m=[32m"inline-flex items-center justify-center gap-2 whitespace-nowrap 
rounded-md text-sm font-medium transition-all disabled:pointer-events-none disabled:opacity-50 
[&_svg]:pointer-events-none [&_svg:not([class*='size-'])]:size-4 shrink-0 [&_svg]:shrink-0 outline-none 
focus-visible:border-ring focus-visible:ring-ring/50 focus-visible:ring-[3px] 
aria-invalid:ring-destructive/20 dark:aria-invalid:ring-destructive/40 aria-invalid:border-destructive 
bg-primary text-primary-foreground shadow-xs hover:bg-primary/90 h-9 px-4 py-2 has-[>svg]:px-3"[39m
                  [33mdata-slot[39m=[32m"button"[39m
                  [33mdisabled[39m=[32m""[39m
                [36m>[39m
                  [0mMiles[0m
                [36m</button>[39m
              [36m</div>[39m
              [36m<div[39m
                [33mclass[39m=[32m"p-3 bg-gray-50 rounded-lg text-sm text-gray-600"[39m
              [36m>[39m
                [36m<div[39m
                  [33mclass[39m=[32m"font-medium mb-2"[39m
                [36m>[39m
                  [0mExamples with current setting:[0m
                [36m</div>[39m
                [36m<div[39m
                  [33mclass[39m=[32m"space-y-1"[39m
                [36m>[39m
                  [36m<div>[39m
                    [0mΓÇó Distance: [0m
                    [0m3.1 mi[0m
                  [36m</div>[39m
                  [36m<div>[39m
                    [0mΓÇó Pace: [0m
                    [0m8:02/mi[0m
                    [0m (5:00 per km converted)[0m
                  [36m</div>[39m
                  [36m<div>[39m
                    [0mΓÇó Long run: [0m
                    [0m13.1 mi[0m
                  [36m</div>[39m
                [36m</div>[39m
              [36m</div>[39m
            [36m</div>[39m
          [36m</div>[39m
        [36m</div>[39m
      [36m</body>[39m
    [36m</html>[39m

    [0m [90m 160 |[39m
     [90m 161 |[39m     [36mawait[39m waitFor(() [33m=>[39m {
    [31m[1m>[22m[39m[90m 162 |[39m       
expect(mockSetDistanceUnit)[33m.[39mtoHaveBeenCalledWith([32m'km'[39m)
     [90m     |[39m                                   [31m[1m^[22m[39m
     [90m 163 |[39m     })
     [90m 164 |[39m   })
     [90m 165 |[39m }) [0m

      at toHaveBeenCalledWith (__tests__/components/settings/UnitPreferences.test.tsx:162:35)
      at runWithExpensiveErrorDiagnosticsDisabled (node_modules/@testing-library/dom/dist/config.js:47:12)
      at checkCallback (node_modules/@testing-library/dom/dist/wait-for.js:124:77)
      at checkRealTimersCallback (node_modules/@testing-library/dom/dist/wait-for.js:118:16)
      at Timeout.task [as _onTimeout] (node_modules/jsdom/lib/jsdom/browser/Window.js:579:19)

FAIL __tests__/components/strava/StravaConnectionStatus.test.tsx
  ΓùÅ Test suite failed to run

    Configuration error:

    Could not locate module @/hooks/strava/useStravaSync mapped as:
    C:\Users\tiama\Desktop\Coding\endurorevamp\$1.

    Please check your configuration for these entries:
    {
      "moduleNameMapper": {
        "/^@\/(.*)$/": "C:\Users\tiama\Desktop\Coding\endurorevamp\$1"
      },
      "resolver": undefined
    }

    [0m [90m 30 |[39m }))[33m;[39m
     [90m 31 |[39m
    [31m[1m>[22m[39m[90m 32 |[39m 
jest[33m.[39mmock([32m'@/hooks/strava/useStravaSync'[39m[33m,[39m () [33m=>[39m ({
     [90m    |[39m      [31m[1m^[22m[39m
     [90m 33 |[39m   useStravaSync[33m:[39m jest[33m.[39mfn(() [33m=>[39m ({
     [90m 34 |[39m     syncData[33m:[39m jest[33m.[39mfn()[33m,[39m
     [90m 35 |[39m     isLoading[33m:[39m [36mfalse[39m[33m,[39m[0m

      at createNoMappedModuleFoundError (node_modules/jest-resolve/build/resolver.js:759:17)
      at Object.mock (__tests__/components/strava/StravaConnectionStatus.test.tsx:32:6)

FAIL __tests__/components/strava/StravaReconnectionPrompt.test.tsx
  ΓùÅ Test suite failed to run

    TypeError: Cannot redefine property: location
        at Function.defineProperty (<anonymous>)

    [0m [90m 10 |[39m [90m// Mock window.location.href[39m
     [90m 11 |[39m [36mconst[39m mockLocationHref [33m=[39m jest[33m.[39mfn()[33m;[39m
    [31m[1m>[22m[39m[90m 12 |[39m [33mObject[39m[33m.[39mdefineProperty(window[33m,[39m 
[32m'location'[39m[33m,[39m {
     [90m    |[39m        [31m[1m^[22m[39m
     [90m 13 |[39m   value[33m:[39m {
     [90m 14 |[39m     href[33m:[39m [32m''[39m
     [90m 15 |[39m   }[33m,[39m[0m

      at Object.defineProperty (__tests__/components/strava/StravaReconnectionPrompt.test.tsx:12:8)

C:\Users\tiama\Desktop\Coding\endurorevamp\node_modules\next\dist\server\app-render\work-unit-async-storage
.external.js:80
    throw Object.defineProperty(new Error(`\`${callingExpression}\` was called outside a request scope. 
Read more: https://nextjs.org/docs/messages/next-dynamic-api-wrong-context`), "__NEXT_ERROR_CODE", {
                                ^

Error: `cookies` was called outside a request scope. Read more: 
https://nextjs.org/docs/messages/next-dynamic-api-wrong-context
    at throwForMissingRequestStore (C:\Users\tiama\Desktop\Coding\endurorevamp\node_modules\next\src\server
\app-render\work-unit-async-storage.external.ts:250:9)
    at throwForMissingRequestStore (C:\Users\tiama\Desktop\Coding\endurorevamp\node_modules\next\src\server
\app-render\work-unit-async-storage.external.ts:218:5)
    at cookies 
(C:\Users\tiama\Desktop\Coding\endurorevamp\node_modules\next\src\server\request\cookies.ts:127:47)
    at createClient (C:\Users\tiama\Desktop\Coding\endurorevamp\lib\supabase\server.ts:55:31)
    at processTicksAndRejections (node:internal/process/task_queues:95:5)

Node.js v18.18.0
FAIL __tests__/components/goals/DynamicGoalSuggestions.test.tsx
  ΓùÅ Test suite failed to run

    ReferenceError: Cannot access 'mockAnalyzeUserPerformance' before initialization

    [0m [90m 22 |[39m jest[33m.[39mmock([32m'@/lib/goals/dynamic-suggestions'[39m[33m,[39m () 
[33m=>[39m ({
     [90m 23 |[39m   [33mDynamicGoalEngine[39m[33m:[39m {
    [31m[1m>[22m[39m[90m 24 |[39m     analyzeUserPerformance[33m:[39m 
mockAnalyzeUserPerformance[33m,[39m
     [90m    |[39m                             [31m[1m^[22m[39m
     [90m 25 |[39m     generateDynamicSuggestions[33m:[39m mockGenerateDynamicSuggestions[33m,[39m
     [90m 26 |[39m   }
     [90m 27 |[39m }))[33m;[39m[0m

      at mockAnalyzeUserPerformance (__tests__/components/goals/DynamicGoalSuggestions.test.tsx:24:29)
      at Object.<anonymous> (components/goals/DynamicGoalSuggestions.tsx:22:29)
      at Object.<anonymous> (__tests__/components/goals/DynamicGoalSuggestions.test.tsx:19:33)

FAIL __tests__/components/goals/GoalsPage.test.tsx
  ΓùÅ GoalCard ΓÇ║ calls onEdit when edit button is clicked

    TestingLibraryElementError: Unable to find an accessible element with the role "button" and name 
`/more/i`

    Here are the accessible roles:

      heading:

      Name "Weekly Distance":
      [36m<h3[39m
        [33mclass[39m=[32m"font-semibold tracking-tight text-lg"[39m
      [36m/>[39m

      --------------------------------------------------
      button:

      Name "":
      [36m<button[39m
        [33maria-expanded[39m=[32m"false"[39m
        [33maria-haspopup[39m=[32m"menu"[39m
        [33mclass[39m=[32m"inline-flex items-center justify-center whitespace-nowrap text-sm 
font-medium transition-all disabled:pointer-events-none disabled:opacity-50 [&_svg]:pointer-events-none 
[&_svg:not([class*='size-'])]:size-4 shrink-0 [&_svg]:shrink-0 outline-none focus-visible:border-ring 
focus-visible:ring-ring/50 focus-visible:ring-[3px] aria-invalid:ring-destructive/20 
dark:aria-invalid:ring-destructive/40 aria-invalid:border-destructive hover:bg-accent 
hover:text-accent-foreground dark:hover:bg-accent/50 rounded-md gap-1.5 has-[>svg]:px-2.5 h-8 w-8 p-0"[39m
        [33mdata-slot[39m=[32m"dropdown-menu-trigger"[39m
        [33mdata-state[39m=[32m"closed"[39m
        [33mid[39m=[32m"radix-┬½r4┬╗"[39m
        [33mtype[39m=[32m"button"[39m
      [36m/>[39m

      Name "Edit Goal":
      [36m<button[39m
        [33mclass[39m=[32m"inline-flex items-center justify-center whitespace-nowrap text-sm 
font-medium transition-all disabled:pointer-events-none disabled:opacity-50 [&_svg]:pointer-events-none 
[&_svg:not([class*='size-'])]:size-4 shrink-0 [&_svg]:shrink-0 outline-none focus-visible:border-ring 
focus-visible:ring-ring/50 focus-visible:ring-[3px] aria-invalid:ring-destructive/20 
dark:aria-invalid:ring-destructive/40 aria-invalid:border-destructive border bg-background shadow-xs 
hover:bg-accent hover:text-accent-foreground dark:bg-input/30 dark:border-input dark:hover:bg-input/50 h-8 
rounded-md gap-1.5 px-3 has-[>svg]:px-2.5 w-full"[39m
        [33mdata-slot[39m=[32m"button"[39m
      [36m/>[39m

      --------------------------------------------------
      progressbar:

      Name "":
      [36m<div[39m
        [33maria-valuemax[39m=[32m"100"[39m
        [33maria-valuemin[39m=[32m"0"[39m
        [33mclass[39m=[32m"bg-primary/20 relative w-full overflow-hidden rounded-full h-2"[39m
        [33mdata-max[39m=[32m"100"[39m
        [33mdata-slot[39m=[32m"progress"[39m
        [33mdata-state[39m=[32m"indeterminate"[39m
        [33mrole[39m=[32m"progressbar"[39m
      [36m/>[39m

      --------------------------------------------------

    Ignored nodes: comments, script, style
    [36m<body>[39m
      [36m<div>[39m
        [36m<div[39m
          [33mclass[39m=[32m"rounded-lg border bg-card text-card-foreground shadow-sm transition-all 
hover:shadow-md"[39m
        [36m>[39m
          [36m<div[39m
            [33mclass[39m=[32m"flex flex-col space-y-1.5 p-6 pb-3"[39m
          [36m>[39m
            [36m<div[39m
              [33mclass[39m=[32m"flex items-start justify-between"[39m
            [36m>[39m
              [36m<div[39m
                [33mclass[39m=[32m"flex items-start gap-3"[39m
              [36m>[39m
                [36m<div[39m
                  [33mclass[39m=[32m"p-2 rounded-lg bg-primary/10 text-primary"[39m
                [36m>[39m
                  [36m<svg[39m
                    [33maria-hidden[39m=[32m"true"[39m
                    [33mclass[39m=[32m"lucide lucide-target h-4 w-4"[39m
                    [33mfill[39m=[32m"none"[39m
                    [33mheight[39m=[32m"24"[39m
                    [33mstroke[39m=[32m"currentColor"[39m
                    [33mstroke-linecap[39m=[32m"round"[39m
                    [33mstroke-linejoin[39m=[32m"round"[39m
                    [33mstroke-width[39m=[32m"2"[39m
                    [33mviewBox[39m=[32m"0 0 24 24"[39m
                    [33mwidth[39m=[32m"24"[39m
                    [33mxmlns[39m=[32m"http://www.w3.org/2000/svg"[39m
                  [36m>[39m
                    [36m<circle[39m
                      [33mcx[39m=[32m"12"[39m
                      [33mcy[39m=[32m"12"[39m
                      [33mr[39m=[32m"10"[39m
                    [36m/>[39m
                    [36m<circle[39m
                      [33mcx[39m=[32m"12"[39m
                      [33mcy[39m=[32m"12"[39m
                      [33mr[39m=[32m"6"[39m
                    [36m/>[39m
                    [36m<circle[39m
                      [33mcx[39m=[32m"12"[39m
                      [33mcy[39m=[32m"12"[39m
                      [33mr[39m=[32m"2"[39m
                    [36m/>[39m
                  [36m</svg>[39m
                [36m</div>[39m
                [36m<div[39m
                  [33mclass[39m=[32m"flex-1"[39m
                [36m>[39m
                  [36m<h3[39m
                    [33mclass[39m=[32m"font-semibold tracking-tight text-lg"[39m
                  [36m>[39m
                    [0mWeekly Distance[0m
                  [36m</h3>[39m
                [36m</div>[39m
              [36m</div>[39m
              [36m<div[39m
                [33mclass[39m=[32m"flex items-center gap-2"[39m
              [36m>[39m
                [36m<button[39m
                  [33maria-expanded[39m=[32m"false"[39m
                  [33maria-haspopup[39m=[32m"menu"[39m
                  [33mclass[39m=[32m"inline-flex items-center justify-center whitespace-nowrap text-sm 
font-medium transition-all disabled:pointer-events-none disabled:opacity-50 [&_svg]:pointer-events-none 
[&_svg:not([class*='size-'])]:size-4 shrink-0 [&_svg]:shrink-0 outline-none focus-visible:border-ring 
focus-visible:ring-ring/50 focus-visible:ring-[3px] aria-invalid:ring-destructive/20 
dark:aria-invalid:ring-destructive/40 aria-invalid:border-destructive hover:bg-accent 
hover:text-accent-foreground dark:hover:bg-accent/50 rounded-md gap-1.5 has-[>svg]:px-2.5 h-8 w-8 p-0"[39m
                  [33mdata-slot[39m=[32m"dropdown-menu-trigger"[39m
                  [33mdata-state[39m=[32m"closed"[39m
                  [33mid[39m=[32m"radix-┬½r4┬╗"[39m
                  [33mtype[39m=[32m"button"[39m
                [36m>[39m
                  [36m<svg[39m
                    [33maria-hidden[39m=[32m"true"[39m
                    [33mclass[39m=[32m"lucide lucide-ellipsis h-4 w-4"[39m
                    [33mfill[39m=[32m"none"[39m
                    [33mheight[39m=[32m"24"[39m
                    [33mstroke[39m=[32m"currentColor"[39m
                    [33mstroke-linecap[39m=[32m"round"[39m
                    [33mstroke-linejoin[39m=[32m"round"[39m
                    [33mstroke-width[39m=[32m"2"[39m
                    [33mviewBox[39m=[32m"0 0 24 24"[39m
                    [33mwidth[39m=[32m"24"[39m
                    [33mxmlns[39m=[32m"http://www.w3.org/2000/svg"[39m
                  [36m>[39m
                    [36m<circle[39m
                      [33mcx[39m=[32m"12"[39m
                      [33mcy[39m=[32m"12"[39m
                      [33mr[39m=[32m"1"[39m
                    [36m/>[39m
                    [36m<circle[39m
                      [33mcx[39m=[32m"19"[39m
                      [33mcy[39m=[32m"12"[39m
                      [33mr[39m=[32m"1"[39m
                    [36m/>[39m
                    [36m<circle[39m
                      [33mcx[39m=[32m"5"[39m
                      [33mcy[39m=[32m"12"[39m
                      [33mr[39m=[32m"1"[39m
                    [36m/>[39m
                  [36m</svg>[39m
                [36m</button>[39m
              [36m</div>[39m
            [36m</div>[39m
          [36m</div>[39m
          [36m<div[39m
            [33mclass[39m=[32m"p-6 pt-0 space-y-4"[39m
          [36m>[39m
            [36m<div[39m
              [33mclass[39m=[32m"space-y-3"[39m
            [36m>[39m
              [36m<div[39m
                [33mclass[39m=[32m"flex items-center justify-between text-sm"[39m
              [36m>[39m
                [36m<span[39m
                  [33mclass[39m=[32m"text-muted-foreground"[39m
                [36m>[39m
                  [0mTarget[0m
                [36m</span>[39m
                [36m<span[39m
                  [33mclass[39m=[32m"font-medium"[39m
                [36m>[39m
                  [0m100[0m
                  [0m [0m
                  [0mkm[0m
                [36m</span>[39m
              [36m</div>[39m
              [36m<div[39m
                [33mclass[39m=[32m"space-y-2"[39m
              [36m>[39m
                [36m<div[39m
                  [33mclass[39m=[32m"flex items-center justify-between text-sm"[39m
                [36m>[39m
                  [36m<span[39m
                    [33mclass[39m=[32m"text-muted-foreground"[39m
                  [36m>[39m
                    [0mProgress[0m
                  [36m</span>[39m
                  [36m<span[39m
                    [33mclass[39m=[32m"font-medium"[39m
                  [36m>[39m
                    [0m50[0m
                    [0m / [0m
                    [0m100[0m
                    [0m [0m
                    [0mkm[0m
                  [36m</span>[39m
                [36m</div>[39m
                [36m<div[39m
                  [33maria-valuemax[39m=[32m"100"[39m
                  [33maria-valuemin[39m=[32m"0"[39m
                  [33mclass[39m=[32m"bg-primary/20 relative w-full overflow-hidden rounded-full 
h-2"[39m
                  [33mdata-max[39m=[32m"100"[39m
                  [33mdata-slot[39m=[32m"progress"[39m
                  [33mdata-state[39m=[32m"indeterminate"[39m
                  [33mrole[39m=[32m"progressbar"[39m
                [36m>[39m
                  [36m<div[39m
                    [33mclass[39m=[32m"bg-primary h-full w-full flex-1 transition-all"[39m
                    [33mdata-max[39m=[32m"100"[39m
                    [33mdata-slot[39m=[32m"progress-indicator"[39m
                    [33mdata-state[39m=[32m"indeterminate"[39m
                    [33mstyle[39m=[32m"transform: translateX(-50%);"[39m
                  [36m/>[39m
                [36m</div>[39m
                [36m<div[39m
                  [33mclass[39m=[32m"flex items-center justify-between text-xs"[39m
                [36m>[39m
                  [36m<span[39m
                    [33mclass[39m=[32m"text-green-600"[39m
                  [36m>[39m
                    [0m50[0m
                    [0m% complete[0m
                  [36m</span>[39m
                  [36m<span[39m
                    [33mclass[39m=[32m"text-muted-foreground"[39m
                  [36m>[39m
                    [0m50.0[0m
                    [0m [0m
                    [0mkm[0m
                    [0m remaining[0m
                  [36m</span>[39m
                [36m</div>[39m
              [36m</div>[39m
            [36m</div>[39m
            [36m<div[39m
              [33mclass[39m=[32m"flex items-center justify-between"[39m
            [36m>[39m
              [36m<div[39m
                [33mclass[39m=[32m"inline-flex items-center rounded-full border px-2.5 py-0.5 
font-semibold transition-colors focus:outline-none focus:ring-2 focus:ring-ring focus:ring-offset-2 
text-foreground text-xs"[39m
              [36m>[39m
                [0mdistance[0m
              [36m</div>[39m
            [36m</div>[39m
            [36m<div[39m
              [33mclass[39m=[32m"pt-2 border-t"[39m
            [36m>[39m
              [36m<button[39m
                [33mclass[39m=[32m"inline-flex items-center justify-center whitespace-nowrap text-sm 
font-medium transition-all disabled:pointer-events-none disabled:opacity-50 [&_svg]:pointer-events-none 
[&_svg:not([class*='size-'])]:size-4 shrink-0 [&_svg]:shrink-0 outline-none focus-visible:border-ring 
focus-visible:ring-ring/50 focus-visible:ring-[3px] aria-invalid:ring-destructive/20 
dark:aria-invalid:ring-destructive/40 aria-invalid:border-destructive border bg-background shadow-xs 
hover:bg-accent hover:text-accent-foreground dark:bg-input/30 dark:border-input dark:hover:bg-input/50 h-8 
rounded-md gap-1.5 px-3 has-[>svg]:px-2.5 w-full"[39m
                [33mdata-slot[39m=[32m"button"[39m
              [36m>[39m
                [36m<svg[39m
                  [33maria-hidden[39m=[32m"true"[39m
                  [33mclass[39m=[32m"lucide lucide-square-pen h-3 w-3 mr-2"[39m
                  [33mfill[39m=[32m"none"[39m
                  [33mheight[39m=[32m"24"[39m
                  [33mstroke[39m=[32m"currentColor"[39m
                  [33mstroke-linecap[39m=[32m"round"[39m
                  [33mstroke-linejoin[39m=[32m"round"[39m
                  [33mstroke-width[39m=[32m"2"[39m
                  [33mviewBox[39m=[32m"0 0 24 24"[39m
                  [33mwidth[39m=[32m"24"[39m
                  [33mxmlns[39m=[32m"http://www.w3.org/2000/svg"[39m
                [36m>[39m
                  [36m<path[39m
                    [33md[39m=[32m"M12 3H5a2 2 0 0 0-2 2v14a2 2 0 0 0 2 2h14a2 2 0 0 0 2-2v-7"[39m
                  [36m/>[39m
                  [36m<path[39m
                    [33md[39m=[32m"M18.375 2.625a1 1 0 0 1 3 3l-9.013 9.014a2 2 0 0 
1-.853.505l-2.873.84a.5.5 0 0 1-.62-.62l.84-2.873a2 2 0 0 1 .506-.852z"[39m
                  [36m/>[39m
                [36m</svg>[39m
                [0mEdit Goal[0m
              [36m</button>[39m
            [36m</div>[39m
          [36m</div>[39m
        [36m</div>[39m
      [36m</div>[39m
    [36m</body>[39m

    [0m [90m  96 |[39m
     [90m  97 |[39m     [90m// Click the dropdown menu trigger[39m
    [31m[1m>[22m[39m[90m  98 |[39m     [36mconst[39m menuTrigger [33m=[39m 
screen[33m.[39mgetByRole([32m'button'[39m[33m,[39m { name[33m:[39m [35m/more/i[39m })[33m;[39m
     [90m     |[39m                                [31m[1m^[22m[39m
     [90m  99 |[39m     fireEvent[33m.[39mclick(menuTrigger)[33m;[39m
     [90m 100 |[39m
     [90m 101 |[39m     [90m// Wait for menu to appear and click edit[39m[0m

      at Object.getElementError (node_modules/@testing-library/dom/dist/config.js:37:19)
      at node_modules/@testing-library/dom/dist/query-helpers.js:76:38
      at node_modules/@testing-library/dom/dist/query-helpers.js:52:17
      at node_modules/@testing-library/dom/dist/query-helpers.js:95:19
      at Object.getByRole (__tests__/components/goals/GoalsPage.test.tsx:98:32)

  ΓùÅ AddGoalModal ΓÇ║ submits form with correct data

    expect(jest.fn()).toHaveBeenCalledWith(...expected)

    - Expected
    + Received

    @@ -1,8 +1,8 @@
      Object {
        "goal_data": Object {
    -     "notes": "",
    +     "notes": undefined,
        },
        "goal_type_id": "type1",
        "priority": 1,
        "target_date": undefined,
        "target_unit": "km",,

    Number of calls: 1

    Ignored nodes: comments, script, style
    [36m<html>[39m
      [36m<head />[39m
      [36m<body[39m
        [33mdata-scroll-locked[39m=[32m"1"[39m
        [33mstyle[39m=[32m"pointer-events: none;"[39m
      [36m>[39m
        [36m<span[39m
          [33maria-hidden[39m=[32m"true"[39m
          [33mdata-aria-hidden[39m=[32m"true"[39m
          [33mdata-radix-focus-guard[39m=[32m""[39m
          [33mstyle[39m=[32m"outline: none; opacity: 0; position: fixed; pointer-events: none;"[39m
          [33mtabindex[39m=[32m"0"[39m
        [36m/>[39m
        [36m<div[39m
          [33maria-hidden[39m=[32m"true"[39m
          [33mdata-aria-hidden[39m=[32m"true"[39m
        [36m/>[39m
        [36m<div[39m
          [33maria-hidden[39m=[32m"true"[39m
          [33mclass[39m=[32m"fixed inset-0 z-50 bg-black/50 data-[state=open]:animate-in 
data-[state=closed]:animate-out data-[state=closed]:fade-out-0 data-[state=open]:fade-in-0"[39m
          [33mdata-aria-hidden[39m=[32m"true"[39m
          [33mdata-state[39m=[32m"open"[39m
          [33mstyle[39m=[32m"pointer-events: auto;"[39m
        [36m/>[39m
        [36m<div[39m
          [33maria-describedby[39m=[32m"radix-┬½ro┬╗"[39m
          [33maria-labelledby[39m=[32m"radix-┬½rn┬╗"[39m
          [33mclass[39m=[32m"fixed left-[50%] top-[50%] z-50 grid w-full translate-x-[-50%] 
translate-y-[-50%] gap-4 border bg-background p-6 shadow-lg duration-200 data-[state=open]:animate-in 
data-[state=closed]:animate-out data-[state=closed]:fade-out-0 data-[state=open]:fade-in-0 
data-[state=closed]:zoom-out-95 data-[state=open]:zoom-in-95 data-[state=closed]:slide-out-to-left-1/2 
data-[state=closed]:slide-out-to-top-[48%] data-[state=open]:slide-in-from-left-1/2 
data-[state=open]:slide-in-from-top-[48%] sm:rounded-lg max-w-2xl max-h-[90vh] overflow-y-auto"[39m
          [33mdata-state[39m=[32m"open"[39m
          [33mid[39m=[32m"radix-┬½rm┬╗"[39m
          [33mrole[39m=[32m"dialog"[39m
          [33mstyle[39m=[32m"pointer-events: auto;"[39m
          [33mtabindex[39m=[32m"-1"[39m
        [36m>[39m
          [36m<div[39m
            [33mclass[39m=[32m"flex flex-col space-y-1.5 text-center sm:text-left"[39m
          [36m>[39m
            [36m<h2[39m
              [33mclass[39m=[32m"text-lg font-semibold leading-none tracking-tight flex items-center 
gap-2"[39m
              [33mid[39m=[32m"radix-┬½rn┬╗"[39m
            [36m>[39m
              [36m<svg[39m
                [33maria-hidden[39m=[32m"true"[39m
                [33mclass[39m=[32m"lucide lucide-plus h-5 w-5"[39m
                [33mfill[39m=[32m"none"[39m
                [33mheight[39m=[32m"24"[39m
                [33mstroke[39m=[32m"currentColor"[39m
                [33mstroke-linecap[39m=[32m"round"[39m
                [33mstroke-linejoin[39m=[32m"round"[39m
                [33mstroke-width[39m=[32m"2"[39m
                [33mviewBox[39m=[32m"0 0 24 24"[39m
                [33mwidth[39m=[32m"24"[39m
                [33mxmlns[39m=[32m"http://www.w3.org/2000/svg"[39m
              [36m>[39m
                [36m<path[39m
                  [33md[39m=[32m"M5 12h14"[39m
                [36m/>[39m
                [36m<path[39m
                  [33md[39m=[32m"M12 5v14"[39m
                [36m/>[39m
              [36m</svg>[39m
              [0mAdd New Goal[0m
            [36m</h2>[39m
            [36m<p[39m
              [33mclass[39m=[32m"text-sm text-muted-foreground"[39m
              [33mid[39m=[32m"radix-┬½ro┬╗"[39m
            [36m>[39m
              [0mChoose a goal type and set your target to start tracking your progress[0m
            [36m</p>[39m
          [36m</div>[39m
          [36m<div[39m
            [33mclass[39m=[32m"space-y-6"[39m
          [36m>[39m
            [36m<div[39m
              [33mclass[39m=[32m"space-y-4"[39m
            [36m>[39m
              [36m<h3[39m
                [33mclass[39m=[32m"text-lg font-semibold"[39m
              [36m>[39m
                [0mChoose Your Goal Type[0m
              [36m</h3>[39m
              [36m<div[39m
                [33mclass[39m=[32m"grid gap-4 md:grid-cols-2"[39m
              [36m>[39m
                [36m<div[39m
                  [33mclass[39m=[32m"rounded-lg border bg-card text-card-foreground shadow-sm 
cursor-pointer transition-all hover:shadow-md hover:ring-2 hover:ring-primary/50"[39m
                [36m>[39m
                  [36m<div[39m
                    [33mclass[39m=[32m"flex flex-col space-y-1.5 p-6 pb-3"[39m
                  [36m>[39m
                    [36m<div[39m
                      [33mclass[39m=[32m"flex items-start justify-between"[39m
                    [36m>[39m
                      [36m<div>[39m
                        [36m<h3[39m
                          [33mclass[39m=[32m"font-semibold tracking-tight text-base"[39m
                        [36m>[39m
                          [0mWeekly Distance[0m
                        [36m</h3>[39m
                        [36m<p[39m
                          [33mclass[39m=[32m"text-muted-foreground mt-1 text-sm"[39m
                        [36m>[39m
                          [0mRun a certain distance per week[0m
                        [36m</p>[39m
                      [36m</div>[39m
                      [36m<div[39m
                        [33mclass[39m=[32m"inline-flex items-center rounded-full border px-2.5 py-0.5 
text-xs font-semibold transition-colors focus:outline-none focus:ring-2 focus:ring-ring 
focus:ring-offset-2 border-transparent bg-primary text-primary-foreground hover:bg-primary/80"[39m
                      [36m>[39m
                        [0mdistance[0m
                      [36m</div>[39m
                    [36m</div>[39m
                  [36m</div>[39m
                [36m</div>[39m
                [36m<div[39m
                  [33mclass[39m=[32m"rounded-lg border bg-card text-card-foreground shadow-sm 
cursor-pointer transition-all hover:shadow-md hover:ring-2 hover:ring-primary/50"[39m
                [36m>[39m
                  [36m<div[39m
                    [33mclass[39m=[32m"flex flex-col space-y-1.5 p-6 pb-3"[39m
                  [36m>[39m
                    [36m<div[39m
                      [33mclass[39m=[32m"flex items-start justify-between"[39m
                    [36m>[39m
                      [36m<div>[39m
                        [36m<h3[39m
                          [33mclass[39m=[32m"font-semibold tracking-tight text-base"[39m
                        [36m>[39m
                          [0mRace Preparation[0m
                        [36m</h3>[39m
                        [36m<p[39m
                          [33mclass[39m=[32m"text-muted-foreground mt-1 text-sm"[39m
                        [36m>[39m
                          [0mPrepare for an upcoming race[0m
                        [36m</p>[39m
                      [36m</div>[39m
                      [36m<div[39m
                        [33mclass[39m=[32m"inline-flex items-center rounded-full border px-2.5 py-0.5 
text-xs font-semibold transition-colors focus:outline-none focus:ring-2 focus:ring-ring 
focus:ring-offset-2 border-transparent bg-secondary text-secondary-foreground hover:bg-secondary/80"[39m
                      [36m>[39m
                        [0mevent[0m
                      [36m</div>[39m
                    [36m</div>[39m
                  [36m</div>[39m
                [36m</div>[39m
              [36m</div>[39m
            [36m</div>[39m
          [36m</div>[39m
          [36m<button[39m
            [33mclass[39m=[32m"absolute right-4 top-4 rounded-sm opacity-70 ring-offset-background 
transition-opacity hover:opacity-100 focus:outline-none focus:ring-2 focus:ring-ring focus:ring-offset-2 
disabled:pointer-events-none data-[state=open]:bg-accent data-[state=open]:text-muted-foreground"[39m
            [33mtype[39m=[32m"button"[39m
          [36m>[39m
            [36m<svg[39m
              [33maria-hidden[39m=[32m"true"[39m
              [33mclass[39m=[32m"lucide lucide-x h-4 w-4"[39m
              [33mfill[39m=[32m"none"[39m
              [33mheight[39m=[32m"24"[39m
              [33mstroke[39m=[32m"currentColor"[39m
              [33mstroke-linecap[39m=[32m"round"[39m
              [33mstroke-linejoin[39m=[32m"round"[39m
              [33mstroke-width[39m=[32m"2"[39m
              [33mviewBox[39m=[32m"0 0 24 24"[39m
              [33mwidth[39m=[32m"24"[39m
              [33mxmlns[39m=[32m"http://www.w3.org/2000/svg"[39m
            [36m>[39m
              [36m<path[39m
                [33md[39m=[32m"M18 6 6 18"[39m
              [36m/>[39m
              [36m<path[39m
                [33md[39m=[32m"m6 6 12 12"[39m
              [36m/>[39m
            [36m</svg>[39m
            [36m<span[39m
              [33mclass[39m=[32m"sr-only"[39m
            [36m>[39m
              [0mClose[0m
            [36m</span>[39m
          [36m</button>[39m
        [36m</div>[39m
        [36m<span[39m
          [33maria-hidden[39m=[32m"true"[39m
          [33mdata-aria-hidden[39m=[32m"true"[39m
          [33mdata-radix-focus-guard[39m=[32m""[39m
          [33mstyle[39m=[32m"outline: none; opacity: 0; position: fixed; pointer-events: none;"[39m
          [33mtabindex[39m=[32m"0"[39m
        [36m/>[39m
      [36m</body>[39m
    [36m</html>[39m

    [0m [90m 269 |[39m
     [90m 270 |[39m     [36mawait[39m waitFor(() [33m=>[39m {
    [31m[1m>[22m[39m[90m 271 |[39m       expect(mockMutateAsync)[33m.[39mtoHaveBeenCalledWith({
     [90m     |[39m                               [31m[1m^[22m[39m
     [90m 272 |[39m         goal_type_id[33m:[39m [32m'type1'[39m[33m,[39m
     [90m 273 |[39m         target_value[33m:[39m [35m50[39m[33m,[39m
     [90m 274 |[39m         target_unit[33m:[39m [32m'km'[39m[33m,[39m[0m

      at toHaveBeenCalledWith (__tests__/components/goals/GoalsPage.test.tsx:271:31)
      at runWithExpensiveErrorDiagnosticsDisabled (node_modules/@testing-library/dom/dist/config.js:47:12)
      at checkCallback (node_modules/@testing-library/dom/dist/wait-for.js:124:77)
      at checkRealTimersCallback (node_modules/@testing-library/dom/dist/wait-for.js:118:16)
      at Timeout.task [as _onTimeout] (node_modules/jsdom/lib/jsdom/browser/Window.js:579:19)

FAIL __tests__/components/dashboard/DashboardGoalSelector.test.tsx
  ΓùÅ Console

    console.error
      `DialogContent` requires a `DialogTitle` for the component to be accessible for screen reader users.
      
      If you want to hide the `DialogTitle`, you can wrap it with our VisuallyHidden component.
      
      For more information, see https://radix-ui.com/primitives/docs/components/dialog

    [0m [90m 182 |[39m     } [36mas[39m any)[33m;[39m
     [90m 183 |[39m
    [31m[1m>[22m[39m[90m 184 |[39m     render(
     [90m     |[39m           [31m[1m^[22m[39m
     [90m 185 |[39m       [33m<[39m[33mTestWrapper[39m[33m>[39m
     [90m 186 |[39m         [33m<[39m[33mDashboardGoalSelector[39m open[33m=[39m{[36mtrue[39m} 
onOpenChange[33m=[39m{jest[33m.[39mfn()} [33m/[39m[33m>[39m
     [90m 187 |[39m       [33m<[39m[33m/[39m[33mTestWrapper[39m[33m>[39m[0m

      at node_modules/@radix-ui/react-dialog/src/dialog.tsx:520:30
      at Object.react-stack-bottom-frame 
(node_modules/react-dom/cjs/react-dom-client.development.js:23949:20)
      at runWithFiberInDEV (node_modules/react-dom/cjs/react-dom-client.development.js:1522:13)
      at commitHookEffectListMount (node_modules/react-dom/cjs/react-dom-client.development.js:11905:29)
      at commitHookPassiveMountEffects 
(node_modules/react-dom/cjs/react-dom-client.development.js:12028:11)
      at commitPassiveMountOnFiber (node_modules/react-dom/cjs/react-dom-client.development.js:13841:13)
      at recursivelyTraversePassiveMountEffects 
(node_modules/react-dom/cjs/react-dom-client.development.js:13815:11)
      at commitPassiveMountOnFiber (node_modules/react-dom/cjs/react-dom-client.development.js:13957:11)
      at recursivelyTraversePassiveMountEffects 
(node_modules/react-dom/cjs/react-dom-client.development.js:13815:11)
      at commitPassiveMountOnFiber (node_modules/react-dom/cjs/react-dom-client.development.js:13834:11)
      at recursivelyTraversePassiveMountEffects 
(node_modules/react-dom/cjs/react-dom-client.development.js:13815:11)
      at commitPassiveMountOnFiber (node_modules/react-dom/cjs/react-dom-client.development.js:13834:11)
      at recursivelyTraversePassiveMountEffects 
(node_modules/react-dom/cjs/react-dom-client.development.js:13815:11)
      at commitPassiveMountOnFiber (node_modules/react-dom/cjs/react-dom-client.development.js:13834:11)
      at recursivelyTraversePassiveMountEffects 
(node_modules/react-dom/cjs/react-dom-client.development.js:13815:11)
      at commitPassiveMountOnFiber (node_modules/react-dom/cjs/react-dom-client.development.js:13834:11)
      at recursivelyTraversePassiveMountEffects 
(node_modules/react-dom/cjs/react-dom-client.development.js:13815:11)
      at commitPassiveMountOnFiber (node_modules/react-dom/cjs/react-dom-client.development.js:13834:11)
      at recursivelyTraversePassiveMountEffects 
(node_modules/react-dom/cjs/react-dom-client.development.js:13815:11)
      at commitPassiveMountOnFiber (node_modules/react-dom/cjs/react-dom-client.development.js:13834:11)
      at recursivelyTraversePassiveMountEffects 
(node_modules/react-dom/cjs/react-dom-client.development.js:13815:11)
      at commitPassiveMountOnFiber (node_modules/react-dom/cjs/react-dom-client.development.js:13834:11)
      at recursivelyTraversePassiveMountEffects 
(node_modules/react-dom/cjs/react-dom-client.development.js:13815:11)
      at commitPassiveMountOnFiber (node_modules/react-dom/cjs/react-dom-client.development.js:13957:11)
      at recursivelyTraversePassiveMountEffects 
(node_modules/react-dom/cjs/react-dom-client.development.js:13815:11)
      at commitPassiveMountOnFiber (node_modules/react-dom/cjs/react-dom-client.development.js:13834:11)
      at recursivelyTraversePassiveMountEffects 
(node_modules/react-dom/cjs/react-dom-client.development.js:13815:11)
      at commitPassiveMountOnFiber (node_modules/react-dom/cjs/react-dom-client.development.js:13834:11)
      at recursivelyTraversePassiveMountEffects 
(node_modules/react-dom/cjs/react-dom-client.development.js:13815:11)
      at commitPassiveMountOnFiber (node_modules/react-dom/cjs/react-dom-client.development.js:13957:11)
      at recursivelyTraversePassiveMountEffects 
(node_modules/react-dom/cjs/react-dom-client.development.js:13815:11)
      at commitPassiveMountOnFiber (node_modules/react-dom/cjs/react-dom-client.development.js:13834:11)
      at recursivelyTraversePassiveMountEffects 
(node_modules/react-dom/cjs/react-dom-client.development.js:13815:11)
      at commitPassiveMountOnFiber (node_modules/react-dom/cjs/react-dom-client.development.js:13834:11)
      at recursivelyTraversePassiveMountEffects 
(node_modules/react-dom/cjs/react-dom-client.development.js:13815:11)
      at commitPassiveMountOnFiber (node_modules/react-dom/cjs/react-dom-client.development.js:13834:11)
      at recursivelyTraversePassiveMountEffects 
(node_modules/react-dom/cjs/react-dom-client.development.js:13815:11)
      at commitPassiveMountOnFiber (node_modules/react-dom/cjs/react-dom-client.development.js:13957:11)
      at recursivelyTraversePassiveMountEffects 
(node_modules/react-dom/cjs/react-dom-client.development.js:13815:11)
      at commitPassiveMountOnFiber (node_modules/react-dom/cjs/react-dom-client.development.js:13834:11)
      at recursivelyTraversePassiveMountEffects 
(node_modules/react-dom/cjs/react-dom-client.development.js:13815:11)
      at commitPassiveMountOnFiber (node_modules/react-dom/cjs/react-dom-client.development.js:13834:11)
      at recursivelyTraversePassiveMountEffects 
(node_modules/react-dom/cjs/react-dom-client.development.js:13815:11)
      at commitPassiveMountOnFiber (node_modules/react-dom/cjs/react-dom-client.development.js:13834:11)
      at recursivelyTraversePassiveMountEffects 
(node_modules/react-dom/cjs/react-dom-client.development.js:13815:11)
      at commitPassiveMountOnFiber (node_modules/react-dom/cjs/react-dom-client.development.js:13957:11)
      at recursivelyTraversePassiveMountEffects 
(node_modules/react-dom/cjs/react-dom-client.development.js:13815:11)
      at commitPassiveMountOnFiber (node_modules/react-dom/cjs/react-dom-client.development.js:13834:11)
      at recursivelyTraversePassiveMountEffects 
(node_modules/react-dom/cjs/react-dom-client.development.js:13815:11)
      at commitPassiveMountOnFiber (node_modules/react-dom/cjs/react-dom-client.development.js:13834:11)
      at recursivelyTraversePassiveMountEffects 
(node_modules/react-dom/cjs/react-dom-client.development.js:13815:11)
      at commitPassiveMountOnFiber (node_modules/react-dom/cjs/react-dom-client.development.js:13853:11)
      at flushPassiveEffects (node_modules/react-dom/cjs/react-dom-client.development.js:15737:9)
      at flushPendingEffects (node_modules/react-dom/cjs/react-dom-client.development.js:15702:14)
      at flushSpawnedWork (node_modules/react-dom/cjs/react-dom-client.development.js:15668:44)
      at commitRoot (node_modules/react-dom/cjs/react-dom-client.development.js:15403:9)
      at performWorkOnRoot (node_modules/react-dom/cjs/react-dom-client.development.js:14526:15)
      at performSyncWorkOnRoot (node_modules/react-dom/cjs/react-dom-client.development.js:16231:7)
      at flushSyncWorkAcrossRoots_impl 
(node_modules/react-dom/cjs/react-dom-client.development.js:16079:21)
      at flushSpawnedWork (node_modules/react-dom/cjs/react-dom-client.development.js:15677:9)
      at commitRoot (node_modules/react-dom/cjs/react-dom-client.development.js:15403:9)
      at performWorkOnRoot (node_modules/react-dom/cjs/react-dom-client.development.js:14526:15)
      at performWorkOnRootViaSchedulerTask 
(node_modules/react-dom/cjs/react-dom-client.development.js:16216:7)
      at flushActQueue (node_modules/react/cjs/react.development.js:566:34)
      at Object.<anonymous>.process.env.NODE_ENV.exports.act 
(node_modules/react/cjs/react.development.js:859:10)
      at node_modules/@testing-library/react/dist/act-compat.js:47:25
      at renderRoot (node_modules/@testing-library/react/dist/pure.js:190:26)
      at render (node_modules/@testing-library/react/dist/pure.js:292:10)
      at Object.<anonymous> (__tests__/components/dashboard/DashboardGoalSelector.test.tsx:184:11)

    console.warn
      Warning: Missing `Description` or `aria-describedby={undefined}` for {DialogContent}.

    [0m [90m 182 |[39m     } [36mas[39m any)[33m;[39m
     [90m 183 |[39m
    [31m[1m>[22m[39m[90m 184 |[39m     render(
     [90m     |[39m           [31m[1m^[22m[39m
     [90m 185 |[39m       [33m<[39m[33mTestWrapper[39m[33m>[39m
     [90m 186 |[39m         [33m<[39m[33mDashboardGoalSelector[39m open[33m=[39m{[36mtrue[39m} 
onOpenChange[33m=[39m{jest[33m.[39mfn()} [33m/[39m[33m>[39m
     [90m 187 |[39m       [33m<[39m[33m/[39m[33mTestWrapper[39m[33m>[39m[0m

      at node_modules/@radix-ui/react-dialog/src/dialog.tsx:543:36
      at Object.react-stack-bottom-frame 
(node_modules/react-dom/cjs/react-dom-client.development.js:23949:20)
      at runWithFiberInDEV (node_modules/react-dom/cjs/react-dom-client.development.js:1522:13)
      at commitHookEffectListMount (node_modules/react-dom/cjs/react-dom-client.development.js:11905:29)
      at commitHookPassiveMountEffects 
(node_modules/react-dom/cjs/react-dom-client.development.js:12028:11)
      at commitPassiveMountOnFiber (node_modules/react-dom/cjs/react-dom-client.development.js:13841:13)
      at recursivelyTraversePassiveMountEffects 
(node_modules/react-dom/cjs/react-dom-client.development.js:13815:11)
      at commitPassiveMountOnFiber (node_modules/react-dom/cjs/react-dom-client.development.js:13957:11)
      at recursivelyTraversePassiveMountEffects 
(node_modules/react-dom/cjs/react-dom-client.development.js:13815:11)
      at commitPassiveMountOnFiber (node_modules/react-dom/cjs/react-dom-client.development.js:13834:11)
      at recursivelyTraversePassiveMountEffects 
(node_modules/react-dom/cjs/react-dom-client.development.js:13815:11)
      at commitPassiveMountOnFiber (node_modules/react-dom/cjs/react-dom-client.development.js:13834:11)
      at recursivelyTraversePassiveMountEffects 
(node_modules/react-dom/cjs/react-dom-client.development.js:13815:11)
      at commitPassiveMountOnFiber (node_modules/react-dom/cjs/react-dom-client.development.js:13834:11)
      at recursivelyTraversePassiveMountEffects 
(node_modules/react-dom/cjs/react-dom-client.development.js:13815:11)
      at commitPassiveMountOnFiber (node_modules/react-dom/cjs/react-dom-client.development.js:13834:11)
      at recursivelyTraversePassiveMountEffects 
(node_modules/react-dom/cjs/react-dom-client.development.js:13815:11)
      at commitPassiveMountOnFiber (node_modules/react-dom/cjs/react-dom-client.development.js:13834:11)
      at recursivelyTraversePassiveMountEffects 
(node_modules/react-dom/cjs/react-dom-client.development.js:13815:11)
      at commitPassiveMountOnFiber (node_modules/react-dom/cjs/react-dom-client.development.js:13834:11)
      at recursivelyTraversePassiveMountEffects 
(node_modules/react-dom/cjs/react-dom-client.development.js:13815:11)
      at commitPassiveMountOnFiber (node_modules/react-dom/cjs/react-dom-client.development.js:13834:11)
      at recursivelyTraversePassiveMountEffects 
(node_modules/react-dom/cjs/react-dom-client.development.js:13815:11)
      at commitPassiveMountOnFiber (node_modules/react-dom/cjs/react-dom-client.development.js:13957:11)
      at recursivelyTraversePassiveMountEffects 
(node_modules/react-dom/cjs/react-dom-client.development.js:13815:11)
      at commitPassiveMountOnFiber (node_modules/react-dom/cjs/react-dom-client.development.js:13834:11)
      at recursivelyTraversePassiveMountEffects 
(node_modules/react-dom/cjs/react-dom-client.development.js:13815:11)
      at commitPassiveMountOnFiber (node_modules/react-dom/cjs/react-dom-client.development.js:13834:11)
      at recursivelyTraversePassiveMountEffects 
(node_modules/react-dom/cjs/react-dom-client.development.js:13815:11)
      at commitPassiveMountOnFiber (node_modules/react-dom/cjs/react-dom-client.development.js:13957:11)
      at recursivelyTraversePassiveMountEffects 
(node_modules/react-dom/cjs/react-dom-client.development.js:13815:11)
      at commitPassiveMountOnFiber (node_modules/react-dom/cjs/react-dom-client.development.js:13834:11)
      at recursivelyTraversePassiveMountEffects 
(node_modules/react-dom/cjs/react-dom-client.development.js:13815:11)
      at commitPassiveMountOnFiber (node_modules/react-dom/cjs/react-dom-client.development.js:13834:11)
      at recursivelyTraversePassiveMountEffects 
(node_modules/react-dom/cjs/react-dom-client.development.js:13815:11)
      at commitPassiveMountOnFiber (node_modules/react-dom/cjs/react-dom-client.development.js:13834:11)
      at recursivelyTraversePassiveMountEffects 
(node_modules/react-dom/cjs/react-dom-client.development.js:13815:11)
      at commitPassiveMountOnFiber (node_modules/react-dom/cjs/react-dom-client.development.js:13957:11)
      at recursivelyTraversePassiveMountEffects 
(node_modules/react-dom/cjs/react-dom-client.development.js:13815:11)
      at commitPassiveMountOnFiber (node_modules/react-dom/cjs/react-dom-client.development.js:13834:11)
      at recursivelyTraversePassiveMountEffects 
(node_modules/react-dom/cjs/react-dom-client.development.js:13815:11)
      at commitPassiveMountOnFiber (node_modules/react-dom/cjs/react-dom-client.development.js:13834:11)
      at recursivelyTraversePassiveMountEffects 
(node_modules/react-dom/cjs/react-dom-client.development.js:13815:11)
      at commitPassiveMountOnFiber (node_modules/react-dom/cjs/react-dom-client.development.js:13834:11)
      at recursivelyTraversePassiveMountEffects 
(node_modules/react-dom/cjs/react-dom-client.development.js:13815:11)
      at commitPassiveMountOnFiber (node_modules/react-dom/cjs/react-dom-client.development.js:13957:11)
      at recursivelyTraversePassiveMountEffects 
(node_modules/react-dom/cjs/react-dom-client.development.js:13815:11)
      at commitPassiveMountOnFiber (node_modules/react-dom/cjs/react-dom-client.development.js:13834:11)
      at recursivelyTraversePassiveMountEffects 
(node_modules/react-dom/cjs/react-dom-client.development.js:13815:11)
      at commitPassiveMountOnFiber (node_modules/react-dom/cjs/react-dom-client.development.js:13834:11)
      at recursivelyTraversePassiveMountEffects 
(node_modules/react-dom/cjs/react-dom-client.development.js:13815:11)
      at commitPassiveMountOnFiber (node_modules/react-dom/cjs/react-dom-client.development.js:13853:11)
      at flushPassiveEffects (node_modules/react-dom/cjs/react-dom-client.development.js:15737:9)
      at flushPendingEffects (node_modules/react-dom/cjs/react-dom-client.development.js:15702:14)
      at flushSpawnedWork (node_modules/react-dom/cjs/react-dom-client.development.js:15668:44)
      at commitRoot (node_modules/react-dom/cjs/react-dom-client.development.js:15403:9)
      at performWorkOnRoot (node_modules/react-dom/cjs/react-dom-client.development.js:14526:15)
      at performSyncWorkOnRoot (node_modules/react-dom/cjs/react-dom-client.development.js:16231:7)
      at flushSyncWorkAcrossRoots_impl 
(node_modules/react-dom/cjs/react-dom-client.development.js:16079:21)
      at flushSpawnedWork (node_modules/react-dom/cjs/react-dom-client.development.js:15677:9)
      at commitRoot (node_modules/react-dom/cjs/react-dom-client.development.js:15403:9)
      at performWorkOnRoot (node_modules/react-dom/cjs/react-dom-client.development.js:14526:15)
      at performWorkOnRootViaSchedulerTask 
(node_modules/react-dom/cjs/react-dom-client.development.js:16216:7)
      at flushActQueue (node_modules/react/cjs/react.development.js:566:34)
      at Object.<anonymous>.process.env.NODE_ENV.exports.act 
(node_modules/react/cjs/react.development.js:859:10)
      at node_modules/@testing-library/react/dist/act-compat.js:47:25
      at renderRoot (node_modules/@testing-library/react/dist/pure.js:190:26)
      at render (node_modules/@testing-library/react/dist/pure.js:292:10)
      at Object.<anonymous> (__tests__/components/dashboard/DashboardGoalSelector.test.tsx:184:11)

  ΓùÅ DashboardGoalSelector ΓÇ║ renders correctly when open

    TestingLibraryElementError: Unable to find an element with the text: Select up to 3 goals to track as 
key metrics on your dashboard. This could be because the text is broken up by multiple elements. In this 
case, you can provide a function for your text matcher to make your matcher more flexible.

    Ignored nodes: comments, script, style
    [36m<body[39m
      [33mdata-scroll-locked[39m=[32m"1"[39m
      [33mstyle[39m=[32m"pointer-events: none;"[39m
    [36m>[39m
      [36m<span[39m
        [33maria-hidden[39m=[32m"true"[39m
        [33mdata-aria-hidden[39m=[32m"true"[39m
        [33mdata-radix-focus-guard[39m=[32m""[39m
        [33mstyle[39m=[32m"outline: none; opacity: 0; position: fixed; pointer-events: none;"[39m
        [33mtabindex[39m=[32m"0"[39m
      [36m/>[39m
      [36m<div[39m
        [33maria-hidden[39m=[32m"true"[39m
        [33mdata-aria-hidden[39m=[32m"true"[39m
      [36m/>[39m
      [36m<div[39m
        [33maria-hidden[39m=[32m"true"[39m
        [33mclass[39m=[32m"fixed inset-0 z-50 bg-black/50 data-[state=open]:animate-in 
data-[state=closed]:animate-out data-[state=closed]:fade-out-0 data-[state=open]:fade-in-0"[39m
        [33mdata-aria-hidden[39m=[32m"true"[39m
        [33mdata-state[39m=[32m"open"[39m
        [33mstyle[39m=[32m"pointer-events: auto;"[39m
      [36m/>[39m
      [36m<div[39m
        [33maria-describedby[39m=[32m"radix-┬½r2┬╗"[39m
        [33maria-labelledby[39m=[32m"radix-┬½r1┬╗"[39m
        [33mclass[39m=[32m"fixed left-[50%] top-[50%] z-50 grid w-full translate-x-[-50%] 
translate-y-[-50%] gap-4 border bg-background p-6 shadow-lg duration-200 data-[state=open]:animate-in 
data-[state=closed]:animate-out data-[state=closed]:fade-out-0 data-[state=open]:fade-in-0 
data-[state=closed]:zoom-out-95 data-[state=open]:zoom-in-95 data-[state=closed]:slide-out-to-left-1/2 
data-[state=closed]:slide-out-to-top-[48%] data-[state=open]:slide-in-from-left-1/2 
data-[state=open]:slide-in-from-top-[48%] sm:rounded-lg max-w-2xl max-h-[90vh] overflow-y-auto"[39m
        [33mdata-state[39m=[32m"open"[39m
        [33mid[39m=[32m"radix-┬½r0┬╗"[39m
        [33mrole[39m=[32m"dialog"[39m
        [33mstyle[39m=[32m"pointer-events: auto;"[39m
        [33mtabindex[39m=[32m"-1"[39m
      [36m>[39m
        [36m<div[39m
          [33mclass[39m=[32m"flex flex-col space-y-1.5 text-center sm:text-left"[39m
        [36m>[39m
          [36m<h2[39m
            [33mclass[39m=[32m"text-lg font-semibold leading-none tracking-tight flex items-center 
gap-2"[39m
            [33mid[39m=[32m"radix-┬½r1┬╗"[39m
          [36m>[39m
            [36m<svg[39m
              [33maria-hidden[39m=[32m"true"[39m
              [33mclass[39m=[32m"lucide lucide-target h-5 w-5"[39m
              [33mfill[39m=[32m"none"[39m
              [33mheight[39m=[32m"24"[39m
              [33mstroke[39m=[32m"currentColor"[39m
              [33mstroke-linecap[39m=[32m"round"[39m
              [33mstroke-linejoin[39m=[32m"round"[39m
              [33mstroke-width[39m=[32m"2"[39m
              [33mviewBox[39m=[32m"0 0 24 24"[39m
              [33mwidth[39m=[32m"24"[39m
              [33mxmlns[39m=[32m"http://www.w3.org/2000/svg"[39m
            [36m>[39m
              [36m<circle[39m
                [33mcx[39m=[32m"12"[39m
                [33mcy[39m=[32m"12"[39m
                [33mr[39m=[32m"10"[39m
              [36m/>[39m
              [36m<circle[39m
                [33mcx[39m=[32m"12"[39m
                [33mcy[39m=[32m"12"[39m
                [33mr[39m=[32m"6"[39m
              [36m/>[39m
              [36m<circle[39m
                [33mcx[39m=[32m"12"[39m
                [33mcy[39m=[32m"12"[39m
                [33mr[39m=[32m"2"[39m
              [36m/>[39m
            [36m</svg>[39m
            [0mChoose Dashboard Goals[0m
          [36m</h2>[39m
          [36m<p[39m
            [33mclass[39m=[32m"text-sm text-muted-foreground"[39m
            [33mid[39m=[32m"radix-┬½r2┬╗"[39m
          [36m>[39m
            [0mSelect up to 3 goals to track as key metrics on your dashboard. These will help you stay 
focused on your most important objectives.[0m
          [36m</p>[39m
        [36m</div>[39m
        [36m<div[39m
          [33mclass[39m=[32m"space-y-6"[39m
        [36m>[39m
          [36m<div[39m
            [33mclass[39m=[32m"bg-blue-50 border border-blue-200 rounded-lg p-4"[39m
          [36m>[39m
            [36m<div[39m
              [33mclass[39m=[32m"flex items-center justify-between"[39m
            [36m>[39m
              [36m<div>[39m
                [36m<h4[39m
                  [33mclass[39m=[32m"font-medium text-blue-900"[39m
                [36m>[39m
                  [0mDashboard Goals[0m
                [36m</h4>[39m
                [36m<p[39m
                  [33mclass[39m=[32m"text-sm text-blue-700"[39m
                [36m>[39m
                  [0m1[0m
                  [0m/3 goals selected for your dashboard[0m
                [36m</p>[39m
              [36m</div>[39m
              [36m<div[39m
                [33mclass[39m=[32m"flex -space-x-1"[39m
              [36m>[39m
                [36m<div[39m
                  [33mclass[39m=[32m"w-8 h-8 rounded-full border-2 border-white flex items-center 
justify-center text-xs font-medium bg-blue-600 text-white"[39m
                [36m>[39m
                  [36m<svg[39m
                    [33maria-hidden[39m=[32m"true"[39m
                    [33mclass[39m=[32m"lucide lucide-check h-4 w-4"[39m
                    [33mfill[39m=[32m"none"[39m
                    [33mheight[39m=[32m"24"[39m
                    [33mstroke[39m=[32m"currentColor"[39m
                    [33mstroke-linecap[39m=[32m"round"[39m
                    [33mstroke-linejoin[39m=[32m"round"[39m
                    [33mstroke-width[39m=[32m"2"[39m
                    [33mviewBox[39m=[32m"0 0 24 24"[39m
                    [33mwidth[39m=[32m"24"[39m
                    [33mxmlns[39m=[32m"http://www.w3.org/2000/svg"[39m
                  [36m>[39m
                    [36m<path[39m
                      [33md[39m=[32m"M20 6 9 17l-5-5"[39m
                    [36m/>[39m
                  [36m</svg>[39m
                [36m</div>[39m
                [36m<div[39m
                  [33mclass[39m=[32m"w-8 h-8 rounded-full border-2 border-white flex items-center 
justify-center text-xs font-medium bg-gray-200 text-gray-500"[39m
                [36m>[39m
                  [0m2[0m
                [36m</div>[39m
                [36m<div[39m
                  [33mclass[39m=[32m"w-8 h-8 rounded-full border-2 border-white flex items-center 
justify-center text-xs font-medium bg-gray-200 text-gray-500"[39m
                [36m>[39m
                  [0m3[0m
                [36m</div>[39m
              [36m</div>[39m
            [36m</div>[39m
          [36m</div>[39m
          [36m<div[39m
            [33mclass[39m=[32m"space-y-4"[39m
          [36m>[39m
            [36m<h3[39m
              [33mclass[39m=[32m"text-lg font-semibold"[39m
            [36m>[39m
              [0mYour Active Goals[0m
            [36m</h3>[39m
            [36m<div[39m
              [33mclass[39m=[32m"grid gap-4"[39m
            [36m>[39m
              [36m<div[39m
                [33mclass[39m=[32m"rounded-lg border bg-card text-card-foreground shadow-sm 
cursor-pointer transition-all hover:shadow-md hover:ring-1 hover:ring-primary/30"[39m
              [36m>[39m
                [36m<div[39m
                  [33mclass[39m=[32m"flex flex-col space-y-1.5 p-6 pb-3"[39m
                [36m>[39m
                  [...

    [0m [90m 168 |[39m
     [90m 169 |[39m     expect(screen[33m.[39mgetByText([32m'Choose Dashboard 
Goals'[39m))[33m.[39mtoBeInTheDocument()[33m;[39m
    [31m[1m>[22m[39m[90m 170 |[39m     expect(screen[33m.[39mgetByText([32m'Select up to 3 goals 
to track as key metrics on your dashboard'[39m))[33m.[39mtoBeInTheDocument()[33m;[39m
     [90m     |[39m                   [31m[1m^[22m[39m
     [90m 171 |[39m   })[33m;[39m
     [90m 172 |[39m
     [90m 173 |[39m   it([32m'shows loading state'[39m[33m,[39m () [33m=>[39m {[0m

      at Object.getElementError (node_modules/@testing-library/dom/dist/config.js:37:19)
      at node_modules/@testing-library/dom/dist/query-helpers.js:76:38
      at node_modules/@testing-library/dom/dist/query-helpers.js:52:17
      at node_modules/@testing-library/dom/dist/query-helpers.js:95:19
      at Object.getByText (__tests__/components/dashboard/DashboardGoalSelector.test.tsx:170:19)

  ΓùÅ DashboardGoalSelector ΓÇ║ handles errors gracefully

    Unable to find an element with the text: Failed to update dashboard goals. This could be because the 
text is broken up by multiple elements. In this case, you can provide a function for your text matcher to 
make your matcher more flexible.

    Ignored nodes: comments, script, style
    [36m<body[39m
      [33mdata-scroll-locked[39m=[32m"1"[39m
      [33mstyle[39m=[32m"pointer-events: none;"[39m
    [36m>[39m
      [36m<span[39m
        [33maria-hidden[39m=[32m"true"[39m
        [33mdata-aria-hidden[39m=[32m"true"[39m
        [33mdata-radix-focus-guard[39m=[32m""[39m
        [33mstyle[39m=[32m"outline: none; opacity: 0; position: fixed; pointer-events: none;"[39m
        [33mtabindex[39m=[32m"0"[39m
      [36m/>[39m
      [36m<div[39m
        [33maria-hidden[39m=[32m"true"[39m
        [33mdata-aria-hidden[39m=[32m"true"[39m
      [36m/>[39m
      [36m<div[39m
        [33maria-hidden[39m=[32m"true"[39m
        [33mclass[39m=[32m"fixed inset-0 z-50 bg-black/50 data-[state=open]:animate-in 
data-[state=closed]:animate-out data-[state=closed]:fade-out-0 data-[state=open]:fade-in-0"[39m
        [33mdata-aria-hidden[39m=[32m"true"[39m
        [33mdata-state[39m=[32m"open"[39m
        [33mstyle[39m=[32m"pointer-events: auto;"[39m
      [36m/>[39m
      [36m<div[39m
        [33maria-describedby[39m=[32m"radix-┬½r1f┬╗"[39m
        [33maria-labelledby[39m=[32m"radix-┬½r1e┬╗"[39m
        [33mclass[39m=[32m"fixed left-[50%] top-[50%] z-50 grid w-full translate-x-[-50%] 
translate-y-[-50%] gap-4 border bg-background p-6 shadow-lg duration-200 data-[state=open]:animate-in 
data-[state=closed]:animate-out data-[state=closed]:fade-out-0 data-[state=open]:fade-in-0 
data-[state=closed]:zoom-out-95 data-[state=open]:zoom-in-95 data-[state=closed]:slide-out-to-left-1/2 
data-[state=closed]:slide-out-to-top-[48%] data-[state=open]:slide-in-from-left-1/2 
data-[state=open]:slide-in-from-top-[48%] sm:rounded-lg max-w-2xl max-h-[90vh] overflow-y-auto"[39m
        [33mdata-state[39m=[32m"open"[39m
        [33mid[39m=[32m"radix-┬½r1d┬╗"[39m
        [33mrole[39m=[32m"dialog"[39m
        [33mstyle[39m=[32m"pointer-events: auto;"[39m
        [33mtabindex[39m=[32m"-1"[39m
      [36m>[39m
        [36m<div[39m
          [33mclass[39m=[32m"flex flex-col space-y-1.5 text-center sm:text-left"[39m
        [36m>[39m
          [36m<h2[39m
            [33mclass[39m=[32m"text-lg font-semibold leading-none tracking-tight flex items-center 
gap-2"[39m
            [33mid[39m=[32m"radix-┬½r1e┬╗"[39m
          [36m>[39m
            [36m<svg[39m
              [33maria-hidden[39m=[32m"true"[39m
              [33mclass[39m=[32m"lucide lucide-target h-5 w-5"[39m
              [33mfill[39m=[32m"none"[39m
              [33mheight[39m=[32m"24"[39m
              [33mstroke[39m=[32m"currentColor"[39m
              [33mstroke-linecap[39m=[32m"round"[39m
              [33mstroke-linejoin[39m=[32m"round"[39m
              [33mstroke-width[39m=[32m"2"[39m
              [33mviewBox[39m=[32m"0 0 24 24"[39m
              [33mwidth[39m=[32m"24"[39m
              [33mxmlns[39m=[32m"http://www.w3.org/2000/svg"[39m
            [36m>[39m
              [36m<circle[39m
                [33mcx[39m=[32m"12"[39m
                [33mcy[39m=[32m"12"[39m
                [33mr[39m=[32m"10"[39m
              [36m/>[39m
              [36m<circle[39m
                [33mcx[39m=[32m"12"[39m
                [33mcy[39m=[32m"12"[39m
                [33mr[39m=[32m"6"[39m
              [36m/>[39m
              [36m<circle[39m
                [33mcx[39m=[32m"12"[39m
                [33mcy[39m=[32m"12"[39m
                [33mr[39m=[32m"2"[39m
              [36m/>[39m
            [36m</svg>[39m
            [0mChoose Dashboard Goals[0m
          [36m</h2>[39m
          [36m<p[39m
            [33mclass[39m=[32m"text-sm text-muted-foreground"[39m
            [33mid[39m=[32m"radix-┬½r1f┬╗"[39m
          [36m>[39m
            [0mSelect up to 3 goals to track as key metrics on your dashboard. These will help you stay 
focused on your most important objectives.[0m
          [36m</p>[39m
        [36m</div>[39m
        [36m<div[39m
          [33mclass[39m=[32m"space-y-6"[39m
        [36m>[39m
          [36m<div[39m
            [33mclass[39m=[32m"relative w-full rounded-lg border p-4 [&>svg~*]:pl-7 
[&>svg+div]:translate-y-[-3px] [&>svg]:absolute [&>svg]:left-4 [&>svg]:top-4 [&>svg]:text-foreground 
bg-background text-foreground"[39m
            [33mrole[39m=[32m"alert"[39m
          [36m>[39m
            [36m<div[39m
              [33mclass[39m=[32m"text-sm [&_p]:leading-relaxed"[39m
            [36m>[39m
              [0mFailed to update[0m
            [36m</div>[39m
          [36m</div>[39m
          [36m<div[39m
            [33mclass[39m=[32m"bg-blue-50 border border-blue-200 rounded-lg p-4"[39m
          [36m>[39m
            [36m<div[39m
              [33mclass[39m=[32m"flex items-center justify-between"[39m
            [36m>[39m
              [36m<div>[39m
                [36m<h4[39m
                  [33mclass[39m=[32m"font-medium text-blue-900"[39m
                [36m>[39m
                  [0mDashboard Goals[0m
                [36m</h4>[39m
                [36m<p[39m
                  [33mclass[39m=[32m"text-sm text-blue-700"[39m
                [36m>[39m
                  [0m2[0m
                  [0m/3 goals selected for your dashboard[0m
                [36m</p>[39m
              [36m</div>[39m
              [36m<div[39m
                [33mclass[39m=[32m"flex -space-x-1"[39m
              [36m>[39m
                [36m<div[39m
                  [33mclass[39m=[32m"w-8 h-8 rounded-full border-2 border-white flex items-center 
justify-center text-xs font-medium bg-blue-600 text-white"[39m
                [36m>[39m
                  [36m<svg[39m
                    [33maria-hidden[39m=[32m"true"[39m
                    [33mclass[39m=[32m"lucide lucide-check h-4 w-4"[39m
                    [33mfill[39m=[32m"none"[39m
                    [33mheight[39m=[32m"24"[39m
                    [33mstroke[39m=[32m"currentColor"[39m
                    [33mstroke-linecap[39m=[32m"round"[39m
                    [33mstroke-linejoin[39m=[32m"round"[39m
                    [33mstroke-width[39m=[32m"2"[39m
                    [33mviewBox[39m=[32m"0 0 24 24"[39m
                    [33mwidth[39m=[32m"24"[39m
                    [33mxmlns[39m=[32m"http://www.w3.org/2000/svg"[39m
                  [36m>[39m
                    [36m<path[39m
                      [33md[39m=[32m"M20 6 9 17l-5-5"[39m
                    [36m/>[39m
                  [36m</svg>[39m
                [36m</div>[39m
                [36m<div[39m
                  [33mclass[39m=[32m"w-8 h-8 rounded-full border-2 border-white flex items-center 
justify-center text-xs font-medium bg-blue-600 text-white"[39m
                [36m>[39m
                  [36m<svg[39m
                    [33maria-hidden[39m=[32m"true"[39m
                    [33mclass[39m=[32m"lucide lucide-check h-4 w-4"[39m
                    [33mfill[39m=[32m"none"[39m
                    [33mheight[39m=[32m"24"[39m
                    [33mstroke[39m=[32m"currentColor"[39m
                    [33mstroke-linecap[39m=[32m"round"[39m
                    [33mstroke-linejoin[39m=[32m"round"[39m
                    [33mstroke-width[39m=[32m"2"[39m
                    [33mviewBox[39m=[32m"0 0 24 24"[39m
                    [33mwidth[39m=[32m"24"[39m
                    [33mxm...

    [0m [90m 377 |[39m     fireEvent[33m.[39mclick(saveButton)[33m;[39m
     [90m 378 |[39m
    [31m[1m>[22m[39m[90m 379 |[39m     [36mawait[39m waitFor(() [33m=>[39m {
     [90m     |[39m                  [31m[1m^[22m[39m
     [90m 380 |[39m       expect(screen[33m.[39mgetByText([32m'Failed to update dashboard 
goals'[39m))[33m.[39mtoBeInTheDocument()[33m;[39m
     [90m 381 |[39m     })[33m;[39m
     [90m 382 |[39m   })[33m;[39m[0m

      at waitForWrapper (node_modules/@testing-library/dom/dist/wait-for.js:163:27)
      at Object.<anonymous> (__tests__/components/dashboard/DashboardGoalSelector.test.tsx:379:18)

C:\Users\tiama\Desktop\Coding\endurorevamp\node_modules\next\dist\server\app-render\work-unit-async-storage
.external.js:80
    throw Object.defineProperty(new Error(`\`${callingExpression}\` was called outside a request scope. 
Read more: https://nextjs.org/docs/messages/next-dynamic-api-wrong-context`), "__NEXT_ERROR_CODE", {
                                ^

Error: `cookies` was called outside a request scope. Read more: 
https://nextjs.org/docs/messages/next-dynamic-api-wrong-context
    at throwForMissingRequestStore (C:\Users\tiama\Desktop\Coding\endurorevamp\node_modules\next\src\server
\app-render\work-unit-async-storage.external.ts:250:9)
    at throwForMissingRequestStore (C:\Users\tiama\Desktop\Coding\endurorevamp\node_modules\next\src\server
\app-render\work-unit-async-storage.external.ts:218:5)
    at cookies 
(C:\Users\tiama\Desktop\Coding\endurorevamp\node_modules\next\src\server\request\cookies.ts:127:47)
    at createClient (C:\Users\tiama\Desktop\Coding\endurorevamp\lib\supabase\server.ts:55:31)
    at processTicksAndRejections (node:internal/process/task_queues:95:5)

Node.js v18.18.0
C:\Users\tiama\Desktop\Coding\endurorevamp\node_modules\next\dist\server\app-render\work-unit-async-storage
.external.js:80
    throw Object.defineProperty(new Error(`\`${callingExpression}\` was called outside a request scope. 
Read more: https://nextjs.org/docs/messages/next-dynamic-api-wrong-context`), "__NEXT_ERROR_CODE", {
                                ^

Error: `cookies` was called outside a request scope. Read more: 
https://nextjs.org/docs/messages/next-dynamic-api-wrong-context
    at throwForMissingRequestStore (C:\Users\tiama\Desktop\Coding\endurorevamp\node_modules\next\src\server
\app-render\work-unit-async-storage.external.ts:250:9)
    at throwForMissingRequestStore (C:\Users\tiama\Desktop\Coding\endurorevamp\node_modules\next\src\server
\app-render\work-unit-async-storage.external.ts:218:5)
    at cookies 
(C:\Users\tiama\Desktop\Coding\endurorevamp\node_modules\next\src\server\request\cookies.ts:127:47)
    at createClient (C:\Users\tiama\Desktop\Coding\endurorevamp\lib\supabase\server.ts:55:31)
    at processTicksAndRejections (node:internal/process/task_queues:95:5)

Node.js v18.18.0
C:\Users\tiama\Desktop\Coding\endurorevamp\node_modules\next\dist\server\app-render\work-unit-async-storage
.external.js:80
    throw Object.defineProperty(new Error(`\`${callingExpression}\` was called outside a request scope. 
Read more: https://nextjs.org/docs/messages/next-dynamic-api-wrong-context`), "__NEXT_ERROR_CODE", {
                                ^

Error: `cookies` was called outside a request scope. Read more: 
https://nextjs.org/docs/messages/next-dynamic-api-wrong-context
    at throwForMissingRequestStore (C:\Users\tiama\Desktop\Coding\endurorevamp\node_modules\next\src\server
\app-render\work-unit-async-storage.external.ts:250:9)
    at throwForMissingRequestStore (C:\Users\tiama\Desktop\Coding\endurorevamp\node_modules\next\src\server
\app-render\work-unit-async-storage.external.ts:218:5)
    at cookies 
(C:\Users\tiama\Desktop\Coding\endurorevamp\node_modules\next\src\server\request\cookies.ts:127:47)
    at createClient (C:\Users\tiama\Desktop\Coding\endurorevamp\lib\supabase\server.ts:55:31)
    at processTicksAndRejections (node:internal/process/task_queues:95:5)

Node.js v18.18.0
FAIL __tests__/training/zone-analysis.test.ts
  ΓùÅ Test suite failed to run

    Jest worker encountered 4 child process exceptions, exceeding retry limit

      at ChildProcessWorker.initialize 
(node_modules/jest-worker/build/workers/ChildProcessWorker.js:181:21)

Summary of all failing tests
FAIL __tests__/lib/strava/sync-activities-upsert.test.ts
  ΓùÅ StravaActivitySync - Upsert Functionality ΓÇ║ Activity Storage ΓÇ║ should use correct onConflict 
specification for upsert

    expect(jest.fn()).toHaveBeenCalledWith(...expected)

    Expected: ObjectContaining {"strava_activity_id": 12345, "user_id": "test-user-id"}, ObjectContaining 
{"ignoreDuplicates": false, "onConflict": "user_id,strava_activity_id"}

    Number of calls: 0

    [0m [90m 118 |[39m
     [90m 119 |[39m       [90m// Verify that upsert was called with the correct onConflict 
specification[39m
    [31m[1m>[22m[39m[90m 120 |[39m       expect(mockUpsert)[33m.[39mtoHaveBeenCalledWith(
     [90m     |[39m                          [31m[1m^[22m[39m
     [90m 121 |[39m         expect[33m.[39mobjectContaining({
     [90m 122 |[39m           user_id[33m:[39m mockUserId[33m,[39m
     [90m 123 |[39m           strava_activity_id[33m:[39m [35m12345[39m[0m

      at Object.toHaveBeenCalledWith (__tests__/lib/strava/sync-activities-upsert.test.ts:120:26)

  ΓùÅ StravaActivitySync - Upsert Functionality ΓÇ║ Data Type Safety ΓÇ║ should handle null and undefined 
values safely

    TypeError: Cannot read properties of undefined (reading '0')

    [0m [90m 237 |[39m
     [90m 238 |[39m       [90m// Access the upsert call arguments directly from the global mock[39m
    [31m[1m>[22m[39m[90m 239 |[39m       [36mconst[39m upsertCall [33m=[39m 
mockUpsert[33m.[39mmock[33m.[39mcalls[[35m0[39m][[35m0[39m]
     [90m     |[39m                                                  [31m[1m^[22m[39m
     [90m 240 |[39m       
     [90m 241 |[39m       [90m// Verify null/undefined handling[39m
     [90m 242 |[39m       expect(upsertCall[33m.[39mdistance)[33m.[39mtoBe([35m0[39m) [90m// 
safeNumberRequired fallback[39m[0m

      at Object.<anonymous> (__tests__/lib/strava/sync-activities-upsert.test.ts:239:50)

  ΓùÅ Activity Upsert Conflict Resolution ΓÇ║ should demonstrate the fix for onConflict specification

    expect(jest.fn()).toHaveBeenCalledWith(...expected)

    Expected: {"name": "Test Activity", "sport_type": "Run", "strava_activity_id": 12345, "user_id": 
"test-user-id"}, {"ignoreDuplicates": false, "onConflict": "user_id,strava_activity_id"}

    Number of calls: 0

    [0m [90m 300 |[39m     
     [90m 301 |[39m     [36mconst[39m upsertCall [33m=[39m 
mockSupabase[33m.[39m[36mfrom[39m()[33m.[39mupsert
    [31m[1m>[22m[39m[90m 302 |[39m     expect(upsertCall)[33m.[39mtoHaveBeenCalledWith(
     [90m     |[39m                        [31m[1m^[22m[39m
     [90m 303 |[39m       testData[33m,[39m
     [90m 304 |[39m       {
     [90m 305 |[39m         onConflict[33m:[39m [32m'user_id,strava_activity_id'[39m[33m,[39m[0m

      at Object.toHaveBeenCalledWith (__tests__/lib/strava/sync-activities-upsert.test.ts:302:24)

  ΓùÅ Activity Upsert Conflict Resolution ΓÇ║ should handle the old broken specification for comparison

    expect(jest.fn()).toHaveBeenCalledWith(...expected)

    Expected: {"name": "Test Activity", "sport_type": "Run", "strava_activity_id": 12345, "user_id": 
"test-user-id"}, {"ignoreDuplicates": false, "onConflict": "strava_activity_id"}

    Number of calls: 0

    [0m [90m 333 |[39m     [90m// The mock will pass, but this demonstrates the difference[39m
     [90m 334 |[39m     [36mconst[39m upsertCall [33m=[39m 
mockSupabase[33m.[39m[36mfrom[39m()[33m.[39mupsert
    [31m[1m>[22m[39m[90m 335 |[39m     expect(upsertCall)[33m.[39mtoHaveBeenCalledWith(
     [90m     |[39m                        [31m[1m^[22m[39m
     [90m 336 |[39m       testData[33m,[39m
     [90m 337 |[39m       {
     [90m 338 |[39m         onConflict[33m:[39m [32m'strava_activity_id'[39m[33m,[39m [90m// This 
would cause DB error: 42P10[39m[0m

      at Object.toHaveBeenCalledWith (__tests__/lib/strava/sync-activities-upsert.test.ts:335:24)

FAIL __tests__/components/ErrorBoundary.test.tsx
  ΓùÅ ErrorBoundary ΓÇ║ shows error details in development mode

    TestingLibraryElementError: Unable to find an element with the text: Error Details (Dev Mode). This 
could be because the text is broken up by multiple elements. In this case, you can provide a function for 
your text matcher to make your matcher more flexible.

    Ignored nodes: comments, script, style
    [36m<body>[39m
      [36m<div>[39m
        [36m<div[39m
          [33mclass[39m=[32m"min-h-[400px] flex items-center justify-center"[39m
        [36m>[39m
          [36m<div[39m
            [33mclass[39m=[32m"text-center p-8 max-w-md"[39m
          [36m>[39m
            [36m<h2[39m
              [33mclass[39m=[32m"text-2xl font-bold text-red-600 mb-4"[39m
            [36m>[39m
              [0mSomething went wrong[0m
            [36m</h2>[39m
            [36m<p[39m
              [33mclass[39m=[32m"text-gray-600 mb-6"[39m
            [36m>[39m
              [0mWe encountered an unexpected error. Please try again or contact support if the problem 
persists.[0m
            [36m</p>[39m
            [36m<button[39m
              [33mclass[39m=[32m"inline-flex items-center justify-center gap-2 whitespace-nowrap 
rounded-md text-sm font-medium transition-all disabled:pointer-events-none disabled:opacity-50 
[&_svg]:pointer-events-none [&_svg:not([class*='size-'])]:size-4 shrink-0 [&_svg]:shrink-0 outline-none 
focus-visible:border-ring focus-visible:ring-ring/50 focus-visible:ring-[3px] 
aria-invalid:ring-destructive/20 dark:aria-invalid:ring-destructive/40 aria-invalid:border-destructive 
border bg-background shadow-xs hover:bg-accent hover:text-accent-foreground dark:bg-input/30 
dark:border-input dark:hover:bg-input/50 h-9 px-4 py-2 has-[>svg]:px-3"[39m
              [33mdata-slot[39m=[32m"button"[39m
            [36m>[39m
              [0mTry Again[0m
            [36m</button>[39m
          [36m</div>[39m
        [36m</div>[39m
      [36m</div>[39m
    [36m</body>[39m

    [0m [90m 62 |[39m     )
     [90m 63 |[39m
    [31m[1m>[22m[39m[90m 64 |[39m     expect(screen[33m.[39mgetByText([32m'Error Details (Dev 
Mode)'[39m))[33m.[39mtoBeInTheDocument()
     [90m    |[39m                   [31m[1m^[22m[39m
     [90m 65 |[39m
     [90m 66 |[39m     [33mObject[39m[33m.[39mdefineProperty(process[33m.[39menv[33m,[39m 
[32m'NODE_ENV'[39m[33m,[39m {
     [90m 67 |[39m       value[33m:[39m originalNodeEnv[33m,[39m[0m

      at Object.getElementError (node_modules/@testing-library/dom/dist/config.js:37:19)
      at node_modules/@testing-library/dom/dist/query-helpers.js:76:38
      at node_modules/@testing-library/dom/dist/query-helpers.js:52:17
      at node_modules/@testing-library/dom/dist/query-helpers.js:95:19
      at Object.getByText (__tests__/components/ErrorBoundary.test.tsx:64:19)

  ΓùÅ ErrorBoundary ΓÇ║ allows retry functionality

    TestingLibraryElementError: Unable to find an element with the text: No error. This could be because 
the text is broken up by multiple elements. In this case, you can provide a function for your text matcher 
to make your matcher more flexible.

    Ignored nodes: comments, script, style
    [36m<body>[39m
      [36m<div>[39m
        [36m<div[39m
          [33mclass[39m=[32m"min-h-[400px] flex items-center justify-center"[39m
        [36m>[39m
          [36m<div[39m
            [33mclass[39m=[32m"text-center p-8 max-w-md"[39m
          [36m>[39m
            [36m<h2[39m
              [33mclass[39m=[32m"text-2xl font-bold text-red-600 mb-4"[39m
            [36m>[39m
              [0mSomething went wrong[0m
            [36m</h2>[39m
            [36m<p[39m
              [33mclass[39m=[32m"text-gray-600 mb-6"[39m
            [36m>[39m
              [0mWe encountered an unexpected error. Please try again or contact support if the problem 
persists.[0m
            [36m</p>[39m
            [36m<button[39m
              [33mclass[39m=[32m"inline-flex items-center justify-center gap-2 whitespace-nowrap 
rounded-md text-sm font-medium transition-all disabled:pointer-events-none disabled:opacity-50 
[&_svg]:pointer-events-none [&_svg:not([class*='size-'])]:size-4 shrink-0 [&_svg]:shrink-0 outline-none 
focus-visible:border-ring focus-visible:ring-ring/50 focus-visible:ring-[3px] 
aria-invalid:ring-destructive/20 dark:aria-invalid:ring-destructive/40 aria-invalid:border-destructive 
border bg-background shadow-xs hover:bg-accent hover:text-accent-foreground dark:bg-input/30 
dark:border-input dark:hover:bg-input/50 h-9 px-4 py-2 has-[>svg]:px-3"[39m
              [33mdata-slot[39m=[32m"button"[39m
            [36m>[39m
              [0mTry Again[0m
            [36m</button>[39m
          [36m</div>[39m
        [36m</div>[39m
      [36m</div>[39m
    [36m</body>[39m

    [0m [90m 110 |[39m     )
     [90m 111 |[39m
    [31m[1m>[22m[39m[90m 112 |[39m     expect(screen[33m.[39mgetByText([32m'No 
error'[39m))[33m.[39mtoBeInTheDocument()
     [90m     |[39m                   [31m[1m^[22m[39m
     [90m 113 |[39m   })
     [90m 114 |[39m
     [90m 115 |[39m   it([32m'uses custom fallback component when provided'[39m[33m,[39m () 
[33m=>[39m {[0m

      at Object.getElementError (node_modules/@testing-library/dom/dist/config.js:37:19)
      at node_modules/@testing-library/dom/dist/query-helpers.js:76:38
      at node_modules/@testing-library/dom/dist/query-helpers.js:52:17
      at node_modules/@testing-library/dom/dist/query-helpers.js:95:19
      at Object.getByText (__tests__/components/ErrorBoundary.test.tsx:112:19)

FAIL __tests__/hooks/strava/useStravaToken.test.tsx
  ΓùÅ useStravaToken ΓÇ║ can refresh token manually

    expect(jest.fn()).toHaveBeenCalledTimes(expected)

    Expected number of calls: 2
    Received number of calls: 3

    [0m [90m 160 |[39m     })
     [90m 161 |[39m
    [31m[1m>[22m[39m[90m 162 |[39m     
expect(mockGetValidAccessToken)[33m.[39mtoHaveBeenCalledTimes([35m2[39m)
     [90m     |[39m                                     [31m[1m^[22m[39m
     [90m 163 |[39m   })
     [90m 164 |[39m
     [90m 165 |[39m   it([32m'clears token when user changes to null'[39m[33m,[39m [36masync[39m 
() [33m=>[39m {[0m

      at Object.toHaveBeenCalledTimes (__tests__/hooks/strava/useStravaToken.test.tsx:162:37)

FAIL __tests__/dashboard/KeyMetrics.test.tsx
  ΓùÅ KeyMetrics Component ΓÇ║ shows error state when data fails to load

    TestingLibraryElementError: Unable to find an element with the text: Unable to load metrics. This 
could be because the text is broken up by multiple elements. In this case, you can provide a function for 
your text matcher to make your matcher more flexible.

    Ignored nodes: comments, script, style
    [36m<body>[39m
      [36m<div>[39m
        [36m<div[39m
          [33mclass[39m=[32m"grid grid-cols-1 md:grid-cols-3 gap-4 mb-8"[39m
        [36m>[39m
          [36m<div[39m
            [33mclass[39m=[32m"bg-white rounded-lg shadow p-6"[39m
          [36m>[39m
            [36m<div[39m
              [33mclass[39m=[32m"animate-pulse"[39m
            [36m>[39m
              [36m<div[39m
                [33mclass[39m=[32m"flex items-center justify-between"[39m
              [36m>[39m
                [36m<div>[39m
                  [36m<div[39m
                    [33mclass[39m=[32m"h-4 bg-gray-200 rounded w-20 mb-2"[39m
                  [36m/>[39m
                  [36m<div[39m
                    [33mclass[39m=[32m"h-8 bg-gray-200 rounded w-16"[39m
                  [36m/>[39m
                [36m</div>[39m
                [36m<div[39m
                  [33mclass[39m=[32m"w-12 h-12 bg-gray-200 rounded-full"[39m
                [36m/>[39m
              [36m</div>[39m
              [36m<div[39m
                [33mclass[39m=[32m"mt-4"[39m
              [36m>[39m
                [36m<div[39m
                  [33mclass[39m=[32m"h-4 bg-gray-200 rounded w-24"[39m
                [36m/>[39m
              [36m</div>[39m
            [36m</div>[39m
          [36m</div>[39m
          [36m<div[39m
            [33mclass[39m=[32m"bg-white rounded-lg shadow p-6"[39m
          [36m>[39m
            [36m<div[39m
              [33mclass[39m=[32m"animate-pulse"[39m
            [36m>[39m
              [36m<div[39m
                [33mclass[39m=[32m"flex items-center justify-between"[39m
              [36m>[39m
                [36m<div>[39m
                  [36m<div[39m
                    [33mclass[39m=[32m"h-4 bg-gray-200 rounded w-20 mb-2"[39m
                  [36m/>[39m
                  [36m<div[39m
                    [33mclass[39m=[32m"h-8 bg-gray-200 rounded w-16"[39m
                  [36m/>[39m
                [36m</div>[39m
                [36m<div[39m
                  [33mclass[39m=[32m"w-12 h-12 bg-gray-200 rounded-full"[39m
                [36m/>[39m
              [36m</div>[39m
              [36m<div[39m
                [33mclass[39m=[32m"mt-4"[39m
              [36m>[39m
                [36m<div[39m
                  [33mclass[39m=[32m"h-4 bg-gray-200 rounded w-24"[39m
                [36m/>[39m
              [36m</div>[39m
            [36m</div>[39m
          [36m</div>[39m
          [36m<div[39m
            [33mclass[39m=[32m"bg-white rounded-lg shadow p-6"[39m
          [36m>[39m
            [36m<div[39m
              [33mclass[39m=[32m"animate-pulse"[39m
            [36m>[39m
              [36m<div[39m
                [33mclass[39m=[32m"flex items-center justify-between"[39m
              [36m>[39m
                [36m<div>[39m
                  [36m<div[39m
                    [33mclass[39m=[32m"h-4 bg-gray-200 rounded w-20 mb-2"[39m
                  [36m/>[39m
                  [36m<div[39m
                    [33mclass[39m=[32m"h-8 bg-gray-200 rounded w-16"[39m
                  [36m/>[39m
                [36m</div>[39m
                [36m<div[39m
                  [33mclass[39m=[32m"w-12 h-12 bg-gray-200 rounded-full"[39m
                [36m/>[39m
              [36m</div>[39m
              [36m<div[39m
                [33mclass[39m=[32m"mt-4"[39m
              [36m>[39m
                [36m<div[39m
                  [33mclass[39m=[32m"h-4 bg-gray-200 rounded w-24"[39m
                [36m/>[39m
              [36m</div>[39m
            [36m</div>[39m
          [36m</div>[39m
        [36m</div>[39m
      [36m</div>[39m
    [36m</body>[39m

    [0m [90m 79 |[39m     render([33m<[39m[33mKeyMetrics[39m userId[33m=[39m[32m"user-1"[39m 
[33m/[39m[33m>[39m[33m,[39m { wrapper })
     [90m 80 |[39m
    [31m[1m>[22m[39m[90m 81 |[39m     expect(screen[33m.[39mgetByText([32m'Unable to load 
metrics'[39m))[33m.[39mtoBeInTheDocument()
     [90m    |[39m                   [31m[1m^[22m[39m
     [90m 82 |[39m   })
     [90m 83 |[39m
     [90m 84 |[39m   it([32m'displays key metrics when data is loaded'[39m[33m,[39m () [33m=>[39m 
{[0m

      at Object.getElementError (node_modules/@testing-library/dom/dist/config.js:37:19)
      at node_modules/@testing-library/dom/dist/query-helpers.js:76:38
      at node_modules/@testing-library/dom/dist/query-helpers.js:52:17
      at node_modules/@testing-library/dom/dist/query-helpers.js:95:19
      at Object.getByText (__tests__/dashboard/KeyMetrics.test.tsx:81:19)

  ΓùÅ KeyMetrics Component ΓÇ║ displays key metrics when data is loaded

    TestingLibraryElementError: Unable to find an element with the text: This Week. This could be because 
the text is broken up by multiple elements. In this case, you can provide a function for your text matcher 
to make your matcher more flexible.

    Ignored nodes: comments, script, style
    [36m<body>[39m
      [36m<div>[39m
        [36m<div[39m
          [33mclass[39m=[32m"grid grid-cols-1 md:grid-cols-3 gap-4 mb-8"[39m
        [36m>[39m
          [36m<div[39m
            [33mclass[39m=[32m"bg-white rounded-lg shadow p-6"[39m
          [36m>[39m
            [36m<div[39m
              [33mclass[39m=[32m"animate-pulse"[39m
            [36m>[39m
              [36m<div[39m
                [33mclass[39m=[32m"flex items-center justify-between"[39m
              [36m>[39m
                [36m<div>[39m
                  [36m<div[39m
                    [33mclass[39m=[32m"h-4 bg-gray-200 rounded w-20 mb-2"[39m
                  [36m/>[39m
                  [36m<div[39m
                    [33mclass[39m=[32m"h-8 bg-gray-200 rounded w-16"[39m
                  [36m/>[39m
                [36m</div>[39m
                [36m<div[39m
                  [33mclass[39m=[32m"w-12 h-12 bg-gray-200 rounded-full"[39m
                [36m/>[39m
              [36m</div>[39m
              [36m<div[39m
                [33mclass[39m=[32m"mt-4"[39m
              [36m>[39m
                [36m<div[39m
                  [33mclass[39m=[32m"h-4 bg-gray-200 rounded w-24"[39m
                [36m/>[39m
              [36m</div>[39m
            [36m</div>[39m
          [36m</div>[39m
          [36m<div[39m
            [33mclass[39m=[32m"bg-white rounded-lg shadow p-6"[39m
          [36m>[39m
            [36m<div[39m
              [33mclass[39m=[32m"animate-pulse"[39m
            [36m>[39m
              [36m<div[39m
                [33mclass[39m=[32m"flex items-center justify-between"[39m
              [36m>[39m
                [36m<div>[39m
                  [36m<div[39m
                    [33mclass[39m=[32m"h-4 bg-gray-200 rounded w-20 mb-2"[39m
                  [36m/>[39m
                  [36m<div[39m
                    [33mclass[39m=[32m"h-8 bg-gray-200 rounded w-16"[39m
                  [36m/>[39m
                [36m</div>[39m
                [36m<div[39m
                  [33mclass[39m=[32m"w-12 h-12 bg-gray-200 rounded-full"[39m
                [36m/>[39m
              [36m</div>[39m
              [36m<div[39m
                [33mclass[39m=[32m"mt-4"[39m
              [36m>[39m
                [36m<div[39m
                  [33mclass[39m=[32m"h-4 bg-gray-200 rounded w-24"[39m
                [36m/>[39m
              [36m</div>[39m
            [36m</div>[39m
          [36m</div>[39m
          [36m<div[39m
            [33mclass[39m=[32m"bg-white rounded-lg shadow p-6"[39m
          [36m>[39m
            [36m<div[39m
              [33mclass[39m=[32m"animate-pulse"[39m
            [36m>[39m
              [36m<div[39m
                [33mclass[39m=[32m"flex items-center justify-between"[39m
              [36m>[39m
                [36m<div>[39m
                  [36m<div[39m
                    [33mclass[39m=[32m"h-4 bg-gray-200 rounded w-20 mb-2"[39m
                  [36m/>[39m
                  [36m<div[39m
                    [33mclass[39m=[32m"h-8 bg-gray-200 rounded w-16"[39m
                  [36m/>[39m
                [36m</div>[39m
                [36m<div[39m
                  [33mclass[39m=[32m"w-12 h-12 bg-gray-200 rounded-full"[39m
                [36m/>[39m
              [36m</div>[39m
              [36m<div[39m
                [33mclass[39m=[32m"mt-4"[39m
              [36m>[39m
                [36m<div[39m
                  [33mclass[39m=[32m"h-4 bg-gray-200 rounded w-24"[39m
                [36m/>[39m
              [36m</div>[39m
            [36m</div>[39m
          [36m</div>[39m
        [36m</div>[39m
      [36m</div>[39m
    [36m</body>[39m

    [0m [90m 100 |[39m
     [90m 101 |[39m     [90m// Should show the three main metric cards[39m
    [31m[1m>[22m[39m[90m 102 |[39m     expect(screen[33m.[39mgetByText([32m'This 
Week'[39m))[33m.[39mtoBeInTheDocument()
     [90m     |[39m                   [31m[1m^[22m[39m
     [90m 103 |[39m     expect(screen[33m.[39mgetByText([32m'Current 
Streak'[39m))[33m.[39mtoBeInTheDocument()
     [90m 104 |[39m     expect(screen[33m.[39mgetByText([32m'Monthly 
Goal'[39m))[33m.[39mtoBeInTheDocument()
     [90m 105 |[39m   })[0m

      at Object.getElementError (node_modules/@testing-library/dom/dist/config.js:37:19)
      at node_modules/@testing-library/dom/dist/query-helpers.js:76:38
      at node_modules/@testing-library/dom/dist/query-helpers.js:52:17
      at node_modules/@testing-library/dom/dist/query-helpers.js:95:19
      at Object.getByText (__tests__/dashboard/KeyMetrics.test.tsx:102:19)

FAIL __tests__/components/goals/SmartTargetRecommendations.test.tsx
  ΓùÅ SmartTargetRecommendations Component ΓÇ║ allows selecting different difficulty levels

    expect(element).toHaveClass("border-blue-500")

    Expected the element to have class:
      border-blue-500
    Received:
      flex items-center gap-2

    [0m [90m 171 |[39m
     [90m 172 |[39m     [90m// Check that it's selected (border should change to blue)[39m
    [31m[1m>[22m[39m[90m 173 |[39m     
expect(ambitiousTarget)[33m.[39mtoHaveClass([32m'border-blue-500'[39m)[33m;[39m
     [90m     |[39m                             [31m[1m^[22m[39m
     [90m 174 |[39m   })[33m;[39m
     [90m 175 |[39m
     [90m 176 |[39m   it([32m'shows custom target input and allows setting custom 
values'[39m[33m,[39m () [33m=>[39m {[0m

      at Object.toHaveClass (__tests__/components/goals/SmartTargetRecommendations.test.tsx:173:29)

FAIL __tests__/components/dashboard/KeyMetrics.test.tsx
  ΓùÅ KeyMetrics ΓÇ║ renders loading skeleton when data is loading

    expect(received).toHaveLength(expected)

    Expected length: 3
    Received length: 29
    Received array:  [<div><div class="grid grid-cols-1 md:grid-cols-3 gap-4 mb-8"><div class="bg-white 
rounded-lg shadow p-6"><div class="animate-pulse"><div class="flex items-center justify-between"><div><div 
class="h-4 bg-gray-200 rounded w-20 mb-2" /><div class="h-8 bg-gray-200 rounded w-16" /></div><div 
class="w-12 h-12 bg-gray-200 rounded-full" /></div><div class="mt-4"><div class="h-4 bg-gray-200 rounded 
w-24" /></div></div></div><div class="bg-white rounded-lg shadow p-6"><div class="animate-pulse"><div 
class="flex items-center justify-between"><div><div class="h-4 bg-gray-200 rounded w-20 mb-2" /><div 
class="h-8 bg-gray-200 rounded w-16" /></div><div class="w-12 h-12 bg-gray-200 rounded-full" /></div><div 
class="mt-4"><div class="h-4 bg-gray-200 rounded w-24" /></div></div></div><div class="bg-white rounded-lg 
shadow p-6"><div class="animate-pulse"><div class="flex items-center justify-between"><div><div class="h-4 
bg-gray-200 rounded w-20 mb-2" /><div class="h-8 bg-gray-200 rounded w-16" /></div><div class="w-12 h-12 
bg-gray-200 rounded-full" /></div><div class="mt-4"><div class="h-4 bg-gray-200 rounded w-24" 
/></div></div></div></div></div>, <div class="grid grid-cols-1 md:grid-cols-3 gap-4 mb-8"><div 
class="bg-white rounded-lg shadow p-6"><div class="animate-pulse"><div class="flex items-center 
justify-between"><div><div class="h-4 bg-gray-200 rounded w-20 mb-2" /><div class="h-8 bg-gray-200 rounded 
w-16" /></div><div class="w-12 h-12 bg-gray-200 rounded-full" /></div><div class="mt-4"><div class="h-4 
bg-gray-200 rounded w-24" /></div></div></div><div class="bg-white rounded-lg shadow p-6"><div 
class="animate-pulse"><div class="flex items-center justify-between"><div><div class="h-4 bg-gray-200 
rounded w-20 mb-2" /><div class="h-8 bg-gray-200 rounded w-16" /></div><div class="w-12 h-12 bg-gray-200 
rounded-full" /></div><div class="mt-4"><div class="h-4 bg-gray-200 rounded w-24" /></div></div></div><div 
class="bg-white rounded-lg shadow p-6"><div class="animate-pulse"><div class="flex items-center 
justify-between"><div><div class="h-4 bg-gray-200 rounded w-20 mb-2" /><div class="h-8 bg-gray-200 rounded 
w-16" /></div><div class="w-12 h-12 bg-gray-200 rounded-full" /></div><div class="mt-4"><div class="h-4 
bg-gray-200 rounded w-24" /></div></div></div></div>, <div class="bg-white rounded-lg shadow p-6"><div 
class="animate-pulse"><div class="flex items-center justify-between"><div><div class="h-4 bg-gray-200 
rounded w-20 mb-2" /><div class="h-8 bg-gray-200 rounded w-16" /></div><div class="w-12 h-12 bg-gray-200 
rounded-full" /></div><div class="mt-4"><div class="h-4 bg-gray-200 rounded w-24" /></div></div></div>, 
<div class="animate-pulse"><div class="flex items-center justify-between"><div><div class="h-4 bg-gray-200 
rounded w-20 mb-2" /><div class="h-8 bg-gray-200 rounded w-16" /></div><div class="w-12 h-12 bg-gray-200 
rounded-full" /></div><div class="mt-4"><div class="h-4 bg-gray-200 rounded w-24" /></div></div>, <div 
class="flex items-center justify-between"><div><div class="h-4 bg-gray-200 rounded w-20 mb-2" /><div 
class="h-8 bg-gray-200 rounded w-16" /></div><div class="w-12 h-12 bg-gray-200 rounded-full" /></div>, 
<div><div class="h-4 bg-gray-200 rounded w-20 mb-2" /><div class="h-8 bg-gray-200 rounded w-16" /></div>, 
<div class="h-4 bg-gray-200 rounded w-20 mb-2" />, <div class="h-8 bg-gray-200 rounded w-16" />, <div 
class="w-12 h-12 bg-gray-200 rounded-full" />, <div class="mt-4"><div class="h-4 bg-gray-200 rounded w-24" 
/></div>, ΓÇª]

    [0m [90m 86 |[39m     
     [90m 87 |[39m     [90m// Should show skeleton loading cards[39m
    [31m[1m>[22m[39m[90m 88 |[39m     
expect(screen[33m.[39mgetAllByRole([32m'generic'[39m))[33m.[39mtoHaveLength([35m3[39m)[33m;[39m 
[90m// 3 skeleton cards[39m
     [90m    |[39m                                            [31m[1m^[22m[39m
     [90m 89 |[39m   })[33m;[39m
     [90m 90 |[39m
     [90m 91 |[39m   it([32m'renders setup message when no dashboard goals are 
configured'[39m[33m,[39m () [33m=>[39m {[0m

      at Object.toHaveLength (__tests__/components/dashboard/KeyMetrics.test.tsx:88:44)

  ΓùÅ KeyMetrics ΓÇ║ renders setup message when no dashboard goals are configured

    TypeError: (0 , _useGoals.useUpdateGoal) is not a function

    [0m [90m 25 |[39m [36mexport[39m [36mfunction[39m [33mDashboardGoalSelector[39m({ 
open[33m,[39m onOpenChange }[33m:[39m [33mDashboardGoalSelectorProps[39m) {
     [90m 26 |[39m   [36mconst[39m { data[33m:[39m goalsData[33m,[39m isLoading } [33m=[39m 
useUserGoals()[33m;[39m
    [31m[1m>[22m[39m[90m 27 |[39m   [36mconst[39m updateGoalMutation [33m=[39m 
useUpdateGoal()[33m;[39m
     [90m    |[39m                                           [31m[1m^[22m[39m
     [90m 28 |[39m   [36mconst[39m [showAddModal[33m,[39m setShowAddModal] [33m=[39m 
useState([36mfalse[39m)[33m;[39m
     [90m 29 |[39m   [36mconst[39m [selectedGoals[33m,[39m setSelectedGoals] [33m=[39m 
useState[33m<[39m[33mstring[39m[][33m>[39m([])[33m;[39m
     [90m 30 |[39m   [36mconst[39m [error[33m,[39m setError] [33m=[39m 
useState[33m<[39m[33mstring[39m[33m>[39m([32m''[39m)[33m;[39m[0m

      at DashboardGoalSelector (components/dashboard/DashboardGoalSelector.tsx:27:43)
      at Object.react-stack-bottom-frame 
(node_modules/react-dom/cjs/react-dom-client.development.js:23863:20)
      at renderWithHooks (node_modules/react-dom/cjs/react-dom-client.development.js:5529:22)
      at updateFunctionComponent (node_modules/react-dom/cjs/react-dom-client.development.js:8897:19)
      at beginWork (node_modules/react-dom/cjs/react-dom-client.development.js:10522:18)
      at runWithFiberInDEV (node_modules/react-dom/cjs/react-dom-client.development.js:1522:13)
      at performUnitOfWork (node_modules/react-dom/cjs/react-dom-client.development.js:15140:22)
      at workLoopSync (node_modules/react-dom/cjs/react-dom-client.development.js:14956:41)
      at renderRootSync (node_modules/react-dom/cjs/react-dom-client.development.js:14936:11)
      at performWorkOnRoot (node_modules/react-dom/cjs/react-dom-client.development.js:14462:44)
      at performWorkOnRootViaSchedulerTask 
(node_modules/react-dom/cjs/react-dom-client.development.js:16216:7)
      at flushActQueue (node_modules/react/cjs/react.development.js:566:34)
      at Object.<anonymous>.process.env.NODE_ENV.exports.act 
(node_modules/react/cjs/react.development.js:859:10)
      at node_modules/@testing-library/react/dist/act-compat.js:47:25
      at renderRoot (node_modules/@testing-library/react/dist/pure.js:190:26)
      at render (node_modules/@testing-library/react/dist/pure.js:292:10)
      at Object.<anonymous> (__tests__/components/dashboard/KeyMetrics.test.tsx:106:11)

  ΓùÅ KeyMetrics ΓÇ║ renders goal metrics for dashboard goals

    TypeError: (0 , _useGoals.useUpdateGoal) is not a function

    [0m [90m 25 |[39m [36mexport[39m [36mfunction[39m [33mDashboardGoalSelector[39m({ 
open[33m,[39m onOpenChange }[33m:[39m [33mDashboardGoalSelectorProps[39m) {
     [90m 26 |[39m   [36mconst[39m { data[33m:[39m goalsData[33m,[39m isLoading } [33m=[39m 
useUserGoals()[33m;[39m
    [31m[1m>[22m[39m[90m 27 |[39m   [36mconst[39m updateGoalMutation [33m=[39m 
useUpdateGoal()[33m;[39m
     [90m    |[39m                                           [31m[1m^[22m[39m
     [90m 28 |[39m   [36mconst[39m [showAddModal[33m,[39m setShowAddModal] [33m=[39m 
useState([36mfalse[39m)[33m;[39m
     [90m 29 |[39m   [36mconst[39m [selectedGoals[33m,[39m setSelectedGoals] [33m=[39m 
useState[33m<[39m[33mstring[39m[][33m>[39m([])[33m;[39m
     [90m 30 |[39m   [36mconst[39m [error[33m,[39m setError] [33m=[39m 
useState[33m<[39m[33mstring[39m[33m>[39m([32m''[39m)[33m;[39m[0m

      at DashboardGoalSelector (components/dashboard/DashboardGoalSelector.tsx:27:43)
      at Object.react-stack-bottom-frame 
(node_modules/react-dom/cjs/react-dom-client.development.js:23863:20)
      at renderWithHooks (node_modules/react-dom/cjs/react-dom-client.development.js:5529:22)
      at updateFunctionComponent (node_modules/react-dom/cjs/react-dom-client.development.js:8897:19)
      at beginWork (node_modules/react-dom/cjs/react-dom-client.development.js:10522:18)
      at runWithFiberInDEV (node_modules/react-dom/cjs/react-dom-client.development.js:1522:13)
      at performUnitOfWork (node_modules/react-dom/cjs/react-dom-client.development.js:15140:22)
      at workLoopSync (node_modules/react-dom/cjs/react-dom-client.development.js:14956:41)
      at renderRootSync (node_modules/react-dom/cjs/react-dom-client.development.js:14936:11)
      at performWorkOnRoot (node_modules/react-dom/cjs/react-dom-client.development.js:14462:44)
      at performWorkOnRootViaSchedulerTask 
(node_modules/react-dom/cjs/react-dom-client.development.js:16216:7)
      at flushActQueue (node_modules/react/cjs/react.development.js:566:34)
      at Object.<anonymous>.process.env.NODE_ENV.exports.act 
(node_modules/react/cjs/react.development.js:859:10)
      at node_modules/@testing-library/react/dist/act-compat.js:47:25
      at renderRoot (node_modules/@testing-library/react/dist/pure.js:190:26)
      at render (node_modules/@testing-library/react/dist/pure.js:292:10)
      at Object.<anonymous> (__tests__/components/dashboard/KeyMetrics.test.tsx:174:11)

  ΓùÅ KeyMetrics ΓÇ║ sorts dashboard goals by priority

    TypeError: (0 , _useGoals.useUpdateGoal) is not a function

    [0m [90m 25 |[39m [36mexport[39m [36mfunction[39m [33mDashboardGoalSelector[39m({ 
open[33m,[39m onOpenChange }[33m:[39m [33mDashboardGoalSelectorProps[39m) {
     [90m 26 |[39m   [36mconst[39m { data[33m:[39m goalsData[33m,[39m isLoading } [33m=[39m 
useUserGoals()[33m;[39m
    [31m[1m>[22m[39m[90m 27 |[39m   [36mconst[39m updateGoalMutation [33m=[39m 
useUpdateGoal()[33m;[39m
     [90m    |[39m                                           [31m[1m^[22m[39m
     [90m 28 |[39m   [36mconst[39m [showAddModal[33m,[39m setShowAddModal] [33m=[39m 
useState([36mfalse[39m)[33m;[39m
     [90m 29 |[39m   [36mconst[39m [selectedGoals[33m,[39m setSelectedGoals] [33m=[39m 
useState[33m<[39m[33mstring[39m[][33m>[39m([])[33m;[39m
     [90m 30 |[39m   [36mconst[39m [error[33m,[39m setError] [33m=[39m 
useState[33m<[39m[33mstring[39m[33m>[39m([32m''[39m)[33m;[39m[0m

      at DashboardGoalSelector (components/dashboard/DashboardGoalSelector.tsx:27:43)
      at Object.react-stack-bottom-frame 
(node_modules/react-dom/cjs/react-dom-client.development.js:23863:20)
      at renderWithHooks (node_modules/react-dom/cjs/react-dom-client.development.js:5529:22)
      at updateFunctionComponent (node_modules/react-dom/cjs/react-dom-client.development.js:8897:19)
      at beginWork (node_modules/react-dom/cjs/react-dom-client.development.js:10522:18)
      at runWithFiberInDEV (node_modules/react-dom/cjs/react-dom-client.development.js:1522:13)
      at performUnitOfWork (node_modules/react-dom/cjs/react-dom-client.development.js:15140:22)
      at workLoopSync (node_modules/react-dom/cjs/react-dom-client.development.js:14956:41)
      at renderRootSync (node_modules/react-dom/cjs/react-dom-client.development.js:14936:11)
      at performWorkOnRoot (node_modules/react-dom/cjs/react-dom-client.development.js:14462:44)
      at performWorkOnRootViaSchedulerTask 
(node_modules/react-dom/cjs/react-dom-client.development.js:16216:7)
      at flushActQueue (node_modules/react/cjs/react.development.js:566:34)
      at Object.<anonymous>.process.env.NODE_ENV.exports.act 
(node_modules/react/cjs/react.development.js:859:10)
      at node_modules/@testing-library/react/dist/act-compat.js:47:25
      at renderRoot (node_modules/@testing-library/react/dist/pure.js:190:26)
      at render (node_modules/@testing-library/react/dist/pure.js:292:10)
      at Object.<anonymous> (__tests__/components/dashboard/KeyMetrics.test.tsx:239:11)

FAIL __tests__/components/settings/UnitPreferences.test.tsx
  ΓùÅ UnitPreferences Component ΓÇ║ shows loading state when preferences are loading

    TestingLibraryElementError: Unable to find an element with the text: Units & Display. This could be 
because the text is broken up by multiple elements. In this case, you can provide a function for your text 
matcher to make your matcher more flexible.

    Ignored nodes: comments, script, style
    [36m<body>[39m
      [36m<div>[39m
        [36m<div[39m
          [33mclass[39m=[32m"rounded-lg border bg-card text-card-foreground shadow-sm"[39m
        [36m>[39m
          [36m<div[39m
            [33mclass[39m=[32m"flex flex-col space-y-1.5 p-6"[39m
          [36m>[39m
            [36m<h3[39m
              [33mclass[39m=[32m"text-2xl font-semibold leading-none tracking-tight"[39m
            [36m>[39m
              [0mUnit Preferences[0m
            [36m</h3>[39m
            [36m<p[39m
              [33mclass[39m=[32m"text-sm text-muted-foreground"[39m
            [36m>[39m
              [0mChoose your preferred units for distance and pace[0m
            [36m</p>[39m
          [36m</div>[39m
          [36m<div[39m
            [33mclass[39m=[32m"p-6 pt-0 space-y-4"[39m
          [36m>[39m
            [36m<div[39m
              [33mclass[39m=[32m"animate-pulse"[39m
            [36m>[39m
              [36m<div[39m
                [33mclass[39m=[32m"h-10 bg-gray-200 rounded mb-4"[39m
              [36m/>[39m
              [36m<div[39m
                [33mclass[39m=[32m"h-16 bg-gray-100 rounded"[39m
              [36m/>[39m
            [36m</div>[39m
          [36m</div>[39m
        [36m</div>[39m
      [36m</div>[39m
    [36m</body>[39m

    [0m [90m 44 |[39m     render([33m<[39m[33mUnitPreferences[39m [33m/[39m[33m>[39m[33m,[39m 
{ wrapper })
     [90m 45 |[39m
    [31m[1m>[22m[39m[90m 46 |[39m     expect(screen[33m.[39mgetByText([32m'Units & 
Display'[39m))[33m.[39mtoBeInTheDocument()
     [90m    |[39m                   [31m[1m^[22m[39m
     [90m 47 |[39m     expect(screen[33m.[39mgetByText([32m'Choose your preferred units for distances 
and pace'[39m))[33m.[39mtoBeInTheDocument()
     [90m 48 |[39m     
     [90m 49 |[39m     [90m// Should show loading spinner[39m[0m

      at Object.getElementError (node_modules/@testing-library/dom/dist/config.js:37:19)
      at node_modules/@testing-library/dom/dist/query-helpers.js:76:38
      at node_modules/@testing-library/dom/dist/query-helpers.js:52:17
      at node_modules/@testing-library/dom/dist/query-helpers.js:95:19
      at Object.getByText (__tests__/components/settings/UnitPreferences.test.tsx:46:19)

  ΓùÅ UnitPreferences Component ΓÇ║ displays current preferences and allows switching units

    TestingLibraryElementError: Unable to find an element with the text: Miles (mi). This could be because 
the text is broken up by multiple elements. In this case, you can provide a function for your text matcher 
to make your matcher more flexible.

    Ignored nodes: comments, script, style
    [36m<body>[39m
      [36m<div>[39m
        [36m<div[39m
          [33mclass[39m=[32m"rounded-lg border bg-card text-card-foreground shadow-sm"[39m
        [36m>[39m
          [36m<div[39m
            [33mclass[39m=[32m"flex flex-col space-y-1.5 p-6"[39m
          [36m>[39m
            [36m<h3[39m
              [33mclass[39m=[32m"text-2xl font-semibold leading-none tracking-tight"[39m
            [36m>[39m
              [0mUnit Preferences[0m
            [36m</h3>[39m
            [36m<p[39m
              [33mclass[39m=[32m"text-sm text-muted-foreground"[39m
            [36m>[39m
              [0mChoose your preferred units for distance and pace[0m
            [36m</p>[39m
          [36m</div>[39m
          [36m<div[39m
            [33mclass[39m=[32m"p-6 pt-0 space-y-4"[39m
          [36m>[39m
            [36m<div[39m
              [33mclass[39m=[32m"flex gap-2"[39m
            [36m>[39m
              [36m<button[39m
                [33mclass[39m=[32m"inline-flex items-center justify-center gap-2 whitespace-nowrap 
rounded-md text-sm font-medium transition-all disabled:pointer-events-none disabled:opacity-50 
[&_svg]:pointer-events-none [&_svg:not([class*='size-'])]:size-4 shrink-0 [&_svg]:shrink-0 outline-none 
focus-visible:border-ring focus-visible:ring-ring/50 focus-visible:ring-[3px] 
aria-invalid:ring-destructive/20 dark:aria-invalid:ring-destructive/40 aria-invalid:border-destructive 
bg-primary text-primary-foreground shadow-xs hover:bg-primary/90 h-9 px-4 py-2 has-[>svg]:px-3"[39m
                [33mdata-slot[39m=[32m"button"[39m
                [33mdisabled[39m=[32m""[39m
              [36m>[39m
                [0mKilometers (km)[0m
              [36m</button>[39m
              [36m<button[39m
                [33mclass[39m=[32m"inline-flex items-center justify-center gap-2 whitespace-nowrap 
rounded-md text-sm font-medium transition-all disabled:pointer-events-none disabled:opacity-50 
[&_svg]:pointer-events-none [&_svg:not([class*='size-'])]:size-4 shrink-0 [&_svg]:shrink-0 outline-none 
focus-visible:border-ring focus-visible:ring-ring/50 focus-visible:ring-[3px] 
aria-invalid:ring-destructive/20 dark:aria-invalid:ring-destructive/40 aria-invalid:border-destructive 
border bg-background shadow-xs hover:bg-accent hover:text-accent-foreground dark:bg-input/30 
dark:border-input dark:hover:bg-input/50 h-9 px-4 py-2 has-[>svg]:px-3"[39m
                [33mdata-slot[39m=[32m"button"[39m
              [36m>[39m
                [0mMiles[0m
              [36m</button>[39m
            [36m</div>[39m
            [36m<div[39m
              [33mclass[39m=[32m"p-3 bg-gray-50 rounded-lg text-sm text-gray-600"[39m
            [36m>[39m
              [36m<div[39m
                [33mclass[39m=[32m"font-medium mb-2"[39m
              [36m>[39m
                [0mExamples with current setting:[0m
              [36m</div>[39m
              [36m<div[39m
                [33mclass[39m=[32m"space-y-1"[39m
              [36m>[39m
                [36m<div>[39m
                  [0mΓÇó Distance: [0m
                  [0m5.0 km[0m
                [36m</div>[39m
                [36m<div>[39m
                  [0mΓÇó Pace: [0m
                  [0m5:00/km[0m
                  [0m (5:00 per km converted)[0m
                [36m</div>[39m
                [36m<div>[39m
                  [0mΓÇó Long run: [0m
                  [0m21.1 km[0m
                [36m</div>[39m
              [36m</div>[39m
            [36m</div>[39m
          [36m</div>[39m
        [36m</div>[39m
      [36m</div>[39m
    [36m</body>[39m

    [0m [90m 64 |[39m     [90m// Should show the unit selection buttons[39m
     [90m 65 |[39m     expect(screen[33m.[39mgetByText([32m'Kilometers 
(km)'[39m))[33m.[39mtoBeInTheDocument()
    [31m[1m>[22m[39m[90m 66 |[39m     expect(screen[33m.[39mgetByText([32m'Miles 
(mi)'[39m))[33m.[39mtoBeInTheDocument()
     [90m    |[39m                   [31m[1m^[22m[39m
     [90m 67 |[39m     
     [90m 68 |[39m     [90m// Should show current settings[39m
     [90m 69 |[39m     expect(screen[33m.[39mgetByText([32m'Current 
Settings'[39m))[33m.[39mtoBeInTheDocument()[0m

      at Object.getElementError (node_modules/@testing-library/dom/dist/config.js:37:19)
      at node_modules/@testing-library/dom/dist/query-helpers.js:76:38
      at node_modules/@testing-library/dom/dist/query-helpers.js:52:17
      at node_modules/@testing-library/dom/dist/query-helpers.js:95:19
      at Object.getByText (__tests__/components/settings/UnitPreferences.test.tsx:66:19)

  ΓùÅ UnitPreferences Component ΓÇ║ shows miles preferences when set to miles

    TestingLibraryElementError: Unable to find an element with the text: Miles (mi). This could be because 
the text is broken up by multiple elements. In this case, you can provide a function for your text matcher 
to make your matcher more flexible.

    Ignored nodes: comments, script, style
    [36m<body>[39m
      [36m<div>[39m
        [36m<div[39m
          [33mclass[39m=[32m"rounded-lg border bg-card text-card-foreground shadow-sm"[39m
        [36m>[39m
          [36m<div[39m
            [33mclass[39m=[32m"flex flex-col space-y-1.5 p-6"[39m
          [36m>[39m
            [36m<h3[39m
              [33mclass[39m=[32m"text-2xl font-semibold leading-none tracking-tight"[39m
            [36m>[39m
              [0mUnit Preferences[0m
            [36m</h3>[39m
            [36m<p[39m
              [33mclass[39m=[32m"text-sm text-muted-foreground"[39m
            [36m>[39m
              [0mChoose your preferred units for distance and pace[0m
            [36m</p>[39m
          [36m</div>[39m
          [36m<div[39m
            [33mclass[39m=[32m"p-6 pt-0 space-y-4"[39m
          [36m>[39m
            [36m<div[39m
              [33mclass[39m=[32m"flex gap-2"[39m
            [36m>[39m
              [36m<button[39m
                [33mclass[39m=[32m"inline-flex items-center justify-center gap-2 whitespace-nowrap 
rounded-md text-sm font-medium transition-all disabled:pointer-events-none disabled:opacity-50 
[&_svg]:pointer-events-none [&_svg:not([class*='size-'])]:size-4 shrink-0 [&_svg]:shrink-0 outline-none 
focus-visible:border-ring focus-visible:ring-ring/50 focus-visible:ring-[3px] 
aria-invalid:ring-destructive/20 dark:aria-invalid:ring-destructive/40 aria-invalid:border-destructive 
border bg-background shadow-xs hover:bg-accent hover:text-accent-foreground dark:bg-input/30 
dark:border-input dark:hover:bg-input/50 h-9 px-4 py-2 has-[>svg]:px-3"[39m
                [33mdata-slot[39m=[32m"button"[39m
              [36m>[39m
                [0mKilometers (km)[0m
              [36m</button>[39m
              [36m<button[39m
                [33mclass[39m=[32m"inline-flex items-center justify-center gap-2 whitespace-nowrap 
rounded-md text-sm font-medium transition-all disabled:pointer-events-none disabled:opacity-50 
[&_svg]:pointer-events-none [&_svg:not([class*='size-'])]:size-4 shrink-0 [&_svg]:shrink-0 outline-none 
focus-visible:border-ring focus-visible:ring-ring/50 focus-visible:ring-[3px] 
aria-invalid:ring-destructive/20 dark:aria-invalid:ring-destructive/40 aria-invalid:border-destructive 
bg-primary text-primary-foreground shadow-xs hover:bg-primary/90 h-9 px-4 py-2 has-[>svg]:px-3"[39m
                [33mdata-slot[39m=[32m"button"[39m
                [33mdisabled[39m=[32m""[39m
              [36m>[39m
                [0mMiles[0m
              [36m</button>[39m
            [36m</div>[39m
            [36m<div[39m
              [33mclass[39m=[32m"p-3 bg-gray-50 rounded-lg text-sm text-gray-600"[39m
            [36m>[39m
              [36m<div[39m
                [33mclass[39m=[32m"font-medium mb-2"[39m
              [36m>[39m
                [0mExamples with current setting:[0m
              [36m</div>[39m
              [36m<div[39m
                [33mclass[39m=[32m"space-y-1"[39m
              [36m>[39m
                [36m<div>[39m
                  [0mΓÇó Distance: [0m
                  [0m3.1 mi[0m
                [36m</div>[39m
                [36m<div>[39m
                  [0mΓÇó Pace: [0m
                  [0m8:02/mi[0m
                  [0m (5:00 per km converted)[0m
                [36m</div>[39m
                [36m<div>[39m
                  [0mΓÇó Long run: [0m
                  [0m13.1 mi[0m
                [36m</div>[39m
              [36m</div>[39m
            [36m</div>[39m
          [36m</div>[39m
        [36m</div>[39m
      [36m</div>[39m
    [36m</body>[39m

    [0m [90m  95 |[39m
     [90m  96 |[39m     [90m// Should show miles in current settings[39m
    [31m[1m>[22m[39m[90m  97 |[39m     expect(screen[33m.[39mgetByText([32m'Miles 
(mi)'[39m))[33m.[39mtoBeInTheDocument()
     [90m     |[39m                   [31m[1m^[22m[39m
     [90m  98 |[39m     
expect(screen[33m.[39mgetByText([32m'min/mile'[39m))[33m.[39mtoBeInTheDocument()
     [90m  99 |[39m     
     [90m 100 |[39m     [90m// Should show examples in miles[39m[0m

      at Object.getElementError (node_modules/@testing-library/dom/dist/config.js:37:19)
      at node_modules/@testing-library/dom/dist/query-helpers.js:76:38
      at node_modules/@testing-library/dom/dist/query-helpers.js:52:17
      at node_modules/@testing-library/dom/dist/query-helpers.js:95:19
      at Object.getByText (__tests__/components/settings/UnitPreferences.test.tsx:97:19)

  ΓùÅ UnitPreferences Component ΓÇ║ shows correct active state for buttons

    expect(received).toBeInTheDocument()

    received value must be an HTMLElement or an SVGElement.
    Received has value: null

    [0m [90m 118 |[39m     
     [90m 119 |[39m     [90m// Should show check mark for active option[39m
    [31m[1m>[22m[39m[90m 120 |[39m     
expect(document[33m.[39mquerySelector([32m'.lucide-check'[39m))[33m.[39mtoBeInTheDocument()
     [90m     |[39m                                                     [31m[1m^[22m[39m
     [90m 121 |[39m   })
     [90m 122 |[39m
     [90m 123 |[39m   it([32m'shows saving state when updating preferences'[39m[33m,[39m 
[36masync[39m () [33m=>[39m {[0m

      at __EXTERNAL_MATCHER_TRAP__ (node_modules/expect/build/index.js:325:30)
      at Object.throwingMatcher [as toBeInTheDocument] (node_modules/expect/build/index.js:326:15)
      at Object.toBeInTheDocument (__tests__/components/settings/UnitPreferences.test.tsx:120:53)

  ΓùÅ UnitPreferences Component ΓÇ║ shows saving state when updating preferences

    TestingLibraryElementError: Unable to find an accessible element with the role "button" and name 
`/Miles \(mi\)/`

    Here are the accessible roles:

      heading:

      Name "Unit Preferences":
      [36m<h3[39m
        [33mclass[39m=[32m"text-2xl font-semibold leading-none tracking-tight"[39m
      [36m/>[39m

      --------------------------------------------------
      paragraph:

      Name "":
      [36m<p[39m
        [33mclass[39m=[32m"text-sm text-muted-foreground"[39m
      [36m/>[39m

      --------------------------------------------------
      button:

      Name "Kilometers (km)":
      [36m<button[39m
        [33mclass[39m=[32m"inline-flex items-center justify-center gap-2 whitespace-nowrap rounded-md 
text-sm font-medium transition-all disabled:pointer-events-none disabled:opacity-50 
[&_svg]:pointer-events-none [&_svg:not([class*='size-'])]:size-4 shrink-0 [&_svg]:shrink-0 outline-none 
focus-visible:border-ring focus-visible:ring-ring/50 focus-visible:ring-[3px] 
aria-invalid:ring-destructive/20 dark:aria-invalid:ring-destructive/40 aria-invalid:border-destructive 
bg-primary text-primary-foreground shadow-xs hover:bg-primary/90 h-9 px-4 py-2 has-[>svg]:px-3"[39m
        [33mdata-slot[39m=[32m"button"[39m
        [33mdisabled[39m=[32m""[39m
      [36m/>[39m

      Name "Miles":
      [36m<button[39m
        [33mclass[39m=[32m"inline-flex items-center justify-center gap-2 whitespace-nowrap rounded-md 
text-sm font-medium transition-all disabled:pointer-events-none disabled:opacity-50 
[&_svg]:pointer-events-none [&_svg:not([class*='size-'])]:size-4 shrink-0 [&_svg]:shrink-0 outline-none 
focus-visible:border-ring focus-visible:ring-ring/50 focus-visible:ring-[3px] 
aria-invalid:ring-destructive/20 dark:aria-invalid:ring-destructive/40 aria-invalid:border-destructive 
border bg-background shadow-xs hover:bg-accent hover:text-accent-foreground dark:bg-input/30 
dark:border-input dark:hover:bg-input/50 h-9 px-4 py-2 has-[>svg]:px-3"[39m
        [33mdata-slot[39m=[32m"button"[39m
      [36m/>[39m

      --------------------------------------------------

    Ignored nodes: comments, script, style
    [36m<body>[39m
      [36m<div>[39m
        [36m<div[39m
          [33mclass[39m=[32m"rounded-lg border bg-card text-card-foreground shadow-sm"[39m
        [36m>[39m
          [36m<div[39m
            [33mclass[39m=[32m"flex flex-col space-y-1.5 p-6"[39m
          [36m>[39m
            [36m<h3[39m
              [33mclass[39m=[32m"text-2xl font-semibold leading-none tracking-tight"[39m
            [36m>[39m
              [0mUnit Preferences[0m
            [36m</h3>[39m
            [36m<p[39m
              [33mclass[39m=[32m"text-sm text-muted-foreground"[39m
            [36m>[39m
              [0mChoose your preferred units for distance and pace[0m
            [36m</p>[39m
          [36m</div>[39m
          [36m<div[39m
            [33mclass[39m=[32m"p-6 pt-0 space-y-4"[39m
          [36m>[39m
            [36m<div[39m
              [33mclass[39m=[32m"flex gap-2"[39m
            [36m>[39m
              [36m<button[39m
                [33mclass[39m=[32m"inline-flex items-center justify-center gap-2 whitespace-nowrap 
rounded-md text-sm font-medium transition-all disabled:pointer-events-none disabled:opacity-50 
[&_svg]:pointer-events-none [&_svg:not([class*='size-'])]:size-4 shrink-0 [&_svg]:shrink-0 outline-none 
focus-visible:border-ring focus-visible:ring-ring/50 focus-visible:ring-[3px] 
aria-invalid:ring-destructive/20 dark:aria-invalid:ring-destructive/40 aria-invalid:border-destructive 
bg-primary text-primary-foreground shadow-xs hover:bg-primary/90 h-9 px-4 py-2 has-[>svg]:px-3"[39m
                [33mdata-slot[39m=[32m"button"[39m
                [33mdisabled[39m=[32m""[39m
              [36m>[39m
                [0mKilometers (km)[0m
              [36m</button>[39m
              [36m<button[39m
                [33mclass[39m=[32m"inline-flex items-center justify-center gap-2 whitespace-nowrap 
rounded-md text-sm font-medium transition-all disabled:pointer-events-none disabled:opacity-50 
[&_svg]:pointer-events-none [&_svg:not([class*='size-'])]:size-4 shrink-0 [&_svg]:shrink-0 outline-none 
focus-visible:border-ring focus-visible:ring-ring/50 focus-visible:ring-[3px] 
aria-invalid:ring-destructive/20 dark:aria-invalid:ring-destructive/40 aria-invalid:border-destructive 
border bg-background shadow-xs hover:bg-accent hover:text-accent-foreground dark:bg-input/30 
dark:border-input dark:hover:bg-input/50 h-9 px-4 py-2 has-[>svg]:px-3"[39m
                [33mdata-slot[39m=[32m"button"[39m
              [36m>[39m
                [0mMiles[0m
              [36m</button>[39m
            [36m</div>[39m
            [36m<div[39m
              [33mclass[39m=[32m"p-3 bg-gray-50 rounded-lg text-sm text-gray-600"[39m
            [36m>[39m
              [36m<div[39m
                [33mclass[39m=[32m"font-medium mb-2"[39m
              [36m>[39m
                [0mExamples with current setting:[0m
              [36m</div>[39m
              [36m<div[39m
                [33mclass[39m=[32m"space-y-1"[39m
              [36m>[39m
                [36m<div>[39m
                  [0mΓÇó Distance: [0m
                  [0m5.0 km[0m
                [36m</div>[39m
                [36m<div>[39m
                  [0mΓÇó Pace: [0m
                  [0m5:00/km[0m
                  [0m (5:00 per km converted)[0m
                [36m</div>[39m
                [36m<div>[39m
                  [0mΓÇó Long run: [0m
                  [0m21.1 km[0m
                [36m</div>[39m
              [36m</div>[39m
            [36m</div>[39m
          [36m</div>[39m
        [36m</div>[39m
      [36m</div>[39m
    [36m</body>[39m

    [0m [90m 134 |[39m     render([33m<[39m[33mUnitPreferences[39m 
[33m/[39m[33m>[39m[33m,[39m { wrapper })
     [90m 135 |[39m
    [31m[1m>[22m[39m[90m 136 |[39m     [36mconst[39m milesButton [33m=[39m 
screen[33m.[39mgetByRole([32m'button'[39m[33m,[39m { name[33m:[39m [35m/Miles \(mi\)/[39m })
     [90m     |[39m                                [31m[1m^[22m[39m
     [90m 137 |[39m     fireEvent[33m.[39mclick(milesButton)
     [90m 138 |[39m
     [90m 139 |[39m     [90m// Should show saving state[39m[0m

      at Object.getElementError (node_modules/@testing-library/dom/dist/config.js:37:19)
      at node_modules/@testing-library/dom/dist/query-helpers.js:76:38
      at node_modules/@testing-library/dom/dist/query-helpers.js:52:17
      at node_modules/@testing-library/dom/dist/query-helpers.js:95:19
      at Object.getByRole (__tests__/components/settings/UnitPreferences.test.tsx:136:32)

  ΓùÅ UnitPreferences Component ΓÇ║ handles switching from miles to kilometers

    TypeError: toggleUnits is not a function

    [0m [90m 36 |[39m           [33m<[39m[33mButton[39m
     [90m 37 |[39m             variant[33m=[39m{preferences[33m.[39mdistance [33m===[39m 
[32m'km'[39m [33m?[39m [32m'default'[39m [33m:[39m [32m'outline'[39m}
    [31m[1m>[22m[39m[90m 38 |[39m             onClick[33m=[39m{() [33m=>[39m toggleUnits()}
     [90m    |[39m                            [31m[1m^[22m[39m
     [90m 39 |[39m             disabled[33m=[39m{preferences[33m.[39mdistance [33m===[39m 
[32m'km'[39m}
     [90m 40 |[39m           [33m>[39m
     [90m 41 |[39m             [33mKilometers[39m (km)[0m

      at toggleUnits (components/settings/UnitPreferences.tsx:38:28)
      at executeDispatch (node_modules/react-dom/cjs/react-dom-client.development.js:16368:9)
      at runWithFiberInDEV (node_modules/react-dom/cjs/react-dom-client.development.js:1522:13)
      at processDispatchQueue (node_modules/react-dom/cjs/react-dom-client.development.js:16418:19)
      at node_modules/react-dom/cjs/react-dom-client.development.js:17016:9
      at batchedUpdates$1 (node_modules/react-dom/cjs/react-dom-client.development.js:3262:40)
      at dispatchEventForPluginEventSystem 
(node_modules/react-dom/cjs/react-dom-client.development.js:16572:7)
      at dispatchEvent (node_modules/react-dom/cjs/react-dom-client.development.js:20658:11)
      at dispatchDiscreteEvent (node_modules/react-dom/cjs/react-dom-client.development.js:20626:11)
      at HTMLDivElement.callTheUserObjectsOperation 
(node_modules/jsdom/lib/jsdom/living/generated/EventListener.js:26:30)
      at innerInvokeEventListeners (node_modules/jsdom/lib/jsdom/living/events/EventTarget-impl.js:350:25)
      at invokeEventListeners (node_modules/jsdom/lib/jsdom/living/events/EventTarget-impl.js:286:3)
      at HTMLButtonElementImpl._dispatch 
(node_modules/jsdom/lib/jsdom/living/events/EventTarget-impl.js:233:9)
      at HTMLButtonElementImpl.dispatchEvent 
(node_modules/jsdom/lib/jsdom/living/events/EventTarget-impl.js:104:17)
      at HTMLButtonElement.dispatchEvent 
(node_modules/jsdom/lib/jsdom/living/generated/EventTarget.js:241:34)
      at node_modules/@testing-library/dom/dist/events.js:19:20
      at node_modules/@testing-library/react/dist/pure.js:108:16
      at node_modules/@testing-library/react/dist/act-compat.js:48:24
      at Object.<anonymous>.process.env.NODE_ENV.exports.act 
(node_modules/react/cjs/react.development.js:789:22)
      at node_modules/@testing-library/react/dist/act-compat.js:47:25
      at Object.eventWrapper (node_modules/@testing-library/react/dist/pure.js:107:28)
      at fireEvent (node_modules/@testing-library/dom/dist/events.js:12:35)
      at Function.fireEvent.<computed> [as click] (node_modules/@testing-library/dom/dist/events.js:110:36)
      at Function.fireEvent.<computed> [as click] 
(node_modules/@testing-library/react/dist/fire-event.js:15:52)
      at Object.click (__tests__/components/settings/UnitPreferences.test.tsx:159:15)

  ΓùÅ UnitPreferences Component ΓÇ║ handles switching from miles to kilometers

    expect(jest.fn()).toHaveBeenCalledWith(...expected)

    Expected: "km"

    Number of calls: 0

    Ignored nodes: comments, script, style
    [36m<html>[39m
      [36m<head />[39m
      [36m<body>[39m
        [36m<div>[39m
          [36m<div[39m
            [33mclass[39m=[32m"rounded-lg border bg-card text-card-foreground shadow-sm"[39m
          [36m>[39m
            [36m<div[39m
              [33mclass[39m=[32m"flex flex-col space-y-1.5 p-6"[39m
            [36m>[39m
              [36m<h3[39m
                [33mclass[39m=[32m"text-2xl font-semibold leading-none tracking-tight"[39m
              [36m>[39m
                [0mUnit Preferences[0m
              [36m</h3>[39m
              [36m<p[39m
                [33mclass[39m=[32m"text-sm text-muted-foreground"[39m
              [36m>[39m
                [0mChoose your preferred units for distance and pace[0m
              [36m</p>[39m
            [36m</div>[39m
            [36m<div[39m
              [33mclass[39m=[32m"p-6 pt-0 space-y-4"[39m
            [36m>[39m
              [36m<div[39m
                [33mclass[39m=[32m"flex gap-2"[39m
              [36m>[39m
                [36m<button[39m
                  [33mclass[39m=[32m"inline-flex items-center justify-center gap-2 whitespace-nowrap 
rounded-md text-sm font-medium transition-all disabled:pointer-events-none disabled:opacity-50 
[&_svg]:pointer-events-none [&_svg:not([class*='size-'])]:size-4 shrink-0 [&_svg]:shrink-0 outline-none 
focus-visible:border-ring focus-visible:ring-ring/50 focus-visible:ring-[3px] 
aria-invalid:ring-destructive/20 dark:aria-invalid:ring-destructive/40 aria-invalid:border-destructive 
border bg-background shadow-xs hover:bg-accent hover:text-accent-foreground dark:bg-input/30 
dark:border-input dark:hover:bg-input/50 h-9 px-4 py-2 has-[>svg]:px-3"[39m
                  [33mdata-slot[39m=[32m"button"[39m
                [36m>[39m
                  [0mKilometers (km)[0m
                [36m</button>[39m
                [36m<button[39m
                  [33mclass[39m=[32m"inline-flex items-center justify-center gap-2 whitespace-nowrap 
rounded-md text-sm font-medium transition-all disabled:pointer-events-none disabled:opacity-50 
[&_svg]:pointer-events-none [&_svg:not([class*='size-'])]:size-4 shrink-0 [&_svg]:shrink-0 outline-none 
focus-visible:border-ring focus-visible:ring-ring/50 focus-visible:ring-[3px] 
aria-invalid:ring-destructive/20 dark:aria-invalid:ring-destructive/40 aria-invalid:border-destructive 
bg-primary text-primary-foreground shadow-xs hover:bg-primary/90 h-9 px-4 py-2 has-[>svg]:px-3"[39m
                  [33mdata-slot[39m=[32m"button"[39m
                  [33mdisabled[39m=[32m""[39m
                [36m>[39m
                  [0mMiles[0m
                [36m</button>[39m
              [36m</div>[39m
              [36m<div[39m
                [33mclass[39m=[32m"p-3 bg-gray-50 rounded-lg text-sm text-gray-600"[39m
              [36m>[39m
                [36m<div[39m
                  [33mclass[39m=[32m"font-medium mb-2"[39m
                [36m>[39m
                  [0mExamples with current setting:[0m
                [36m</div>[39m
                [36m<div[39m
                  [33mclass[39m=[32m"space-y-1"[39m
                [36m>[39m
                  [36m<div>[39m
                    [0mΓÇó Distance: [0m
                    [0m3.1 mi[0m
                  [36m</div>[39m
                  [36m<div>[39m
                    [0mΓÇó Pace: [0m
                    [0m8:02/mi[0m
                    [0m (5:00 per km converted)[0m
                  [36m</div>[39m
                  [36m<div>[39m
                    [0mΓÇó Long run: [0m
                    [0m13.1 mi[0m
                  [36m</div>[39m
                [36m</div>[39m
              [36m</div>[39m
            [36m</div>[39m
          [36m</div>[39m
        [36m</div>[39m
      [36m</body>[39m
    [36m</html>[39m

    [0m [90m 160 |[39m
     [90m 161 |[39m     [36mawait[39m waitFor(() [33m=>[39m {
    [31m[1m>[22m[39m[90m 162 |[39m       
expect(mockSetDistanceUnit)[33m.[39mtoHaveBeenCalledWith([32m'km'[39m)
     [90m     |[39m                                   [31m[1m^[22m[39m
     [90m 163 |[39m     })
     [90m 164 |[39m   })
     [90m 165 |[39m }) [0m

      at toHaveBeenCalledWith (__tests__/components/settings/UnitPreferences.test.tsx:162:35)
      at runWithExpensiveErrorDiagnosticsDisabled (node_modules/@testing-library/dom/dist/config.js:47:12)
      at checkCallback (node_modules/@testing-library/dom/dist/wait-for.js:124:77)
      at checkRealTimersCallback (node_modules/@testing-library/dom/dist/wait-for.js:118:16)
      at Timeout.task [as _onTimeout] (node_modules/jsdom/lib/jsdom/browser/Window.js:579:19)

FAIL __tests__/components/strava/StravaConnectionStatus.test.tsx
  ΓùÅ Test suite failed to run

    Configuration error:

    Could not locate module @/hooks/strava/useStravaSync mapped as:
    C:\Users\tiama\Desktop\Coding\endurorevamp\$1.

    Please check your configuration for these entries:
    {
      "moduleNameMapper": {
        "/^@\/(.*)$/": "C:\Users\tiama\Desktop\Coding\endurorevamp\$1"
      },
      "resolver": undefined
    }

    [0m [90m 30 |[39m }))[33m;[39m
     [90m 31 |[39m
    [31m[1m>[22m[39m[90m 32 |[39m 
jest[33m.[39mmock([32m'@/hooks/strava/useStravaSync'[39m[33m,[39m () [33m=>[39m ({
     [90m    |[39m      [31m[1m^[22m[39m
     [90m 33 |[39m   useStravaSync[33m:[39m jest[33m.[39mfn(() [33m=>[39m ({
     [90m 34 |[39m     syncData[33m:[39m jest[33m.[39mfn()[33m,[39m
     [90m 35 |[39m     isLoading[33m:[39m [36mfalse[39m[33m,[39m[0m

      at createNoMappedModuleFoundError (node_modules/jest-resolve/build/resolver.js:759:17)
      at Object.mock (__tests__/components/strava/StravaConnectionStatus.test.tsx:32:6)

FAIL __tests__/components/strava/StravaReconnectionPrompt.test.tsx
  ΓùÅ Test suite failed to run

    TypeError: Cannot redefine property: location
        at Function.defineProperty (<anonymous>)

    [0m [90m 10 |[39m [90m// Mock window.location.href[39m
     [90m 11 |[39m [36mconst[39m mockLocationHref [33m=[39m jest[33m.[39mfn()[33m;[39m
    [31m[1m>[22m[39m[90m 12 |[39m [33mObject[39m[33m.[39mdefineProperty(window[33m,[39m 
[32m'location'[39m[33m,[39m {
     [90m    |[39m        [31m[1m^[22m[39m
     [90m 13 |[39m   value[33m:[39m {
     [90m 14 |[39m     href[33m:[39m [32m''[39m
     [90m 15 |[39m   }[33m,[39m[0m

      at Object.defineProperty (__tests__/components/strava/StravaReconnectionPrompt.test.tsx:12:8)

FAIL __tests__/components/goals/DynamicGoalSuggestions.test.tsx
  ΓùÅ Test suite failed to run

    ReferenceError: Cannot access 'mockAnalyzeUserPerformance' before initialization

    [0m [90m 22 |[39m jest[33m.[39mmock([32m'@/lib/goals/dynamic-suggestions'[39m[33m,[39m () 
[33m=>[39m ({
     [90m 23 |[39m   [33mDynamicGoalEngine[39m[33m:[39m {
    [31m[1m>[22m[39m[90m 24 |[39m     analyzeUserPerformance[33m:[39m 
mockAnalyzeUserPerformance[33m,[39m
     [90m    |[39m                             [31m[1m^[22m[39m
     [90m 25 |[39m     generateDynamicSuggestions[33m:[39m mockGenerateDynamicSuggestions[33m,[39m
     [90m 26 |[39m   }
     [90m 27 |[39m }))[33m;[39m[0m

      at mockAnalyzeUserPerformance (__tests__/components/goals/DynamicGoalSuggestions.test.tsx:24:29)
      at Object.<anonymous> (components/goals/DynamicGoalSuggestions.tsx:22:29)
      at Object.<anonymous> (__tests__/components/goals/DynamicGoalSuggestions.test.tsx:19:33)

FAIL __tests__/components/goals/GoalsPage.test.tsx
  ΓùÅ GoalCard ΓÇ║ calls onEdit when edit button is clicked

    TestingLibraryElementError: Unable to find an accessible element with the role "button" and name 
`/more/i`

    Here are the accessible roles:

      heading:

      Name "Weekly Distance":
      [36m<h3[39m
        [33mclass[39m=[32m"font-semibold tracking-tight text-lg"[39m
      [36m/>[39m

      --------------------------------------------------
      button:

      Name "":
      [36m<button[39m
        [33maria-expanded[39m=[32m"false"[39m
        [33maria-haspopup[39m=[32m"menu"[39m
        [33mclass[39m=[32m"inline-flex items-center justify-center whitespace-nowrap text-sm 
font-medium transition-all disabled:pointer-events-none disabled:opacity-50 [&_svg]:pointer-events-none 
[&_svg:not([class*='size-'])]:size-4 shrink-0 [&_svg]:shrink-0 outline-none focus-visible:border-ring 
focus-visible:ring-ring/50 focus-visible:ring-[3px] aria-invalid:ring-destructive/20 
dark:aria-invalid:ring-destructive/40 aria-invalid:border-destructive hover:bg-accent 
hover:text-accent-foreground dark:hover:bg-accent/50 rounded-md gap-1.5 has-[>svg]:px-2.5 h-8 w-8 p-0"[39m
        [33mdata-slot[39m=[32m"dropdown-menu-trigger"[39m
        [33mdata-state[39m=[32m"closed"[39m
        [33mid[39m=[32m"radix-┬½r4┬╗"[39m
        [33mtype[39m=[32m"button"[39m
      [36m/>[39m

      Name "Edit Goal":
      [36m<button[39m
        [33mclass[39m=[32m"inline-flex items-center justify-center whitespace-nowrap text-sm 
font-medium transition-all disabled:pointer-events-none disabled:opacity-50 [&_svg]:pointer-events-none 
[&_svg:not([class*='size-'])]:size-4 shrink-0 [&_svg]:shrink-0 outline-none focus-visible:border-ring 
focus-visible:ring-ring/50 focus-visible:ring-[3px] aria-invalid:ring-destructive/20 
dark:aria-invalid:ring-destructive/40 aria-invalid:border-destructive border bg-background shadow-xs 
hover:bg-accent hover:text-accent-foreground dark:bg-input/30 dark:border-input dark:hover:bg-input/50 h-8 
rounded-md gap-1.5 px-3 has-[>svg]:px-2.5 w-full"[39m
        [33mdata-slot[39m=[32m"button"[39m
      [36m/>[39m

      --------------------------------------------------
      progressbar:

      Name "":
      [36m<div[39m
        [33maria-valuemax[39m=[32m"100"[39m
        [33maria-valuemin[39m=[32m"0"[39m
        [33mclass[39m=[32m"bg-primary/20 relative w-full overflow-hidden rounded-full h-2"[39m
        [33mdata-max[39m=[32m"100"[39m
        [33mdata-slot[39m=[32m"progress"[39m
        [33mdata-state[39m=[32m"indeterminate"[39m
        [33mrole[39m=[32m"progressbar"[39m
      [36m/>[39m

      --------------------------------------------------

    Ignored nodes: comments, script, style
    [36m<body>[39m
      [36m<div>[39m
        [36m<div[39m
          [33mclass[39m=[32m"rounded-lg border bg-card text-card-foreground shadow-sm transition-all 
hover:shadow-md"[39m
        [36m>[39m
          [36m<div[39m
            [33mclass[39m=[32m"flex flex-col space-y-1.5 p-6 pb-3"[39m
          [36m>[39m
            [36m<div[39m
              [33mclass[39m=[32m"flex items-start justify-between"[39m
            [36m>[39m
              [36m<div[39m
                [33mclass[39m=[32m"flex items-start gap-3"[39m
              [36m>[39m
                [36m<div[39m
                  [33mclass[39m=[32m"p-2 rounded-lg bg-primary/10 text-primary"[39m
                [36m>[39m
                  [36m<svg[39m
                    [33maria-hidden[39m=[32m"true"[39m
                    [33mclass[39m=[32m"lucide lucide-target h-4 w-4"[39m
                    [33mfill[39m=[32m"none"[39m
                    [33mheight[39m=[32m"24"[39m
                    [33mstroke[39m=[32m"currentColor"[39m
                    [33mstroke-linecap[39m=[32m"round"[39m
                    [33mstroke-linejoin[39m=[32m"round"[39m
                    [33mstroke-width[39m=[32m"2"[39m
                    [33mviewBox[39m=[32m"0 0 24 24"[39m
                    [33mwidth[39m=[32m"24"[39m
                    [33mxmlns[39m=[32m"http://www.w3.org/2000/svg"[39m
                  [36m>[39m
                    [36m<circle[39m
                      [33mcx[39m=[32m"12"[39m
                      [33mcy[39m=[32m"12"[39m
                      [33mr[39m=[32m"10"[39m
                    [36m/>[39m
                    [36m<circle[39m
                      [33mcx[39m=[32m"12"[39m
                      [33mcy[39m=[32m"12"[39m
                      [33mr[39m=[32m"6"[39m
                    [36m/>[39m
                    [36m<circle[39m
                      [33mcx[39m=[32m"12"[39m
                      [33mcy[39m=[32m"12"[39m
                      [33mr[39m=[32m"2"[39m
                    [36m/>[39m
                  [36m</svg>[39m
                [36m</div>[39m
                [36m<div[39m
                  [33mclass[39m=[32m"flex-1"[39m
                [36m>[39m
                  [36m<h3[39m
                    [33mclass[39m=[32m"font-semibold tracking-tight text-lg"[39m
                  [36m>[39m
                    [0mWeekly Distance[0m
                  [36m</h3>[39m
                [36m</div>[39m
              [36m</div>[39m
              [36m<div[39m
                [33mclass[39m=[32m"flex items-center gap-2"[39m
              [36m>[39m
                [36m<button[39m
                  [33maria-expanded[39m=[32m"false"[39m
                  [33maria-haspopup[39m=[32m"menu"[39m
                  [33mclass[39m=[32m"inline-flex items-center justify-center whitespace-nowrap text-sm 
font-medium transition-all disabled:pointer-events-none disabled:opacity-50 [&_svg]:pointer-events-none 
[&_svg:not([class*='size-'])]:size-4 shrink-0 [&_svg]:shrink-0 outline-none focus-visible:border-ring 
focus-visible:ring-ring/50 focus-visible:ring-[3px] aria-invalid:ring-destructive/20 
dark:aria-invalid:ring-destructive/40 aria-invalid:border-destructive hover:bg-accent 
hover:text-accent-foreground dark:hover:bg-accent/50 rounded-md gap-1.5 has-[>svg]:px-2.5 h-8 w-8 p-0"[39m
                  [33mdata-slot[39m=[32m"dropdown-menu-trigger"[39m
                  [33mdata-state[39m=[32m"closed"[39m
                  [33mid[39m=[32m"radix-┬½r4┬╗"[39m
                  [33mtype[39m=[32m"button"[39m
                [36m>[39m
                  [36m<svg[39m
                    [33maria-hidden[39m=[32m"true"[39m
                    [33mclass[39m=[32m"lucide lucide-ellipsis h-4 w-4"[39m
                    [33mfill[39m=[32m"none"[39m
                    [33mheight[39m=[32m"24"[39m
                    [33mstroke[39m=[32m"currentColor"[39m
                    [33mstroke-linecap[39m=[32m"round"[39m
                    [33mstroke-linejoin[39m=[32m"round"[39m
                    [33mstroke-width[39m=[32m"2"[39m
                    [33mviewBox[39m=[32m"0 0 24 24"[39m
                    [33mwidth[39m=[32m"24"[39m
                    [33mxmlns[39m=[32m"http://www.w3.org/2000/svg"[39m
                  [36m>[39m
                    [36m<circle[39m
                      [33mcx[39m=[32m"12"[39m
                      [33mcy[39m=[32m"12"[39m
                      [33mr[39m=[32m"1"[39m
                    [36m/>[39m
                    [36m<circle[39m
                      [33mcx[39m=[32m"19"[39m
                      [33mcy[39m=[32m"12"[39m
                      [33mr[39m=[32m"1"[39m
                    [36m/>[39m
                    [36m<circle[39m
                      [33mcx[39m=[32m"5"[39m
                      [33mcy[39m=[32m"12"[39m
                      [33mr[39m=[32m"1"[39m
                    [36m/>[39m
                  [36m</svg>[39m
                [36m</button>[39m
              [36m</div>[39m
            [36m</div>[39m
          [36m</div>[39m
          [36m<div[39m
            [33mclass[39m=[32m"p-6 pt-0 space-y-4"[39m
          [36m>[39m
            [36m<div[39m
              [33mclass[39m=[32m"space-y-3"[39m
            [36m>[39m
              [36m<div[39m
                [33mclass[39m=[32m"flex items-center justify-between text-sm"[39m
              [36m>[39m
                [36m<span[39m
                  [33mclass[39m=[32m"text-muted-foreground"[39m
                [36m>[39m
                  [0mTarget[0m
                [36m</span>[39m
                [36m<span[39m
                  [33mclass[39m=[32m"font-medium"[39m
                [36m>[39m
                  [0m100[0m
                  [0m [0m
                  [0mkm[0m
                [36m</span>[39m
              [36m</div>[39m
              [36m<div[39m
                [33mclass[39m=[32m"space-y-2"[39m
              [36m>[39m
                [36m<div[39m
                  [33mclass[39m=[32m"flex items-center justify-between text-sm"[39m
                [36m>[39m
                  [36m<span[39m
                    [33mclass[39m=[32m"text-muted-foreground"[39m
                  [36m>[39m
                    [0mProgress[0m
                  [36m</span>[39m
                  [36m<span[39m
                    [33mclass[39m=[32m"font-medium"[39m
                  [36m>[39m
                    [0m50[0m
                    [0m / [0m
                    [0m100[0m
                    [0m [0m
                    [0mkm[0m
                  [36m</span>[39m
                [36m</div>[39m
                [36m<div[39m
                  [33maria-valuemax[39m=[32m"100"[39m
                  [33maria-valuemin[39m=[32m"0"[39m
                  [33mclass[39m=[32m"bg-primary/20 relative w-full overflow-hidden rounded-full 
h-2"[39m
                  [33mdata-max[39m=[32m"100"[39m
                  [33mdata-slot[39m=[32m"progress"[39m
                  [33mdata-state[39m=[32m"indeterminate"[39m
                  [33mrole[39m=[32m"progressbar"[39m
                [36m>[39m
                  [36m<div[39m
                    [33mclass[39m=[32m"bg-primary h-full w-full flex-1 transition-all"[39m
                    [33mdata-max[39m=[32m"100"[39m
                    [33mdata-slot[39m=[32m"progress-indicator"[39m
                    [33mdata-state[39m=[32m"indeterminate"[39m
                    [33mstyle[39m=[32m"transform: translateX(-50%);"[39m
                  [36m/>[39m
                [36m</div>[39m
                [36m<div[39m
                  [33mclass[39m=[32m"flex items-center justify-between text-xs"[39m
                [36m>[39m
                  [36m<span[39m
                    [33mclass[39m=[32m"text-green-600"[39m
                  [36m>[39m
                    [0m50[0m
                    [0m% complete[0m
                  [36m</span>[39m
                  [36m<span[39m
                    [33mclass[39m=[32m"text-muted-foreground"[39m
                  [36m>[39m
                    [0m50.0[0m
                    [0m [0m
                    [0mkm[0m
                    [0m remaining[0m
                  [36m</span>[39m
                [36m</div>[39m
              [36m</div>[39m
            [36m</div>[39m
            [36m<div[39m
              [33mclass[39m=[32m"flex items-center justify-between"[39m
            [36m>[39m
              [36m<div[39m
                [33mclass[39m=[32m"inline-flex items-center rounded-full border px-2.5 py-0.5 
font-semibold transition-colors focus:outline-none focus:ring-2 focus:ring-ring focus:ring-offset-2 
text-foreground text-xs"[39m
              [36m>[39m
                [0mdistance[0m
              [36m</div>[39m
            [36m</div>[39m
            [36m<div[39m
              [33mclass[39m=[32m"pt-2 border-t"[39m
            [36m>[39m
              [36m<button[39m
                [33mclass[39m=[32m"inline-flex items-center justify-center whitespace-nowrap text-sm 
font-medium transition-all disabled:pointer-events-none disabled:opacity-50 [&_svg]:pointer-events-none 
[&_svg:not([class*='size-'])]:size-4 shrink-0 [&_svg]:shrink-0 outline-none focus-visible:border-ring 
focus-visible:ring-ring/50 focus-visible:ring-[3px] aria-invalid:ring-destructive/20 
dark:aria-invalid:ring-destructive/40 aria-invalid:border-destructive border bg-background shadow-xs 
hover:bg-accent hover:text-accent-foreground dark:bg-input/30 dark:border-input dark:hover:bg-input/50 h-8 
rounded-md gap-1.5 px-3 has-[>svg]:px-2.5 w-full"[39m
                [33mdata-slot[39m=[32m"button"[39m
              [36m>[39m
                [36m<svg[39m
                  [33maria-hidden[39m=[32m"true"[39m
                  [33mclass[39m=[32m"lucide lucide-square-pen h-3 w-3 mr-2"[39m
                  [33mfill[39m=[32m"none"[39m
                  [33mheight[39m=[32m"24"[39m
                  [33mstroke[39m=[32m"currentColor"[39m
                  [33mstroke-linecap[39m=[32m"round"[39m
                  [33mstroke-linejoin[39m=[32m"round"[39m
                  [33mstroke-width[39m=[32m"2"[39m
                  [33mviewBox[39m=[32m"0 0 24 24"[39m
                  [33mwidth[39m=[32m"24"[39m
                  [33mxmlns[39m=[32m"http://www.w3.org/2000/svg"[39m
                [36m>[39m
                  [36m<path[39m
                    [33md[39m=[32m"M12 3H5a2 2 0 0 0-2 2v14a2 2 0 0 0 2 2h14a2 2 0 0 0 2-2v-7"[39m
                  [36m/>[39m
                  [36m<path[39m
                    [33md[39m=[32m"M18.375 2.625a1 1 0 0 1 3 3l-9.013 9.014a2 2 0 0 
1-.853.505l-2.873.84a.5.5 0 0 1-.62-.62l.84-2.873a2 2 0 0 1 .506-.852z"[39m
                  [36m/>[39m
                [36m</svg>[39m
                [0mEdit Goal[0m
              [36m</button>[39m
            [36m</div>[39m
          [36m</div>[39m
        [36m</div>[39m
      [36m</div>[39m
    [36m</body>[39m

    [0m [90m  96 |[39m
     [90m  97 |[39m     [90m// Click the dropdown menu trigger[39m
    [31m[1m>[22m[39m[90m  98 |[39m     [36mconst[39m menuTrigger [33m=[39m 
screen[33m.[39mgetByRole([32m'button'[39m[33m,[39m { name[33m:[39m [35m/more/i[39m })[33m;[39m
     [90m     |[39m                                [31m[1m^[22m[39m
     [90m  99 |[39m     fireEvent[33m.[39mclick(menuTrigger)[33m;[39m
     [90m 100 |[39m
     [90m 101 |[39m     [90m// Wait for menu to appear and click edit[39m[0m

      at Object.getElementError (node_modules/@testing-library/dom/dist/config.js:37:19)
      at node_modules/@testing-library/dom/dist/query-helpers.js:76:38
      at node_modules/@testing-library/dom/dist/query-helpers.js:52:17
      at node_modules/@testing-library/dom/dist/query-helpers.js:95:19
      at Object.getByRole (__tests__/components/goals/GoalsPage.test.tsx:98:32)

  ΓùÅ AddGoalModal ΓÇ║ submits form with correct data

    expect(jest.fn()).toHaveBeenCalledWith(...expected)

    - Expected
    + Received

    @@ -1,8 +1,8 @@
      Object {
        "goal_data": Object {
    -     "notes": "",
    +     "notes": undefined,
        },
        "goal_type_id": "type1",
        "priority": 1,
        "target_date": undefined,
        "target_unit": "km",,

    Number of calls: 1

    Ignored nodes: comments, script, style
    [36m<html>[39m
      [36m<head />[39m
      [36m<body[39m
        [33mdata-scroll-locked[39m=[32m"1"[39m
        [33mstyle[39m=[32m"pointer-events: none;"[39m
      [36m>[39m
        [36m<span[39m
          [33maria-hidden[39m=[32m"true"[39m
          [33mdata-aria-hidden[39m=[32m"true"[39m
          [33mdata-radix-focus-guard[39m=[32m""[39m
          [33mstyle[39m=[32m"outline: none; opacity: 0; position: fixed; pointer-events: none;"[39m
          [33mtabindex[39m=[32m"0"[39m
        [36m/>[39m
        [36m<div[39m
          [33maria-hidden[39m=[32m"true"[39m
          [33mdata-aria-hidden[39m=[32m"true"[39m
        [36m/>[39m
        [36m<div[39m
          [33maria-hidden[39m=[32m"true"[39m
          [33mclass[39m=[32m"fixed inset-0 z-50 bg-black/50 data-[state=open]:animate-in 
data-[state=closed]:animate-out data-[state=closed]:fade-out-0 data-[state=open]:fade-in-0"[39m
          [33mdata-aria-hidden[39m=[32m"true"[39m
          [33mdata-state[39m=[32m"open"[39m
          [33mstyle[39m=[32m"pointer-events: auto;"[39m
        [36m/>[39m
        [36m<div[39m
          [33maria-describedby[39m=[32m"radix-┬½ro┬╗"[39m
          [33maria-labelledby[39m=[32m"radix-┬½rn┬╗"[39m
          [33mclass[39m=[32m"fixed left-[50%] top-[50%] z-50 grid w-full translate-x-[-50%] 
translate-y-[-50%] gap-4 border bg-background p-6 shadow-lg duration-200 data-[state=open]:animate-in 
data-[state=closed]:animate-out data-[state=closed]:fade-out-0 data-[state=open]:fade-in-0 
data-[state=closed]:zoom-out-95 data-[state=open]:zoom-in-95 data-[state=closed]:slide-out-to-left-1/2 
data-[state=closed]:slide-out-to-top-[48%] data-[state=open]:slide-in-from-left-1/2 
data-[state=open]:slide-in-from-top-[48%] sm:rounded-lg max-w-2xl max-h-[90vh] overflow-y-auto"[39m
          [33mdata-state[39m=[32m"open"[39m
          [33mid[39m=[32m"radix-┬½rm┬╗"[39m
          [33mrole[39m=[32m"dialog"[39m
          [33mstyle[39m=[32m"pointer-events: auto;"[39m
          [33mtabindex[39m=[32m"-1"[39m
        [36m>[39m
          [36m<div[39m
            [33mclass[39m=[32m"flex flex-col space-y-1.5 text-center sm:text-left"[39m
          [36m>[39m
            [36m<h2[39m
              [33mclass[39m=[32m"text-lg font-semibold leading-none tracking-tight flex items-center 
gap-2"[39m
              [33mid[39m=[32m"radix-┬½rn┬╗"[39m
            [36m>[39m
              [36m<svg[39m
                [33maria-hidden[39m=[32m"true"[39m
                [33mclass[39m=[32m"lucide lucide-plus h-5 w-5"[39m
                [33mfill[39m=[32m"none"[39m
                [33mheight[39m=[32m"24"[39m
                [33mstroke[39m=[32m"currentColor"[39m
                [33mstroke-linecap[39m=[32m"round"[39m
                [33mstroke-linejoin[39m=[32m"round"[39m
                [33mstroke-width[39m=[32m"2"[39m
                [33mviewBox[39m=[32m"0 0 24 24"[39m
                [33mwidth[39m=[32m"24"[39m
                [33mxmlns[39m=[32m"http://www.w3.org/2000/svg"[39m
              [36m>[39m
                [36m<path[39m
                  [33md[39m=[32m"M5 12h14"[39m
                [36m/>[39m
                [36m<path[39m
                  [33md[39m=[32m"M12 5v14"[39m
                [36m/>[39m
              [36m</svg>[39m
              [0mAdd New Goal[0m
            [36m</h2>[39m
            [36m<p[39m
              [33mclass[39m=[32m"text-sm text-muted-foreground"[39m
              [33mid[39m=[32m"radix-┬½ro┬╗"[39m
            [36m>[39m
              [0mChoose a goal type and set your target to start tracking your progress[0m
            [36m</p>[39m
          [36m</div>[39m
          [36m<div[39m
            [33mclass[39m=[32m"space-y-6"[39m
          [36m>[39m
            [36m<div[39m
              [33mclass[39m=[32m"space-y-4"[39m
            [36m>[39m
              [36m<h3[39m
                [33mclass[39m=[32m"text-lg font-semibold"[39m
              [36m>[39m
                [0mChoose Your Goal Type[0m
              [36m</h3>[39m
              [36m<div[39m
                [33mclass[39m=[32m"grid gap-4 md:grid-cols-2"[39m
              [36m>[39m
                [36m<div[39m
                  [33mclass[39m=[32m"rounded-lg border bg-card text-card-foreground shadow-sm 
cursor-pointer transition-all hover:shadow-md hover:ring-2 hover:ring-primary/50"[39m
                [36m>[39m
                  [36m<div[39m
                    [33mclass[39m=[32m"flex flex-col space-y-1.5 p-6 pb-3"[39m
                  [36m>[39m
                    [36m<div[39m
                      [33mclass[39m=[32m"flex items-start justify-between"[39m
                    [36m>[39m
                      [36m<div>[39m
                        [36m<h3[39m
                          [33mclass[39m=[32m"font-semibold tracking-tight text-base"[39m
                        [36m>[39m
                          [0mWeekly Distance[0m
                        [36m</h3>[39m
                        [36m<p[39m
                          [33mclass[39m=[32m"text-muted-foreground mt-1 text-sm"[39m
                        [36m>[39m
                          [0mRun a certain distance per week[0m
                        [36m</p>[39m
                      [36m</div>[39m
                      [36m<div[39m
                        [33mclass[39m=[32m"inline-flex items-center rounded-full border px-2.5 py-0.5 
text-xs font-semibold transition-colors focus:outline-none focus:ring-2 focus:ring-ring 
focus:ring-offset-2 border-transparent bg-primary text-primary-foreground hover:bg-primary/80"[39m
                      [36m>[39m
                        [0mdistance[0m
                      [36m</div>[39m
                    [36m</div>[39m
                  [36m</div>[39m
                [36m</div>[39m
                [36m<div[39m
                  [33mclass[39m=[32m"rounded-lg border bg-card text-card-foreground shadow-sm 
cursor-pointer transition-all hover:shadow-md hover:ring-2 hover:ring-primary/50"[39m
                [36m>[39m
                  [36m<div[39m
                    [33mclass[39m=[32m"flex flex-col space-y-1.5 p-6 pb-3"[39m
                  [36m>[39m
                    [36m<div[39m
                      [33mclass[39m=[32m"flex items-start justify-between"[39m
                    [36m>[39m
                      [36m<div>[39m
                        [36m<h3[39m
                          [33mclass[39m=[32m"font-semibold tracking-tight text-base"[39m
                        [36m>[39m
                          [0mRace Preparation[0m
                        [36m</h3>[39m
                        [36m<p[39m
                          [33mclass[39m=[32m"text-muted-foreground mt-1 text-sm"[39m
                        [36m>[39m
                          [0mPrepare for an upcoming race[0m
                        [36m</p>[39m
                      [36m</div>[39m
                      [36m<div[39m
                        [33mclass[39m=[32m"inline-flex items-center rounded-full border px-2.5 py-0.5 
text-xs font-semibold transition-colors focus:outline-none focus:ring-2 focus:ring-ring 
focus:ring-offset-2 border-transparent bg-secondary text-secondary-foreground hover:bg-secondary/80"[39m
                      [36m>[39m
                        [0mevent[0m
                      [36m</div>[39m
                    [36m</div>[39m
                  [36m</div>[39m
                [36m</div>[39m
              [36m</div>[39m
            [36m</div>[39m
          [36m</div>[39m
          [36m<button[39m
            [33mclass[39m=[32m"absolute right-4 top-4 rounded-sm opacity-70 ring-offset-background 
transition-opacity hover:opacity-100 focus:outline-none focus:ring-2 focus:ring-ring focus:ring-offset-2 
disabled:pointer-events-none data-[state=open]:bg-accent data-[state=open]:text-muted-foreground"[39m
            [33mtype[39m=[32m"button"[39m
          [36m>[39m
            [36m<svg[39m
              [33maria-hidden[39m=[32m"true"[39m
              [33mclass[39m=[32m"lucide lucide-x h-4 w-4"[39m
              [33mfill[39m=[32m"none"[39m
              [33mheight[39m=[32m"24"[39m
              [33mstroke[39m=[32m"currentColor"[39m
              [33mstroke-linecap[39m=[32m"round"[39m
              [33mstroke-linejoin[39m=[32m"round"[39m
              [33mstroke-width[39m=[32m"2"[39m
              [33mviewBox[39m=[32m"0 0 24 24"[39m
              [33mwidth[39m=[32m"24"[39m
              [33mxmlns[39m=[32m"http://www.w3.org/2000/svg"[39m
            [36m>[39m
              [36m<path[39m
                [33md[39m=[32m"M18 6 6 18"[39m
              [36m/>[39m
              [36m<path[39m
                [33md[39m=[32m"m6 6 12 12"[39m
              [36m/>[39m
            [36m</svg>[39m
            [36m<span[39m
              [33mclass[39m=[32m"sr-only"[39m
            [36m>[39m
              [0mClose[0m
            [36m</span>[39m
          [36m</button>[39m
        [36m</div>[39m
        [36m<span[39m
          [33maria-hidden[39m=[32m"true"[39m
          [33mdata-aria-hidden[39m=[32m"true"[39m
          [33mdata-radix-focus-guard[39m=[32m""[39m
          [33mstyle[39m=[32m"outline: none; opacity: 0; position: fixed; pointer-events: none;"[39m
          [33mtabindex[39m=[32m"0"[39m
        [36m/>[39m
      [36m</body>[39m
    [36m</html>[39m

    [0m [90m 269 |[39m
     [90m 270 |[39m     [36mawait[39m waitFor(() [33m=>[39m {
    [31m[1m>[22m[39m[90m 271 |[39m       expect(mockMutateAsync)[33m.[39mtoHaveBeenCalledWith({
     [90m     |[39m                               [31m[1m^[22m[39m
     [90m 272 |[39m         goal_type_id[33m:[39m [32m'type1'[39m[33m,[39m
     [90m 273 |[39m         target_value[33m:[39m [35m50[39m[33m,[39m
     [90m 274 |[39m         target_unit[33m:[39m [32m'km'[39m[33m,[39m[0m

      at toHaveBeenCalledWith (__tests__/components/goals/GoalsPage.test.tsx:271:31)
      at runWithExpensiveErrorDiagnosticsDisabled (node_modules/@testing-library/dom/dist/config.js:47:12)
      at checkCallback (node_modules/@testing-library/dom/dist/wait-for.js:124:77)
      at checkRealTimersCallback (node_modules/@testing-library/dom/dist/wait-for.js:118:16)
      at Timeout.task [as _onTimeout] (node_modules/jsdom/lib/jsdom/browser/Window.js:579:19)

FAIL __tests__/components/dashboard/DashboardGoalSelector.test.tsx
  ΓùÅ DashboardGoalSelector ΓÇ║ renders correctly when open

    TestingLibraryElementError: Unable to find an element with the text: Select up to 3 goals to track as 
key metrics on your dashboard. This could be because the text is broken up by multiple elements. In this 
case, you can provide a function for your text matcher to make your matcher more flexible.

    Ignored nodes: comments, script, style
    [36m<body[39m
      [33mdata-scroll-locked[39m=[32m"1"[39m
      [33mstyle[39m=[32m"pointer-events: none;"[39m
    [36m>[39m
      [36m<span[39m
        [33maria-hidden[39m=[32m"true"[39m
        [33mdata-aria-hidden[39m=[32m"true"[39m
        [33mdata-radix-focus-guard[39m=[32m""[39m
        [33mstyle[39m=[32m"outline: none; opacity: 0; position: fixed; pointer-events: none;"[39m
        [33mtabindex[39m=[32m"0"[39m
      [36m/>[39m
      [36m<div[39m
        [33maria-hidden[39m=[32m"true"[39m
        [33mdata-aria-hidden[39m=[32m"true"[39m
      [36m/>[39m
      [36m<div[39m
        [33maria-hidden[39m=[32m"true"[39m
        [33mclass[39m=[32m"fixed inset-0 z-50 bg-black/50 data-[state=open]:animate-in 
data-[state=closed]:animate-out data-[state=closed]:fade-out-0 data-[state=open]:fade-in-0"[39m
        [33mdata-aria-hidden[39m=[32m"true"[39m
        [33mdata-state[39m=[32m"open"[39m
        [33mstyle[39m=[32m"pointer-events: auto;"[39m
      [36m/>[39m
      [36m<div[39m
        [33maria-describedby[39m=[32m"radix-┬½r2┬╗"[39m
        [33maria-labelledby[39m=[32m"radix-┬½r1┬╗"[39m
        [33mclass[39m=[32m"fixed left-[50%] top-[50%] z-50 grid w-full translate-x-[-50%] 
translate-y-[-50%] gap-4 border bg-background p-6 shadow-lg duration-200 data-[state=open]:animate-in 
data-[state=closed]:animate-out data-[state=closed]:fade-out-0 data-[state=open]:fade-in-0 
data-[state=closed]:zoom-out-95 data-[state=open]:zoom-in-95 data-[state=closed]:slide-out-to-left-1/2 
data-[state=closed]:slide-out-to-top-[48%] data-[state=open]:slide-in-from-left-1/2 
data-[state=open]:slide-in-from-top-[48%] sm:rounded-lg max-w-2xl max-h-[90vh] overflow-y-auto"[39m
        [33mdata-state[39m=[32m"open"[39m
        [33mid[39m=[32m"radix-┬½r0┬╗"[39m
        [33mrole[39m=[32m"dialog"[39m
        [33mstyle[39m=[32m"pointer-events: auto;"[39m
        [33mtabindex[39m=[32m"-1"[39m
      [36m>[39m
        [36m<div[39m
          [33mclass[39m=[32m"flex flex-col space-y-1.5 text-center sm:text-left"[39m
        [36m>[39m
          [36m<h2[39m
            [33mclass[39m=[32m"text-lg font-semibold leading-none tracking-tight flex items-center 
gap-2"[39m
            [33mid[39m=[32m"radix-┬½r1┬╗"[39m
          [36m>[39m
            [36m<svg[39m
              [33maria-hidden[39m=[32m"true"[39m
              [33mclass[39m=[32m"lucide lucide-target h-5 w-5"[39m
              [33mfill[39m=[32m"none"[39m
              [33mheight[39m=[32m"24"[39m
              [33mstroke[39m=[32m"currentColor"[39m
              [33mstroke-linecap[39m=[32m"round"[39m
              [33mstroke-linejoin[39m=[32m"round"[39m
              [33mstroke-width[39m=[32m"2"[39m
              [33mviewBox[39m=[32m"0 0 24 24"[39m
              [33mwidth[39m=[32m"24"[39m
              [33mxmlns[39m=[32m"http://www.w3.org/2000/svg"[39m
            [36m>[39m
              [36m<circle[39m
                [33mcx[39m=[32m"12"[39m
                [33mcy[39m=[32m"12"[39m
                [33mr[39m=[32m"10"[39m
              [36m/>[39m
              [36m<circle[39m
                [33mcx[39m=[32m"12"[39m
                [33mcy[39m=[32m"12"[39m
                [33mr[39m=[32m"6"[39m
              [36m/>[39m
              [36m<circle[39m
                [33mcx[39m=[32m"12"[39m
                [33mcy[39m=[32m"12"[39m
                [33mr[39m=[32m"2"[39m
              [36m/>[39m
            [36m</svg>[39m
            [0mChoose Dashboard Goals[0m
          [36m</h2>[39m
          [36m<p[39m
            [33mclass[39m=[32m"text-sm text-muted-foreground"[39m
            [33mid[39m=[32m"radix-┬½r2┬╗"[39m
          [36m>[39m
            [0mSelect up to 3 goals to track as key metrics on your dashboard. These will help you stay 
focused on your most important objectives.[0m
          [36m</p>[39m
        [36m</div>[39m
        [36m<div[39m
          [33mclass[39m=[32m"space-y-6"[39m
        [36m>[39m
          [36m<div[39m
            [33mclass[39m=[32m"bg-blue-50 border border-blue-200 rounded-lg p-4"[39m
          [36m>[39m
            [36m<div[39m
              [33mclass[39m=[32m"flex items-center justify-between"[39m
            [36m>[39m
              [36m<div>[39m
                [36m<h4[39m
                  [33mclass[39m=[32m"font-medium text-blue-900"[39m
                [36m>[39m
                  [0mDashboard Goals[0m
                [36m</h4>[39m
                [36m<p[39m
                  [33mclass[39m=[32m"text-sm text-blue-700"[39m
                [36m>[39m
                  [0m1[0m
                  [0m/3 goals selected for your dashboard[0m
                [36m</p>[39m
              [36m</div>[39m
              [36m<div[39m
                [33mclass[39m=[32m"flex -space-x-1"[39m
              [36m>[39m
                [36m<div[39m
                  [33mclass[39m=[32m"w-8 h-8 rounded-full border-2 border-white flex items-center 
justify-center text-xs font-medium bg-blue-600 text-white"[39m
                [36m>[39m
                  [36m<svg[39m
                    [33maria-hidden[39m=[32m"true"[39m
                    [33mclass[39m=[32m"lucide lucide-check h-4 w-4"[39m
                    [33mfill[39m=[32m"none"[39m
                    [33mheight[39m=[32m"24"[39m
                    [33mstroke[39m=[32m"currentColor"[39m
                    [33mstroke-linecap[39m=[32m"round"[39m
                    [33mstroke-linejoin[39m=[32m"round"[39m
                    [33mstroke-width[39m=[32m"2"[39m
                    [33mviewBox[39m=[32m"0 0 24 24"[39m
                    [33mwidth[39m=[32m"24"[39m
                    [33mxmlns[39m=[32m"http://www.w3.org/2000/svg"[39m
                  [36m>[39m
                    [36m<path[39m
                      [33md[39m=[32m"M20 6 9 17l-5-5"[39m
                    [36m/>[39m
                  [36m</svg>[39m
                [36m</div>[39m
                [36m<div[39m
                  [33mclass[39m=[32m"w-8 h-8 rounded-full border-2 border-white flex items-center 
justify-center text-xs font-medium bg-gray-200 text-gray-500"[39m
                [36m>[39m
                  [0m2[0m
                [36m</div>[39m
                [36m<div[39m
                  [33mclass[39m=[32m"w-8 h-8 rounded-full border-2 border-white flex items-center 
justify-center text-xs font-medium bg-gray-200 text-gray-500"[39m
                [36m>[39m
                  [0m3[0m
                [36m</div>[39m
              [36m</div>[39m
            [36m</div>[39m
          [36m</div>[39m
          [36m<div[39m
            [33mclass[39m=[32m"space-y-4"[39m
          [36m>[39m
            [36m<h3[39m
              [33mclass[39m=[32m"text-lg font-semibold"[39m
            [36m>[39m
              [0mYour Active Goals[0m
            [36m</h3>[39m
            [36m<div[39m
              [33mclass[39m=[32m"grid gap-4"[39m
            [36m>[39m
              [36m<div[39m
                [33mclass[39m=[32m"rounded-lg border bg-card text-card-foreground shadow-sm 
cursor-pointer transition-all hover:shadow-md hover:ring-1 hover:ring-primary/30"[39m
              [36m>[39m
                [36m<div[39m
                  [33mclass[39m=[32m"flex flex-col space-y-1.5 p-6 pb-3"[39m
                [36m>[39m
                  [...

    [0m [90m 168 |[39m
     [90m 169 |[39m     expect(screen[33m.[39mgetByText([32m'Choose Dashboard 
Goals'[39m))[33m.[39mtoBeInTheDocument()[33m;[39m
    [31m[1m>[22m[39m[90m 170 |[39m     expect(screen[33m.[39mgetByText([32m'Select up to 3 goals 
to track as key metrics on your dashboard'[39m))[33m.[39mtoBeInTheDocument()[33m;[39m
     [90m     |[39m                   [31m[1m^[22m[39m
     [90m 171 |[39m   })[33m;[39m
     [90m 172 |[39m
     [90m 173 |[39m   it([32m'shows loading state'[39m[33m,[39m () [33m=>[39m {[0m

      at Object.getElementError (node_modules/@testing-library/dom/dist/config.js:37:19)
      at node_modules/@testing-library/dom/dist/query-helpers.js:76:38
      at node_modules/@testing-library/dom/dist/query-helpers.js:52:17
      at node_modules/@testing-library/dom/dist/query-helpers.js:95:19
      at Object.getByText (__tests__/components/dashboard/DashboardGoalSelector.test.tsx:170:19)

  ΓùÅ DashboardGoalSelector ΓÇ║ handles errors gracefully

    Unable to find an element with the text: Failed to update dashboard goals. This could be because the 
text is broken up by multiple elements. In this case, you can provide a function for your text matcher to 
make your matcher more flexible.

    Ignored nodes: comments, script, style
    [36m<body[39m
      [33mdata-scroll-locked[39m=[32m"1"[39m
      [33mstyle[39m=[32m"pointer-events: none;"[39m
    [36m>[39m
      [36m<span[39m
        [33maria-hidden[39m=[32m"true"[39m
        [33mdata-aria-hidden[39m=[32m"true"[39m
        [33mdata-radix-focus-guard[39m=[32m""[39m
        [33mstyle[39m=[32m"outline: none; opacity: 0; position: fixed; pointer-events: none;"[39m
        [33mtabindex[39m=[32m"0"[39m
      [36m/>[39m
      [36m<div[39m
        [33maria-hidden[39m=[32m"true"[39m
        [33mdata-aria-hidden[39m=[32m"true"[39m
      [36m/>[39m
      [36m<div[39m
        [33maria-hidden[39m=[32m"true"[39m
        [33mclass[39m=[32m"fixed inset-0 z-50 bg-black/50 data-[state=open]:animate-in 
data-[state=closed]:animate-out data-[state=closed]:fade-out-0 data-[state=open]:fade-in-0"[39m
        [33mdata-aria-hidden[39m=[32m"true"[39m
        [33mdata-state[39m=[32m"open"[39m
        [33mstyle[39m=[32m"pointer-events: auto;"[39m
      [36m/>[39m
      [36m<div[39m
        [33maria-describedby[39m=[32m"radix-┬½r1f┬╗"[39m
        [33maria-labelledby[39m=[32m"radix-┬½r1e┬╗"[39m
        [33mclass[39m=[32m"fixed left-[50%] top-[50%] z-50 grid w-full translate-x-[-50%] 
translate-y-[-50%] gap-4 border bg-background p-6 shadow-lg duration-200 data-[state=open]:animate-in 
data-[state=closed]:animate-out data-[state=closed]:fade-out-0 data-[state=open]:fade-in-0 
data-[state=closed]:zoom-out-95 data-[state=open]:zoom-in-95 data-[state=closed]:slide-out-to-left-1/2 
data-[state=closed]:slide-out-to-top-[48%] data-[state=open]:slide-in-from-left-1/2 
data-[state=open]:slide-in-from-top-[48%] sm:rounded-lg max-w-2xl max-h-[90vh] overflow-y-auto"[39m
        [33mdata-state[39m=[32m"open"[39m
        [33mid[39m=[32m"radix-┬½r1d┬╗"[39m
        [33mrole[39m=[32m"dialog"[39m
        [33mstyle[39m=[32m"pointer-events: auto;"[39m
        [33mtabindex[39m=[32m"-1"[39m
      [36m>[39m
        [36m<div[39m
          [33mclass[39m=[32m"flex flex-col space-y-1.5 text-center sm:text-left"[39m
        [36m>[39m
          [36m<h2[39m
            [33mclass[39m=[32m"text-lg font-semibold leading-none tracking-tight flex items-center 
gap-2"[39m
            [33mid[39m=[32m"radix-┬½r1e┬╗"[39m
          [36m>[39m
            [36m<svg[39m
              [33maria-hidden[39m=[32m"true"[39m
              [33mclass[39m=[32m"lucide lucide-target h-5 w-5"[39m
              [33mfill[39m=[32m"none"[39m
              [33mheight[39m=[32m"24"[39m
              [33mstroke[39m=[32m"currentColor"[39m
              [33mstroke-linecap[39m=[32m"round"[39m
              [33mstroke-linejoin[39m=[32m"round"[39m
              [33mstroke-width[39m=[32m"2"[39m
              [33mviewBox[39m=[32m"0 0 24 24"[39m
              [33mwidth[39m=[32m"24"[39m
              [33mxmlns[39m=[32m"http://www.w3.org/2000/svg"[39m
            [36m>[39m
              [36m<circle[39m
                [33mcx[39m=[32m"12"[39m
                [33mcy[39m=[32m"12"[39m
                [33mr[39m=[32m"10"[39m
              [36m/>[39m
              [36m<circle[39m
                [33mcx[39m=[32m"12"[39m
                [33mcy[39m=[32m"12"[39m
                [33mr[39m=[32m"6"[39m
              [36m/>[39m
              [36m<circle[39m
                [33mcx[39m=[32m"12"[39m
                [33mcy[39m=[32m"12"[39m
                [33mr[39m=[32m"2"[39m
              [36m/>[39m
            [36m</svg>[39m
            [0mChoose Dashboard Goals[0m
          [36m</h2>[39m
          [36m<p[39m
            [33mclass[39m=[32m"text-sm text-muted-foreground"[39m
            [33mid[39m=[32m"radix-┬½r1f┬╗"[39m
          [36m>[39m
            [0mSelect up to 3 goals to track as key metrics on your dashboard. These will help you stay 
focused on your most important objectives.[0m
          [36m</p>[39m
        [36m</div>[39m
        [36m<div[39m
          [33mclass[39m=[32m"space-y-6"[39m
        [36m>[39m
          [36m<div[39m
            [33mclass[39m=[32m"relative w-full rounded-lg border p-4 [&>svg~*]:pl-7 
[&>svg+div]:translate-y-[-3px] [&>svg]:absolute [&>svg]:left-4 [&>svg]:top-4 [&>svg]:text-foreground 
bg-background text-foreground"[39m
            [33mrole[39m=[32m"alert"[39m
          [36m>[39m
            [36m<div[39m
              [33mclass[39m=[32m"text-sm [&_p]:leading-relaxed"[39m
            [36m>[39m
              [0mFailed to update[0m
            [36m</div>[39m
          [36m</div>[39m
          [36m<div[39m
            [33mclass[39m=[32m"bg-blue-50 border border-blue-200 rounded-lg p-4"[39m
          [36m>[39m
            [36m<div[39m
              [33mclass[39m=[32m"flex items-center justify-between"[39m
            [36m>[39m
              [36m<div>[39m
                [36m<h4[39m
                  [33mclass[39m=[32m"font-medium text-blue-900"[39m
                [36m>[39m
                  [0mDashboard Goals[0m
                [36m</h4>[39m
                [36m<p[39m
                  [33mclass[39m=[32m"text-sm text-blue-700"[39m
                [36m>[39m
                  [0m2[0m
                  [0m/3 goals selected for your dashboard[0m
                [36m</p>[39m
              [36m</div>[39m
              [36m<div[39m
                [33mclass[39m=[32m"flex -space-x-1"[39m
              [36m>[39m
                [36m<div[39m
                  [33mclass[39m=[32m"w-8 h-8 rounded-full border-2 border-white flex items-center 
justify-center text-xs font-medium bg-blue-600 text-white"[39m
                [36m>[39m
                  [36m<svg[39m
                    [33maria-hidden[39m=[32m"true"[39m
                    [33mclass[39m=[32m"lucide lucide-check h-4 w-4"[39m
                    [33mfill[39m=[32m"none"[39m
                    [33mheight[39m=[32m"24"[39m
                    [33mstroke[39m=[32m"currentColor"[39m
                    [33mstroke-linecap[39m=[32m"round"[39m
                    [33mstroke-linejoin[39m=[32m"round"[39m
                    [33mstroke-width[39m=[32m"2"[39m
                    [33mviewBox[39m=[32m"0 0 24 24"[39m
                    [33mwidth[39m=[32m"24"[39m
                    [33mxmlns[39m=[32m"http://www.w3.org/2000/svg"[39m
                  [36m>[39m
                    [36m<path[39m
                      [33md[39m=[32m"M20 6 9 17l-5-5"[39m
                    [36m/>[39m
                  [36m</svg>[39m
                [36m</div>[39m
                [36m<div[39m
                  [33mclass[39m=[32m"w-8 h-8 rounded-full border-2 border-white flex items-center 
justify-center text-xs font-medium bg-blue-600 text-white"[39m
                [36m>[39m
                  [36m<svg[39m
                    [33maria-hidden[39m=[32m"true"[39m
                    [33mclass[39m=[32m"lucide lucide-check h-4 w-4"[39m
                    [33mfill[39m=[32m"none"[39m
                    [33mheight[39m=[32m"24"[39m
                    [33mstroke[39m=[32m"currentColor"[39m
                    [33mstroke-linecap[39m=[32m"round"[39m
                    [33mstroke-linejoin[39m=[32m"round"[39m
                    [33mstroke-width[39m=[32m"2"[39m
                    [33mviewBox[39m=[32m"0 0 24 24"[39m
                    [33mwidth[39m=[32m"24"[39m
                    [33mxm...

    [0m [90m 377 |[39m     fireEvent[33m.[39mclick(saveButton)[33m;[39m
     [90m 378 |[39m
    [31m[1m>[22m[39m[90m 379 |[39m     [36mawait[39m waitFor(() [33m=>[39m {
     [90m     |[39m                  [31m[1m^[22m[39m
     [90m 380 |[39m       expect(screen[33m.[39mgetByText([32m'Failed to update dashboard 
goals'[39m))[33m.[39mtoBeInTheDocument()[33m;[39m
     [90m 381 |[39m     })[33m;[39m
     [90m 382 |[39m   })[33m;[39m[0m

      at waitForWrapper (node_modules/@testing-library/dom/dist/wait-for.js:163:27)
      at Object.<anonymous> (__tests__/components/dashboard/DashboardGoalSelector.test.tsx:379:18)

FAIL __tests__/training/zone-analysis.test.ts
  ΓùÅ Test suite failed to run

    Jest worker encountered 4 child process exceptions, exceeding retry limit

      at ChildProcessWorker.initialize 
(node_modules/jest-worker/build/workers/ChildProcessWorker.js:181:21)


Test Suites: 13 failed, 17 passed, 30 total
Tests:       24 failed, 199 passed, 223 total
Snapshots:   0 total
Time:        11.947 s
Ran all test suites.
